C_ASK_INTERACTIVE = 43523
C_BIND_ITEM_BEGIN_PROGRESS = 40012
C_BIND_ITEM_EXECUTE = 39634
C_BLOCK_USER = 46544
C_CANCEL_CHANGE_USER_APPEARANCE = 37306
C_CANCEL_CONTRACT = 45246
C_CANCEL_SKILL = 43840
C_CAN_LOCKON_TARGET = 59874
C_CHANGE_PARTY_MANAGER = 55196
C_CHANGE_PARTY_MEMBER_AUTHORITY = 34832
C_CHAT = 43273
C_CHECK_VERSION = 19900
C_COMMIT_CHANGE_USER_APPEARANCE = 62119
C_CREST_APPLY = 44134
C_CREST_APPLY_LIST = 27216
C_DELETE_FRIEND = 61665
C_DIALOG = 60258
C_END_MOVIE = 41939
C_GACHA_TRY = 43825
C_GET_USER_LIST = 63870
C_INVITE_USER_TO_GUILD = 21218
C_LEAVE_PRIVATE_CHANNEL = 45103
C_LOAD_TOPO_FIN = 60713
C_LOGIN_ARBITER = 49576
C_NOTIFY_LOCATION_IN_ACTION = 39490
C_NOTIFY_LOCATION_IN_DASH = 49883
C_NOTIMELINE_SKILL = 23110
C_NPC_CONTACT = 28576
C_PARTY_APPLICATION_DENIED = 52069
C_PCBANGINVENTORY_USE_SLOT = 30104
C_PLAYER_LOCATION = 23101
C_PRESS_SKILL = 46834
C_REGISTER_ENCHANT_ITEM = 57205
C_REGISTER_UPGRADE_ITEM = 63152
C_REMOVE_BLOCKED_USER = 45019
C_REPLY_THROUGH_ARBITER_CONTRACT = 45351
C_REQUEST_CONTRACT = 54471
C_REQUEST_ENCHANT = 40930
C_REQUEST_GAMESTAT_PING = 44465
C_REQUEST_NONDB_ITEM_INFO = 55194
C_REQUEST_PARTY_INFO = 53119
C_REQUEST_PRIVATE_CHANNEL_INFO = 39579
C_REQUEST_UPGRADE = 53954
C_REQUEST_USER_PAPERDOLL_INFO = 21146
C_RESET_ALL_DUNGEON = 32096
C_RETURN_TO_LOBBY = 44492
C_REVIVE_NOW = 41951
C_SAVE_CLIENT_ACCOUNT_SETTING = 39991
C_SAVE_CLIENT_USER_SETTING = 33248
C_SELECT_USER = 56983
C_SHOW_INVEN = 42217
C_SHOW_ITEM_TOOLTIP_EX = 50452
C_SOCIAL = 61032
C_START_COMBO_INSTANT_SKILL = 43185
C_START_ENCHANT = 36561
C_START_INSTANCE_SKILL = 43899
C_START_INSTANCE_SKILL_EX = 40054
C_START_PRODUCE = 28091
C_START_SKILL = 26182
C_START_TARGETED_SKILL = 59660
C_START_UPGRADE = 25566
C_TRADE_BROKER_BUY_IT_NOW = 59417
C_TRADE_BROKER_DEAL_CONFIRM = 63869
C_TRADE_BROKER_REJECT_SUGGEST = 26151
C_TRADE_BROKER_SUGGEST_DEAL = 33967
C_TRADE_BROKER_WAITING_ITEM_LIST_NEW = 34680
C_TRADE_BROKER_WAITING_ITEM_LIST_PAGE = 38409
C_UNREGISTER_ENCHANT_ITEM = 26606
C_UNREGISTER_UPGRADE_ITEM = 64167
C_USE_ITEM = 31354
C_VISIT_NEW_SECTION = 32276
C_WHISPER = 39933
S_ABNORMALITY_BEGIN = 62045
S_ABNORMALITY_DAMAGE_ABSORB = 32661
S_ABNORMALITY_END = 36945
S_ABNORMALITY_FAIL = 30930
S_ABNORMALITY_REFRESH = 35085
S_ACCEPT_CONTRACT = 39003
S_ACCOMPLISH_ACHIEVEMENT = 38600
S_ACCOUNT_PACKAGE_LIST = 46188
S_ACTION_END = 54446
S_ACTION_STAGE = 21746
S_ADMIN_HOLD_CHARACTER = 28129
S_AERO = 59325
S_ANSWER_INTERACTIVE = 42468
S_AVAILABLE_EVENT_MATCHING_LIST = 35831
S_BAN_PARTY = 46727
S_BAN_PARTY_MEMBER = 64343
S_BATTLE_FIELD_ENTRANCE_INFO = 46561
S_BATTLE_FIELD_POINT_STORE_SELL_LIST = 40829
S_BEGIN_THROUGH_ARBITER_CONTRACT = 37653
S_BOSS_GAGE_INFO = 25774
S_CANCEL_CONTRACT = 40423
S_CANNOT_START_SKILL = 61437
S_CAN_LOCKON_TARGET = 34803
S_CHANGE_DESTPOS_PROJECTILE = 34264
S_CHANGE_PARTY_MANAGER = 48872
S_CHANGE_VOICE_USE_QAC = 27908
S_CHAT = 24912
S_CHECK_TO_READY_PARTY = 49685
S_CHECK_TO_READY_PARTY_FIN = 46653
S_CLEAR_ALL_HOLDED_ABNORMALITY = 48068
S_COLLECTION_PICKEND = 27811
S_CREATURE_CHANGE_HP = 40069
S_CREATURE_LIFE = 32653
S_CREATURE_ROTATE = 33494
S_CREST_APPLY = 30919
S_CREST_INFO = 50307
S_CREST_MESSAGE = 45250
S_DEAD_LOCATION = 56421
S_DECREASE_COOLTIME_SKILL = 22333
S_DEFEND_SUCCESS = 54643
S_DESPAWN_COLLECTION = 59520
S_DESPAWN_NPC = 47366
S_DESPAWN_USER = 46516
S_DIALOG = 49688
S_DUNGEON_COOL_TIME_LIST = 49630
S_DUNGEON_EVENT_MESSAGE = 50525
S_EACH_SKILL_RESULT = 61448
S_ENABLE_DISABLE_SELLABLE_ITEM_LIST = 49323
S_END_CHANGE_USER_APPEARANCE = 45976
S_EXIT = 41431
S_FEARMOVE_END = 45708
S_FEARMOVE_STAGE = 41964
S_FIN_INTER_PARTY_MATCH = 40706
S_FONT_SWAP_INFO = 43148
S_FRIEND_LIST = 32441
S_GACHA_END = 22768
S_GACHA_START = 49139
S_GET_USER_GUILD_LOGO = 61480
S_GET_USER_LIST = 52976
S_GRANT_SKILL = 49946
S_GUILD_NAME = 26158
S_GUILD_STORE_SELL_LIST = 46548
S_GUILD_TOWER_INFO = 41866
S_HOLD_ABNORMALITY_ADD = 26609
S_IMAGE_DATA = 54073
S_INSTANT_DASH = 44427
S_INSTANT_MOVE = 63640
S_INVEN = 41716
S_INVEN_CHANGEDSLOT = 64579
S_ITEM_CUSTOM_STRING = 28555
S_JOIN_PRIVATE_CHANNEL = 32816
S_LEAVE_PARTY = 45645
S_LEAVE_PARTY_MEMBER = 29969
S_LEAVE_PRIVATE_CHANNEL = 38917
S_LOADING_SCREEN_CONTROL_INFO = 54878
S_LOAD_CLIENT_ACCOUNT_SETTING = 39647
S_LOAD_CLIENT_USER_SETTING = 28057
S_LOAD_TOPO = 54278
S_LOGIN = 54284
S_LOGOUT_PARTY_MEMBER = 47762
S_MOUNT_VEHICLE = 30166
S_MOUNT_VEHICLE_EX = 61651
S_NOTIFY_TO_FRIENDS_WALK_INTO_SAME_AREA = 54104
S_NPC_LOCATION = 42066
S_NPC_MENU_SELECT = 37512
S_NPC_OCCUPIER_INFO = 40947
S_NPC_STATUS = 23677
S_NPC_TARGET_USER = 49449
S_OTHER_USER_APPLY_PARTY = 64094
S_PARTY_INFO = 29403
S_PARTY_MATCH_LINK = 45030
S_PARTY_MEMBER_ABNORMAL_ADD = 35581
S_PARTY_MEMBER_ABNORMAL_CLEAR = 42774
S_PARTY_MEMBER_ABNORMAL_DEL = 55583
S_PARTY_MEMBER_ABNORMAL_REFRESH = 36086
S_PARTY_MEMBER_BUFF_UPDATE = 60278
S_PARTY_MEMBER_CHANGE_HP = 57606
S_PARTY_MEMBER_CHANGE_MP = 54743
S_PARTY_MEMBER_INFO = 63165
S_PARTY_MEMBER_INTERVAL_POS_UPDATE = 35631
S_PARTY_MEMBER_LIST = 21575
S_PARTY_MEMBER_STAT_UPDATE = 64671
S_PCBANGINVENTORY_DATALIST = 37558
S_PLAYER_CHANGE_ALL_PROF = 50527
S_PLAYER_CHANGE_EXP = 64300
S_PLAYER_CHANGE_FLIGHT_ENERGY = 24068
S_PLAYER_CHANGE_MP = 31965
S_PLAYER_CHANGE_PROF = 62000
S_PLAYER_CHANGE_STAMINA = 25069
S_PLAYER_STAT_UPDATE = 43142
S_PLAY_MOVIE = 64836
S_POINT_STORE_SELL_LIST = 27992
S_PREPARE_RETURN_TO_LOBBY = 51873
S_PRIVATE_CHAT = 42872
S_PRODUCE_CRITICAL = 30198
S_QUEST_BALLOON = 46523
S_QUEST_INFO = 62928
S_REGISTER_ENCHANT_ITEM = 23042
S_REGISTER_UPGRADE_ITEM = 40848
S_REJECT_CONTRACT = 62471
S_REPLY_REQUEST_CONTRACT = 65249
S_REQUEST_CONTRACT = 31665
S_REQUEST_PRIVATE_CHANNEL_INFO = 25379
S_RESPONSE_GAMESTAT_PONG = 40394
S_RESULT_BIDDING_DICE_THROW = 25396
S_RESULT_ITEM_BIDDING = 28516
S_RETURN_TO_LOBBY = 28923
S_SHOW_HP = 28783
S_SHOW_PEGASUS_MAP = 50652
S_SKILL_LIST = 31538
S_SOCIAL = 44446
S_SPAWN_BONFIRE = 40266
S_SPAWN_COLLECTION = 65345
S_SPAWN_DOOR = 40804
S_SPAWN_DROPITEM = 37734
S_SPAWN_ME = 27938
S_SPAWN_NPC = 31036
S_SPAWN_PROJECTILE = 47585
S_SPAWN_SHUTTLE = 48693
S_SPAWN_USER = 55984
S_SPAWN_WORKOBJECT = 25057
S_START_CHANGE_USER_APPEARANCE = 58780
S_START_COOLTIME_ITEM = 37751
S_START_COOLTIME_SKILL = 21163
S_START_PRODUCE = 46025
S_START_USER_PROJECTILE = 33961
S_STORE_SELL_LIST = 59016
S_SYSTEM_MESSAGE = 55409
S_SYSTEM_MESSAGE_LOOT_ITEM = 28557
S_SYSTEM_MESSAGE_LOOT_SPECIAL_ITEM = 21188
S_TARGET_INFO = 43921
S_TELEPORT_TO_CAMP = 39849
S_TRADE_BROKER_DEAL_INFO_UPDATE = 52555
S_TRADE_BROKER_DEAL_SUGGESTED = 55813
S_TRADE_BROKER_REQUEST_DEAL_RESULT = 34589
S_TRADE_BROKER_SUGGEST_DEAL = 46407
S_TRADE_BROKER_WAITING_ITEM_LIST = 25372
S_UNICAST_TRANSFORM_DATA = 21491
S_UNMOUNT_VEHICLE = 32306
S_UNMOUNT_VEHICLE_EX = 44982
S_UPDATE_ACHIEVEMENT_PROGRESS = 41924
S_UPDATE_FRIEND_INFO = 28055
S_UPDATE_NPCGUILD = 48763
S_UPDATE_PRODUCE = 35866
S_USER_BLOCK_LIST = 34859
S_USER_EFFECT = 38682
S_USER_EXTERNAL_CHANGE = 61279
S_USER_LEVELUP = 46955
S_USER_LOCATION = 55769
S_USER_SITUATION = 56788
S_USER_STATUS = 40882
S_VISIT_NEW_SECTION = 47322
S_WEAK_POINT = 51908
S_WHISPER = 42684
