C_ADD_TELEPORT_TO_POS_LIST = 36955
C_ADMIN = 42990
C_APPLY_PARTY = 63089
C_ASK_INTERACTIVE = 63206
C_BAN_PARTY_MEMBER = 56462
C_BIND_ITEM_BEGIN_PROGRESS = 57189
C_BIND_ITEM_EXECUTE = 35489
C_BLOCK_USER = 58456
C_CANCEL_CHANGE_USER_APPEARANCE = 41726
C_CANCEL_CONTRACT = 59455
C_CANCEL_SKILL = 45511
C_CAN_LOCKON_TARGET = 49207
C_CHANGE_PARTY_MANAGER = 41983
C_CHANGE_PARTY_MEMBER_AUTHORITY = 41283
C_CHAT = 64165
C_CHECK_VERSION = 19900
C_COMMIT_CHANGE_USER_APPEARANCE = 30492
C_COMPLETE_DAILY_EVENT = 34858
C_COMPLETE_EXTRA_EVENT = 58526
C_CREST_APPLY = 31817
C_CREST_APPLY_LIST = 46478
C_DELETE_FRIEND = 24328
C_DELETE_PARCEL = 39300
C_DELETE_TELEPORT_TO_POS_LIST = 42497
C_DEL_ITEM = 35511
C_DIALOG = 36335
C_DISMISS_PARTY = 49127
C_END_MOVIE = 39418
C_GACHA_TRY = 29199
C_GET_USER_LIST = 53244
C_INVITE_USER_TO_GUILD = 63314
C_ITEM_COLORING_SET_COLOR = 31906
C_LEAVE_PARTY = 61635
C_LEAVE_PRIVATE_CHANNEL = 47022
C_LIST_PARCEL = 45782
C_LOAD_TOPO_FIN = 41362
C_LOGIN_ARBITER = 29736
C_MERGE_ITEM = 51697
C_NOTIFY_LOCATION_IN_ACTION = 64303
C_NOTIFY_LOCATION_IN_DASH = 25905
C_NOTIMELINE_SKILL = 20494
C_NPC_CONTACT = 23225
C_OP_COMMAND = 21932
C_PARTY_APPLICATION_DENIED = 51695
C_PARTY_MARKER = 25387
C_PARTY_MATCH_WINDOW_CLOSED = 28680
C_PCBANGINVENTORY_USE_SLOT = 52056
C_PLAYER_FLYING_LOCATION = 41514
C_PLAYER_LOCATION = 57508
C_PRESS_SKILL = 31452
C_RECV_PARCEL = 56795
C_REGISTER_ENCHANT_ITEM = 58616
C_REGISTER_PARTY_INFO = 34420
C_REGISTER_UPGRADE_ITEM = 31109
C_REMOVE_BLOCKED_USER = 55778
C_REPLY_THROUGH_ARBITER_CONTRACT = 55596
C_REQUEST_CANDIDATE_LIST = 42324
C_REQUEST_CONTRACT = 63593
C_REQUEST_ENCHANT = 22938
C_REQUEST_GAMESTAT_PING = 33903
C_REQUEST_NONDB_ITEM_INFO = 20303
C_REQUEST_PARTY_INFO = 40580
C_REQUEST_PARTY_MATCH_INFO = 48118
C_REQUEST_PARTY_MATCH_INFO_PAGE = 36062
C_REQUEST_PARTY_MATCH_LINK = 21816
C_REQUEST_PRIVATE_CHANNEL_INFO = 21102
C_REQUEST_UPGRADE = 41065
C_REQUEST_USER_PAPERDOLL_INFO = 39231
C_RESET_ALL_DUNGEON = 55486
C_RETURN_TO_LOBBY = 20616
C_REVIVE_NOW = 29121
C_SAVE_CLIENT_ACCOUNT_SETTING = 64642
C_SAVE_CLIENT_USER_SETTING = 49097
C_SELECT_USER = 56818
C_SET_VISIBLE_RANGE = 52340
C_SHOW_INVEN = 58789
C_SHOW_ITEM_TOOLTIP_EX = 48825
C_SHOW_PARCEL_MESSAGE = 32722
C_SOCIAL = 50594
C_START_COMBO_INSTANT_SKILL = 64693
C_START_ENCHANT = 54013
C_START_INSTANCE_SKILL = 49190
C_START_INSTANCE_SKILL_EX = 54078
C_START_PRODUCE = 36789
C_START_SKILL = 56229
C_START_TARGETED_SKILL = 32683
C_START_UPGRADE = 46857
C_TELEPORT_TO_POS = 21423
C_TELEPORT_TO_VILLAGE = 20116
C_TRADE_BROKER_BUY_IT_NOW = 27316
C_TRADE_BROKER_DEAL_CONFIRM = 39196
C_TRADE_BROKER_REJECT_SUGGEST = 44486
C_TRADE_BROKER_SUGGEST_DEAL = 48261
C_TRADE_BROKER_WAITING_ITEM_LIST_NEW = 61398
C_TRADE_BROKER_WAITING_ITEM_LIST_PAGE = 29095
C_TRY_LOOT_DROPITEM = 21006
C_UNMOUNT_VEHICLE = 62028
C_UNREGISTER_ENCHANT_ITEM = 48299
C_UNREGISTER_PARTY_INFO = 42877
C_UNREGISTER_UPGRADE_ITEM = 20690
C_USE_ITEM = 54346
C_VISIT_NEW_SECTION = 42004
C_WHISPER = 47860
S_ABNORMALITY_BEGIN = 20102
S_ABNORMALITY_DAMAGE_ABSORB = 63913
S_ABNORMALITY_END = 51965
S_ABNORMALITY_FAIL = 63451
S_ABNORMALITY_REFRESH = 59418
S_ACCEPT_CONTRACT = 44700
S_ACCOMPLISH_ACHIEVEMENT = 22010
S_ACCOUNT_PACKAGE_LIST = 44791
S_ACTION_END = 49266
S_ACTION_STAGE = 63068
S_ADD_BLOCKED_USER = 32255
S_ADMIN_HOLD_CHARACTER = 48927
S_AERO = 35456
S_AIR_REACTION_END = 42459
S_ANSWER_INTERACTIVE = 39568
S_APPLY_TITLE = 53433
S_AVAILABLE_EVENT_MATCHING_LIST = 54499
S_BAN_PARTY = 30216
S_BAN_PARTY_MEMBER = 46988
S_BATTLE_FIELD_ENTRANCE_INFO = 33074
S_BATTLE_FIELD_POINT_STORE_SELL_LIST = 25322
S_BEGIN_THROUGH_ARBITER_CONTRACT = 40191
S_BOSS_GAGE_INFO = 32070
S_CANCEL_CONTRACT = 33887
S_CANNOT_START_SKILL = 61342
S_CAN_LOCKON_TARGET = 54833
S_CHANGE_DESTPOS_PROJECTILE = 29532
S_CHANGE_PARTY_MANAGER = 48128
S_CHANGE_VOICE_USE_QAC = 34571
S_CHAT = 27941
S_CHECK_TO_READY_PARTY = 64307
S_CHECK_TO_READY_PARTY_FIN = 45643
S_CHECK_VERSION = 19901
S_CLEAR_ALL_HOLDED_ABNORMALITY = 40132
S_COLLECTION_PICKEND = 49787
S_COMPLETE_EVENT_MATCHING_QUEST = 41866
S_CONNECT_SKILL_ARROW = 23886
S_CREATURE_CHANGE_HP = 37751
S_CREATURE_LIFE = 24198
S_CREATURE_ROTATE = 37529
S_CREST_APPLY = 27048
S_CREST_INFO = 55844
S_CREST_MESSAGE = 33321
S_CURRENT_CHANNEL = 30355
S_DEAD_LOCATION = 32778
S_DECREASE_COOLTIME_SKILL = 55120
S_DEFEND_SUCCESS = 54729
S_DESPAWN_BONFIRE = 49048
S_DESPAWN_BUILD_OBJECT = 30767
S_DESPAWN_COLLECTION = 34558
S_DESPAWN_DROPITEM = 26806
S_DESPAWN_NPC = 51654
S_DESPAWN_SHUTTLE = 50739
S_DESPAWN_USER = 32815
S_DIALOG = 64951
S_DUNGEON_CAMERA_SET = 62782
S_DUNGEON_CLEAR_COUNT_LIST = 52746
S_DUNGEON_COOL_TIME_LIST = 33183
S_DUNGEON_EVENT_MESSAGE = 35471
S_EACH_SKILL_RESULT = 59088
S_ENABLE_DISABLE_SELLABLE_ITEM_LIST = 59749
S_END_CHANGE_USER_APPEARANCE = 54818
S_EXIT = 20172
S_FEARMOVE_END = 23083
S_FEARMOVE_STAGE = 53959
S_FIELD_POINT_INFO = 62611
S_FIN_INTER_PARTY_MATCH = 46496
S_FONT_SWAP_INFO = 21649
S_FRIEND_LIST = 49151
S_GACHA_END = 23393
S_GACHA_START = 55465
S_GET_USER_GUILD_LOGO = 39374
S_GET_USER_LIST = 26962
S_GRANT_SKILL = 24449
S_GROUP_NPC_LOCATION = 45944
S_GUILD_NAME = 61170
S_GUILD_STORE_SELL_LIST = 49930
S_GUILD_TOWER_INFO = 42046
S_HOLD_ABNORMALITY_ADD = 51448
S_IMAGE_DATA = 59451
S_INSTANT_DASH = 47867
S_INSTANT_MOVE = 43702
S_INVEN = 50682
S_INVEN_CHANGEDSLOT = 22708
S_ITEM_CUSTOM_STRING = 30839
S_JOIN_PRIVATE_CHANNEL = 32847
S_LEAVE_PARTY = 63521
S_LEAVE_PARTY_MEMBER = 35494
S_LEAVE_PRIVATE_CHANNEL = 35059
S_LIST_PARCEL_EX = 25156
S_LOADING_SCREEN_CONTROL_INFO = 41537
S_LOAD_CLIENT_ACCOUNT_SETTING = 37441
S_LOAD_CLIENT_USER_SETTING = 40249
S_LOAD_TELEPORT_TO_POS_LIST = 44492
S_LOAD_TOPO = 24489
S_LOGIN = 36158
S_LOGIN_ACCOUNT_INFO = 64381
S_LOGOUT_PARTY_MEMBER = 45618
S_MOUNT_VEHICLE = 46548
S_MOUNT_VEHICLE_EX = 26454
S_MOVE_SHUTTLE = 49137
S_NOTIFY_TO_FRIENDS_WALK_INTO_SAME_AREA = 35000
S_NPC_LOCATION = 54327
S_NPC_MENU_SELECT = 41696
S_NPC_OCCUPIER_INFO = 60792
S_NPC_STATUS = 42798
S_NPC_TARGET_USER = 41809
S_OPEN_AWESOMIUM_WEB_URL = 56815
S_OTHER_USER_APPLY_PARTY = 46773
S_PARCEL_READ_RECV_STATUS = 28941
S_PARTY_INFO = 24767
S_PARTY_MARKER = 25927
S_PARTY_MATCH_LINK = 65470
S_PARTY_MEMBER_ABNORMAL_ADD = 25625
S_PARTY_MEMBER_ABNORMAL_CLEAR = 32192
S_PARTY_MEMBER_ABNORMAL_DEL = 30247
S_PARTY_MEMBER_ABNORMAL_REFRESH = 29974
S_PARTY_MEMBER_BUFF_UPDATE = 44769
S_PARTY_MEMBER_CHANGE_HP = 41901
S_PARTY_MEMBER_CHANGE_MP = 36738
S_PARTY_MEMBER_INFO = 65266
S_PARTY_MEMBER_INTERVAL_POS_UPDATE = 23871
S_PARTY_MEMBER_LIST = 29627
S_PARTY_MEMBER_STAT_UPDATE = 24333
S_PCBANGINVENTORY_DATALIST = 61237
S_PLAYER_CHANGE_ALL_PROF = 41654
S_PLAYER_CHANGE_EXP = 60775
S_PLAYER_CHANGE_FLIGHT_ENERGY = 30600
S_PLAYER_CHANGE_MP = 54425
S_PLAYER_CHANGE_PROF = 31353
S_PLAYER_CHANGE_STAMINA = 42570
S_PLAYER_STAT_UPDATE = 25603
S_PLAY_MOVIE = 51106
S_POINT_STORE_SELL_LIST = 54516
S_PREPARE_EXIT = 50597
S_PREPARE_RETURN_TO_LOBBY = 53693
S_PRIVATE_CHAT = 55673
S_PRODUCE_CRITICAL = 64960
S_QUEST_BALLOON = 48584
S_QUEST_INFO = 31926
S_RECV_PARCEL = 36836
S_REGISTER_ENCHANT_ITEM = 55832
S_REGISTER_UPGRADE_ITEM = 20221
S_REJECT_CONTRACT = 41074
S_REPLY_NONDB_ITEM_INFO = 47158
S_REPLY_REQUEST_CONTRACT = 25684
S_REQUEST_CONTRACT = 51557
S_REQUEST_PRIVATE_CHANNEL_INFO = 60468
S_REQUEST_STYLE_SHOP_MARK_PRODUCTLIST = 31474
S_RESPONSE_GAMESTAT_PONG = 29846
S_RESULT_BIDDING_DICE_THROW = 35179
S_RESULT_ITEM_BIDDING = 53550
S_RETURN_TO_LOBBY = 28594
S_SHOW_AWESOMIUMWEB_SHOP = 25336
S_SHOW_CANDIDATE_LIST = 45929
S_SHOW_HP = 51048
S_SHOW_PARTY_MATCH_INFO = 48141
S_SHOW_PCBANG_ICON = 29415
S_SHOW_PEGASUS_MAP = 46308
S_SKILL_LIST = 57238
S_SOCIAL = 25064
S_SPAWN_BONFIRE = 51114
S_SPAWN_BUILD_OBJECT = 54486
S_SPAWN_COLLECTION = 53195
S_SPAWN_DOOR = 58079
S_SPAWN_DROPITEM = 21872
S_SPAWN_ME = 54270
S_SPAWN_NPC = 42163
S_SPAWN_PROJECTILE = 51559
S_SPAWN_SHUTTLE = 21130
S_SPAWN_USER = 45000
S_SPAWN_WORKOBJECT = 60041
S_START_ACTION_SCRIPT = 40613
S_START_CHANGE_USER_APPEARANCE = 22859
S_START_COOLTIME_ITEM = 26095
S_START_COOLTIME_SKILL = 59172
S_START_PRODUCE = 40556
S_START_USER_PROJECTILE = 22291
S_STORE_SELL_LIST = 31309
S_SUCCESS_COUNTER = 62360
S_SYSTEM_MESSAGE = 28799
S_SYSTEM_MESSAGE_LOOT_ITEM = 46506
S_SYSTEM_MESSAGE_LOOT_SPECIAL_ITEM = 59480
S_TARGET_INFO = 60535
S_TELEPORT_TO_CAMP = 64593
S_TRADE_BROKER_DEAL_INFO_UPDATE = 63581
S_TRADE_BROKER_DEAL_SUGGESTED = 47757
S_TRADE_BROKER_REQUEST_DEAL_RESULT = 45411
S_TRADE_BROKER_SUGGEST_DEAL = 47576
S_TRADE_BROKER_WAITING_ITEM_LIST = 33620
S_UNICAST_TRANSFORM_DATA = 20924
S_UNMOUNT_VEHICLE = 49174
S_UNMOUNT_VEHICLE_EX = 27112
S_UPDATE_ACHIEVEMENT_PROGRESS = 26116
S_UPDATE_FRIEND_INFO = 44838
S_UPDATE_NPCGUILD = 50762
S_UPDATE_PRODUCE = 31017
S_USER_BLOCK_LIST = 37829
S_USER_EFFECT = 42807
S_USER_EXTERNAL_CHANGE = 30466
S_USER_LEVELUP = 43905
S_USER_LOCATION = 50164
S_USER_LOCATION_IN_ACTION = 28704
S_USER_MOVETYPE = 30926
S_USER_PAPERDOLL_INFO = 41231
S_USER_SITUATION = 23649
S_USER_STATUS = 26856
S_USER_WEAPON_APPEARANCE_CHANGE = 23641
S_VILLAGE_LIST_TO_TELEPORT = 44468
S_VISIT_NEW_SECTION = 52294
S_WEAK_POINT = 34633
S_WHISPER = 50615
