iTeleport 0
iSpawnBarrackCharacter 1
rPlayerLocation 2
rTeleportReplayLocation 3
rCameraRotate 4
iGfxCommand 17
iGfxAdminCommand 18
iInputCommand 19
iMoveKey 20
iSkillKey 21
iCloseServerConnection 22
saPing 5000
asPing 5001
saRegister 5002
asRegister 5003
saEnterWorld 5004
saEnterWorldFail 5005
asEnterWorld 5006
asLoadTopoFin 5007
saTryToLeaveWorld 5008
asLeaveWorld 5009
saLeaveWorld 5010
saSendCharLoc 5011
saJoinParty 5012
saLeaveParty 5013
saDismissParty 5014
saKickParty 5015
saExtendParty 5016
saSwapParty 5017
saChangePartyManager 5018
saChangePartyMemberAuthority 5019
saChangeLootingMethod 5020
asDoCreateParty 5021
asDoAddPartyMember 5022
asDoRemovePartyMember 5023
asDoDismissParty 5024
asDoExtendParty 5025
asDoSwapParty 5026
asDoSetPartyManager 5027
asDoChangePartyMemberAuthority 5028
asDoSetLootingMethod 5029
asDoSetPartyOwner 5030
asOnDailyAttendacne 5031
saAddToInterPartyMatchPool 5032
saDelFromInterPartyMatchPool 5033
saJoinPartyInArbiter 5034
saMergePartyToRaid 5035
asRequestRefreshPartyInfo 5036
saSendPartyMemberIntervalPos 5037
saSendPartyMemberUpdateInfo 5038
saQueryToArbiterForBanPartyMember 5039
asRequestTeleport 5040
asQueryToArbiterForBanPartyMember 5041
asAdminReloadDatasheet 5042
asAdminSetDungeonCooltime 5043
asUseStyleWarehouse 5044
asPremiumSlotInsertItem 5045
asPremiumSlotUpdateItem 5046
asPremiumSlotDeleteItem 5047
saUpdateDungeonCooltime 5048
saUpdateDungeonClearCount 5049
saUpdateDungeonUiHistory 5050
asResetAllDungeon 5051
asDismissParty 5052
asPartyLootingMethod 5053
asBanPartyMember 5054
saDeleteDungeonCooltime 5055
saRequestEnterDungeon 5056
asRequestEnterDungeon 5057
saResponseEnterDungeon 5058
asResponseEnterDungeon 5059
saRequestLeaveDungeon 5060
asRequestLeaveDungeon 5061
asAdminResetDungeonCooltime 5062
saAddDungeonChannel 5063
saRemoveDungeonChannel 5064
asInitializeDungeonId 5065
asSettingBattleFieldMatchingState 5066
asAdminBattleFieldResult 5067
saGmNotify 5068
saEnterBattleField 5069
bsaExitBattleField 5070
saRequestBattleFieldUserInfo 5071
absRequestBattleFieldUserInfo 5072
asAckBattleFieldUserInfo 5073
bsaAckBattleFieldUserInfo 5074
bsaBattleFieldInviteUser 5075
bsaRequestBattleFieldUserInfo 5076
bsaEndBattleField 5077
bsaEndBattleFieldWithoutPlay 5078
bsaNotifyAboutBattleFieldClear 5079
bsaRequestAddSupplementpool 5080
bsaBattleFieldOpenInfo 5081
bsaCreateBattleFieldLog 5082
absCreateBattleFieldLog 5083
absAckBattleFieldUserInfo 5084
bsaRequestBattleFieldRankingData 5085
absAckBattleFieldRankingData 5086
absRequestCombineBattleFieldRanking 5087
absRequestCombineBattleFieldRankingServerList 5088
bsaAckCombineBattleFieldRanking 5089
bsaAckCombineBattleFieldRankingServerList 5090
bsaUpdateBattleFieldLog 5091
saMatchBattleFieldGmRequest 5092
saSetBattleFieldRanker 5093
saInsertTcatItemSaleInfo 5094
saDeleteTcatItemSaleInfo 5095
saCalcBattleFieldRankingNextTime 5096
saCalcBattleFieldSeasonNextTime 5097
saCreateGroupDuelParty 5098
asCreateGroupDuelParty 5099
adsAddToPartyMatchPool 5100
dsaAddToPartyMatchPool 5101
dsaModifyAboutPartyMatchPool 5102
adsDelFromPartyMatchPool 5103
dsaDelFromPartyMatchPool 5104
dsaMovePartyMatchPool 5105
dsaDelFromAllPool 5106
dsaPrePartyMake 5107
adsPrePartyMakeResult 5108
adsDiconnectBattleFieldServer 5109
dsaPartyMake 5110
adsPartyMakeResult 5111
adsPartyMakeResultFromInstanceServer 5112
saPartyMakeResultFromInstanceServer 5113
dsaFinPartyMake 5114
dsaAskToJoinParty 5115
adsAskToJoinPartyResult 5116
dsaRequestChangePartyMatchRule 5117
adsRequestChangePartyMatchRule 5118
dsaStartBattlefield 5119
dsaRequestJoinBattleField 5120
dsaNotifyAboutDungeonClear 5121
adsNotifyAboutDungeonClear 5122
dsaSystemMessage 5123
dsaSystemMessageUsingInterPartyMatch 5124
dsaSysPartyInfo 5125
adsSysPartyInfo 5126
dsaLogFinPartyMake 5127
asNotifyAboutSysPartyWithdrawal 5128
asBypassFromClient 5129
saBypassToClient 5130
saBypassToGroup 5131
asLoadGuild 5132
saDummyPacket 5133
saLoadGuild 5134
saDestroyGuild 5135
asDestroyGuild 5136
saLeaveGuild 5137
asLeaveGuild 5138
saBanishGuildMember 5139
asBanishGuildMember 5140
saChangeGuildChief 5141
asChangeGuildChief 5142
saSetGuildgroupAuthority 5143
asSetGuildgroupAuthority 5144
saCreateGuildGroup 5145
asCreateGuildGroup 5146
saRemoveGuildGroup 5147
asRemoveGuildGroup 5148
asAddGuildmember 5149
saChangeGuildgroup 5150
asChangeGuildgroup 5151
saUpdateGuildMember 5154
asUpdateGuildMember 5155
asSetGuildRecommendationPoint 5156
asUpdateGuildTitle 5157
asUpdateGuildLogo 5158
saIncGuildAccountLimit 5159
saPetLoad 5160
asPetLoad 5161
saPetCall 5162
asPetCall 5163
saPetDismiss 5164
asPetDismiss 5165
saPetItemEquip 5166
asPetItemEquip 5167
saPetItemUnequip 5168
asPetItemUnequip 5169
saPetOrbChange 5170
asPetOrbChange 5171
saPetRepair 5172
asPetRepair 5173
saPetStop 5174
asPetStopTopet 5175
asPetStopTouser 5176
saPetDur 5177
asPetDurTopet 5178
asPetDurTouser 5179
saPetAlert 5180
asPetAlert 5181
saPetIncubatorSlot 5182
asPetIncubatorSlot 5183
saPetIncubatorTakeall 5184
asPetIncubatorTakeall 5185
saPetIncubatorStart 5186
asPetIncubatorStart 5187
saPetIncubatorComplete 5188
asPetIncubatorComplete 5189
asArbiterUserDelete 5190
saSetUsersPos 5191
saBroadcastSystemMessageToWholeWorld 5192
saBroadcastSystemMessageToWholeWorldNotInSpecialPlace 5193
saBroadcastSystemMessageToGuild 5194
asUpdateVisitedSectionList 5195
saChangeCharacter 5196
saSendSystemMessageToAccountUser 5197
saSendSystemMessageLootItemToAccountUser 5198
saSummonMyLocation 5199
saCharLoc 5200
asCharLoc 5201
saTeleport 5202
asRequestPerf 5203
asProfile 5204
asResetProfile 5205
asRequestNormalChat 5206
asRequestTeamChat 5207
asRequestDiceThrow 5208
saRegisterWorldCommand 5209
asLoadGuildData 5210
asUpdateGuildData 5211
saGuildQuestEventMessage 5212
asRequestStartGuildQuest 5213
saRequestStartGuildQuest 5214
saBuyVillagerBuff 5215
asBuyVillagerBuff 5216
saTradeBrokerOpen 5217
asTradeBrokerClose 5218
saTradeBrokerDealOpen 5219
asTradeBrokerDealOpen 5220
asTradeBrokerDealClose 5221
saPushGuildBuff 5222
asPushGuildBuff 5223
asLearnGuildPerk 5224
asResetGuildPerk 5225
asCancelSkillStrictly 5226
saCrestLearn 5227
asCrestLearn 5228
saLearnAllCrestAcquirable 5229
asLearnAllCrestAcquirable 5230
saCrestPoint 5231
asCrestPoint 5232
saCrestUseList 5233
asCrestUseList 5234
saCrestUse 5235
asCrestUse 5236
saCrestUseClear 5237
asCrestUseClear 5238
saCrestUpgrade 5239
asCrestUpgrade 5240
saCrestAllClear 5241
asCrestAllClear 5242
saUserNoctan 5243
asUserNoctan 5244
asAdmin 5245
asSetBlockedUser 5246
asAddBlockedUser 5247
asRemoveBlockedUser 5248
saRequestLordRegisterWindow 5249
asSetVisibleRange 5250
saMakeSysParcel 5251
asMakeSysParcel 5252
saRequestShowPolicyWindow 5253
saRequestShowTaxWindow 5254
saLoadGuard 5255
asLoadGuard 5256
asChangeLordGuild 5257
asLoadGuardFinish 5258
asSetGuardPolicy 5259
asGuardTaxRate 5260
asGuardTaxProfit 5261
asElectionState 5262
asUpdateUserDescription 5263
asLordAccession 5264
saUpdateLordAchievementFailed 5265
asStartLordGuildwar 5266
asEndLordGuildwar 5267
saAddElectionPointLordGuildwar 5268
saSendMessageToWorldUser 5269
asSendMessageToWorldUser 5270
asCacheDungeonCoolTimeToWorld 5271
asRequestSendPkPolicy 5272
asUpdateGuildName 5273
saUpdateUserStatus 5274
asRequestSpawnNpc 5275
asRequestSpawnTerritory 5276
asRequestDespawnTerritory 5277
asGuardLordChanged 5278
asResetLordList 5279
asLordList 5280
saStartChangeAppearance 5281
asStartEvent 5282
asStopEvent 5283
asStartFestival 5284
asStopFestival 5285
asFestivalNpcSpawn 5286
asFestivalObjectSpawn 5287
saRequestStartFestival 5288
saRequestStopFestival 5289
asUpdatePcbangInvenVersion 5290
saDeclareGuildWar 5291
asDeclareGuildWar 5292
asOppositeDeclareGuildWar 5293
saRaiseGuildWar 5294
asRaiseGuildWar 5295
saStartGuildWar 5296
asStartGuildWar 5297
saGiveUpGuildWar 5298
saRequestEndGuildWar 5299
saRequestStartGuildWar 5300
asEndGuildWar 5301
saGuildWarInfo 5302
asRestartGuildWar 5303
asNotifyGuildWarInfo 5304
saUpdateGuildWarMoney 5305
asWithdrawGuildWar 5306
asQaSetGuildWarCoolTime 5307
asGuildwWarAdminMaintaincost 5308
asSetNewTeraUser 5309
asSetPcBangUser 5310
asAdminRequestVanishPet 5311
asLordElectionDefeated 5312
saUpdateLordElectionDefeatedAchievementFailed 5313
asUserVoted 5314
asAskPetOwnerInfoForVanish 5315
saAnsPetOwnerInfoForVanish 5316
asSetAccountRestrictionLevel 5317
asGatherUserListByDistance 5318
saGatherUserListByDistance 5319
saRelayLog 5320
saRegPeriodItem 5321
asPeriodItemExpired 5322
saPeriodItemExpiredResult 5323
asPeriodPassiveExpired 5324
saDarkRiftChangeAreaWorldNoti 5325
saOpenDarkRiftWorldNoti 5326
saDarkRiftSpawnWorldNoti 5327
saDarkRiftDespawnWorldNoti 5328
saDarkRiftMainDefenceChangeHp 5329
saDarkRiftAvailableQuestUserCount 5330
asDarkRiftSetHuntingZoneEnabled 5331
asControlDarkRiftInstance 5332
saDarkRiftEventOpen 5333
saDarkRiftEventClose 5334
disableDarkRiftHuntingZone 5335
asSetDarkRiftDailyCompleted 5336
saResetDarkRiftDailyCompleted 5337
asResetDarkRiftDailyCompleted 5338
saUpdateDarkRiftDailyCompleted 5339
asUpdateDarkRiftDailyCompleted 5340
saDarkRiftEventUpdateSpawnableCount 5341
saDarkRiftRestorationFailedInstanceList 5342
saDarkRiftEventGroupSpawned 5343
saDarkRiftClearAllSpawnedEventGroupInfo 5344
saDarkRiftEventUpdateConcurrentSpawnCount 5345
saDarkRiftEventZoneExtraInstanceOpened 5346
saAdminCallDifferentWorldUser 5347
asEventMailReceived 5348
dsaDungeonRankGetCurrentTopScore 5349
adsDungeonRankGetCurrentTopScore 5350
asSetAdminNonPkSection 5351
asResetAdminNonPkSection 5352
asSetJackpotEventValueList 5353
asSetJackpotEventValue 5354
asDelJackpotEventValue 5355
saUpdateBattlefieldJackpotEventState 5356
asSetHuntingEventValueTable 5357
asSetHuntingEventValue 5358
asResetHuntingEventValue 5359
asSetPlayGuideEventList 5360
asAddPlayGuideEvent 5361
asDelPlayGuideEvent 5362
asDelAllPlayGuideEvent 5363
asSetPlayGuideExtraRewardEventList 5364
asAddPlayGuideExtraRewardEvent 5365
asDelPlayGuideExtraRewardEvent 5366
asDelAllPlayGuideExtraRewardEvent 5367
saUpdateOngoingHuntingEventNotice 5368
asStartDarkRiftRewardEvent 5369
asEndDarkRiftRewardEvent 5370
asSetDungeonLogUseOrNot 5371
asUserRequestExit 5372
asUserCancelRequestExit 5373
asUserCancelPartyContract 5374
asQaPublisherChange 5375
asChangeGuildwarKillCountByadmin 5376
asDarkRiftRequestReservationTimeList 5377
saDarkRiftReservationTimeList 5378
asBattleFieldViewList 5379
saBattleFieldViewList 5380
asSetEpSystemEvent 5381
asAddEpSystemEvent 5382
asDelEpSystemEvent 5383
asVipStoreSlotOnOff 5384
asVipStoreSlotSale 5385
asSendMyAchievementInfo 5386
asChangeAchievementSeason 5387
asAchievementSeasonList 5388
bsaCreateBattleFieldResult 5389
bsaNotifyUserBattleFieldEnterable 5390
bsaLoadBattleFieldUniqueId 5391
absLoadBattleFieldUniqueId 5392
absAskEnterableBattleFieldExists 5393
bsaCreateBattleField 5394
absCreateBattleField 5395
absRequestJoinBattleField 5396
saBroadcastShowNpcMiniMap 5397
saBroadcastDeleteNpcMiniMap 5398
asRequestOtherServerItemTooltip 5399
saReplyOtherServerItemTooltip 5400
saRequestChronoscrollUse 5401
asChronoscrollRedeemed 5402
saLoadBattleFieldCoolTime 5403
asLoadBattleFieldCoolTime 5404
saUpdateBattleFieldCoolTime 5405
asUpdateBattleFieldCoolTime 5406
asClearBattleFieldCoolTime 5407
saUpdateVoteCoolTime 5408
asUpdateVoteCoolTime 5409
asClearVoteCoolTime 5410
asBotConfiguration 5411
asBotAccountCandidate 5412
asBotListAccountCandidate 5413
saToDetectBotHunt 5414
saToDetectBotPlaytick 5415
saToDetectBotInvalidstartpos 5416
saLoadServantData 5417
asLoadServantData 5418
saAddServantData 5419
asAddServantData 5420
saUpdateServantName 5421
asUpdateServantName 5422
saUpdateServantData 5423
asUpdateServantData 5424
saLoadExtrapointData 5425
asLoadExtrapointData 5426
asSetEpSystemContentsOnOffTable 5427
asSetEpSystemContentsOnOff 5428
saLoadPoliticsUnit 5429
asPoliticsUnitInfo 5430
asEndLordReignPeriod 5431
asMarkAsQuestCompleted 5432
saWatchMovie 5433
saLoadBattleFieldEnterCount 5434
asLoadBattleFieldEnterCount 5435
saUpdateBattleFieldEnterCount 5436
asUpdateBattleFieldEnterCount 5437
asAdminClearBattleFieldEnterCount 5438
saClearBattleFieldEnterCount 5439
asClearBattleFieldEnterCount 5440
asAskLoadContinentChannelInfo 5441
saAskLoadContinentChannelInfo 5442
asAskWaAddContinentChannelCount 5443
saAskWaAddContinentChannelCount 5444
asAskServantSkillInfo 5445
saServantSkillInfo 5446
asAskChangeMaxProfLimit 5447
saAskChangeMaxProfLimit 5448
asUpdateDailyEventDay 5449
saReqeustResetDungeon 5450
asRequestResetDungeon 5451
saUpdateCapacityPoint 5452
saUpdateMakrerEnd 5453
saUpdateGaugeEnd 5454
saInsertLimitedDropGaugeInfo 5455
saRequsetTokenExchangeDatasheetReload 5456
asRequsetTokenExchangeDatasheetReload 5457
asChangeTokenPointByWa 5458
asNpcArenaStateCheck 5459
saNpcArenaStateCheck 5460
asNpcArenaActivate 5461
asQaSetGameOperator 5462
saResetAndEnterDungeon 5463
asResetAndEnterDungeon 5464
asResetDungeon 5465
asAmIWorldControlArbiter 5466
saAmIWorldControlArbiter 5467
asDungeonDisabledList 5468
asContentsOnOffList 5469
asDungeonOnOff 5470
asContentsOnOff 5471
saAdminHoldCharacter 5472
saAdminChatBan 5473
asAdminHoldCharacter 5474
asLogQuestEnd 5475
saLogQuestEnd 5476
saSpawnBuildObject 5477
asSpawnBuildObject 5478
asEventMatchingInfoList 5479
saLoadEventMatchingInfo 5480
saNotifyPromotionEvent 5481
asEventMatchingInfo 5482
asEventMatchingControl 5483
asRequestEnterBattlefield 5484
saUpdatePlayguideExtraRewardResettime 5485
asUpdatePlayguideExtraRewardResettime 5486
saLevelUpEvent 5487
asAdminDelFloatingCastleParts 5488
saLoadFloatingcastle 5489
asLoadFloatingcastle 5490
asAllCollectFloatingCastle 5491
asAssignAllFloatingCastle 5492
asCollectFloatingCastle 5493
asAssignFloatingCastle 5494
asUpdateGuildGeneralCoin 5495
asSetGuildGeneralCoin 5496
saBroadcastFloatingCastleInfo 5497
saUpdateFloatingCastleParts 5498
saBroadcastFloatingCastleNameplate 5499
asUpdateFloatingCastleParts 5500
saUpdateFloatingCastleCostState 5501
asUpdateFloatingCastleCostState 5502
saUpdateFloatingCastleAuthority 5503
asUpdateFloatingCastleAuthority 5504
saUserOnSpawnComplete 5505
asUpdateGuildEmblem 5506
asUpdateAchievementSeason 5507
asAcquireFriendshipGage 5508
saUpdateFriendshipToMonsterKillCount 5509
saUpdateFriendshipForDungeonClear 5510
saUpdateFriendshipForBattleField 5511
saRequestSendSkillScriptList 5512
asLoadProductSaleInfo 5513
asUpdateProductSaleInfo 5514
asLoadProductMarkInfo 5515
asUpdateProductMarkInfo 5516
asDeleteAllProduct 5517
asResetProductMarkEvent 5518
saSyncDateTime 5519
asSyncDateTime 5520
asSendAttendanceEventCompensation 5521
saUpdateUserAttendanceEventCompensationInfo 5522
asSendReturnUserReward 5523
saUpdateReturnUserRewardInfo 5524
asBattleFieldDisabledList 5525
asChangeBattleFieldOnOff 5526
asInvokeAbnormalityByAdmin 5527
asLoadEnchantProbEventInfo 5528
asInsertEnchantProbEvent 5529
asDeleteEnchantProbEvent 5530
asCreateGroupDuel 5531
asChangeGroupDuelSetting 5532
asSendMyGroupDuelMsg 5533
asSetItemString 5534
asRewriteItemString 5535
asChangeEventMatchingState 5536
asAddAccountPackageList 5537
asRemoveAccountPackageList 5538
asAddNpcSpawnEvent 5539
asDeleteNpcSpawnEvent 5540
asDeleteAllNpcSpawnEvent 5541
saEndNpcSpawnEvent 5542
asAddAwakenEnchantData 5543
asAddAwakenChangeData 5544
asDeleteAwakenEnchantData 5545
asDeleteAwakenChangeData 5546
asStoreItemChangeInfo 5547
asResetStoreItemChangeInfo 5548
asUpdateVipSystemInfo 5549
asAddVipToken 5550
asDungeonPhaseLastResetTime 5551
saRequestDungeonPhaseUserReset 5552
asRequestDungeonPhaseUserReset 5553
asChangeDungeonPhaseLevel 5554
dsaSaveDungeonPhaseLevel 5555
dsaLogDungeonPhaseRecord 5556
saBroadacstCityWarSeasonHistroy 5557
asCityWarOn 5558
asCityWarOff 5559
saBroadacstTaxInfo 5560
saRequestEnterCityWar 5561
asRequestEnterCityWar 5562
saRequestEnterCityWarGuildTowerByItem 5563
asRequestEnterCityWarGuildTowerByItem 5564
asUpdateAdminCityWarOpenTime 5565
asUpdateAdminCityWarInterestOnly 5566
asAddAdminCityWarGuildBan 5567
asDelAdminCityWarGuildBan 5568
saTeleportCityWar 5569
asTeleportCityWar 5570
saTeleportCityWarGuildTowerByItem 5571
asTeleportCityWarGuildTowerByItem 5572
saCitywarWarningUnderattack 5573
asAdminDeleteGuildTower 5574
saAdminDeleteGuildTower 5575
saQaDeleteGuildTower 5576
asQaDeleteGuildTower 5577
saRewardCitywarKillDeathCount 5578
adsAdminGetDungeonUserList 5579
dsaAdminGetDungeonUserList 5580
saUpdateSkillCooltime 5581
sdbPing 10000
sdbUserEnterworld 10001
sdbUserLeaveworld 10002
dbsUserLeaveworld 10003
sdbVendingmachineLoad 10004
dbsVendingmachineLoad 10005
sdbVendingmachineSellSetting 10006
dbsVendingmachineSellSetting 10007
sdbVendingmachineSell 10008
dbsVendingmachineSell 10009
sdbVendingmachineSellClose 10010
dbsVendingmachineSellClose 10011
sdbVendingmachineBuySetting 10012
dbsVendingmachineBuySetting 10013
sdbVendingmachineBuy 10014
dbsVendingmachineBuy 10015
sdbVendingmachineBuyClose 10016
dbsVendingmachineBuyClose 10017
sdbVendingmachineDestroy 10018
dbsVendingmachineDestroy 10019
sdbVendingmachineSellSettleUp 10020
dbsVendingmachineSellSettleUp 10021
sdbVendingmachineBuySettleUp 10022
dbsVendingmachineBuySettleUp 10023
sdbVendingmachineSellDie 10024
dbsVendingmachineSellDie 10025
sdbVendingmachineBuyDie 10026
dbsVendingmachineBuyDie 10027
sdbLoadQuestList 10028
dbsLoadQuestList 10029
sdbSetQuestInfo 10030
dbsSetQuestInfo 10031
sdbGiveQuestBackupItem 10032
dbsGiveQuestBackupItem 10033
sdbSetQuestlistInfo 10034
dbsSetQuestlistInfo 10035
sdbSetTaskShowToggle 10036
dbsSetTaskShowToggle 10037
sdbEndStartQuestList 10038
dbsEndStartQuestList 10039
dbsUserEnterworld 10041
sUpdateLicense 10042
dUpdateLicense 10043
sUpdateExpLevel 10044
dUpdateExpLevel 10045
sUpdateProfMineral 10046
sUpdateProfBug 10047
sUpdateProfEnergy 10048
sUpdateProfHerb 10049
dUpdateProfResult 10050
sUpdateUserPkdeclarecount 10051
dUpdateUserPkdeclarecount 10052
sUpdateUserPkpoint 10053
dUpdateUserPkpoint 10054
sdbSetMoney 10055
sdbGetMoney 10056
dbsSetMoney 10057
dbsGetMoney 10058
sdbViewWarehouse 10059
dbsViewWarehouse 10060
sdbStoreWarehouse 10061
dbsStoreWarehouse 10062
sdbGetWarehouse 10063
dbsGetWarehouse 10064
sdbMoveWarehouseItem 10065
dbsMoveWarehouseItem 10066
sdbItemProduceStep1 10067
dbsItemProduceStep1 10068
sdbItemProduceStep2 10069
dbsItemProduceStep2 10070
sdbItemExtract 10071
dbsItemExtract 10072
sdbItemDecompose 10073
dbsItemDecompose 10074
sdbLearnItemRecipe 10075
dbsLearnItemRecipe 10076
sdbLoadItemRecipe 10077
dbsLoadItemRecipe 10078
sdbDeleteItemRecipeList 10079
dbsDeleteItemRecipeList 10080
sdbLoadSkillProf 10081
dbsLoadSkillProf 10082
sdbUpdateSkillProf 10083
dbsUpdateSkillProf 10084
sdbItemSingle 10085
dbsItemSingle 10086
sdbItemTrade 10087
dbsItemTrade 10088
sdbItemDeliver 10089
dbsItemDeliver 10090
sdbItemEnchant 10091
dbsItemEnchant 10092
sdbItemEnchantIdentify 10093
dbsItemEnchantIdentify 10094
sdbItemCustomizing 10095
dbsItemCustomizing 10096
sdbItemMerge 10097
dbsItemMerge 10098
sdbUpdateUserdata 10099
sdbListParcel 10100
dbsListParcel 10101
sdbMakeParcel 10102
dbsMakeParcel 10103
sdbRecvParcel 10104
dbsRecvParcel 10105
sdbChangeWarehousePos 10106
dbsChangeWarehousePos 10107
sdbReturnParcel 10108
dbsReturnParcel 10109
sdbClearQuest 10110
dbsClearQuest 10111
sdbCheckNewGuildName 10112
dbsCheckNewGuildName 10113
sdbUserLearnSkill 10121
dbsUserLearnSkill 10122
sdbUserLearnSkillForMultiple 10123
dbsUserLearnSkillForMultiple 10124
sdbUserForgetSkill 10125
dbsUserForgetSkill 10126
sdbGuildLearnPerk 10127
dbsGuildLearnPerk 10128
sdbGuildResetPerk 10129
dbsGuildResetPerk 10130
sdbStartGuildPerkAndCostGuildMoney 10131
dbsStartGuildPerkAndCostGuildMoney 10132
sdbGiveGuildMoneyIncentive 10133
dbsGiveGuildMoneyIncentive 10134
sdbUserLoadInventory 10135
dbsUserLoadInventory 10136
sdbPegasusFee 10137
dbsPegasusFee 10138
sdbLoadTeleportToPosList 10139
dbsLoadTeleportToPosList 10140
sdbAddTeleportToPosList 10141
dbsAddTeleportToPosList 10142
sdbDeleteTeleportToPosList 10143
dbsDeleteTeleportToPosList 10144
sdbRenameTeleportToPosList 10145
dbsRenameTeleportToPosList 10146
sdbUpdateDailyExtraPoint 10147
dbsUpdateDailyExtraPoint 10148
sdbUpdateExtraPoint 10149
dbsUpdateExtraPoint 10150
sdbUpdateDailyLimitEpExp 10151
dbsUpdateDailyLimitEpExp 10152
sdbResetExtraPointData 10153
dbsResetExtraPointData 10154
sdbChangeGoldConsumption 10155
dbsChangeGoldConsumption 10156
sdbUserLoadEpPerk 10157
dbsUserLoadEpPerk 10158
sdbUserLearnEpPerk 10159
dbsUserLearnEpPerk 10160
sdbUserResetEpPerk 10161
dbsUserResetEpPerk 10162
sdbUserIncreaseEpPointByItem 10163
dbsUserIncreaseEpPointByItem 10164
sdbUpdatePreEpInfo 10165
dbsUpdatePreEpInfo 10166
sdbConditionalTeleport 10167
dbsConditionalTeleport 10168
sdbReturnHomeWithSysreturn 10169
dbsSysreturnPosition 10170
sdbSetSysreturnPosition 10171
sdbItemStore 10172
dbsItemStore 10173
sdbPayWarehouseCommision 10174
dbsPayWarehouseCommision 10175
sdbUpdateUserData 10176
dbsUpdateUserData 10177
sdbItemSimpleAtom 10178
dbsItemSimpleAtom 10179
sdbInitGuild 10180
dbsInitGuildGroup 10181
dbsInitGuildMember 10182
dbsInitGuildPerkList 10183
dbsLoadGuildComplete 10184
sdbCreateGuild2 10185
dbsCreateGuild2 10186
sUpdateUserPkdeclarecount2 10187
dUpdateUserPkdeclarecount2 10188
sdbAddGuildmember2 10192
dbsAddGuildmember2 10193
sdbItemTradeLog 10194
sdbMainMenuCommand 10195
dbsMainMenuCommand 10196
sdbClearWarehouse 10197
dbsClearWarehouse 10198
sdbInventoryAutoSort 10199
dbsInventoryAutoSort 10200
sdbWarehouseAutoSort 10201
dbsWarehouseAutoSort 10202
sdbSendCampTeleport 10203
dbsClearInven 10204
sdbUserClearAllSkill 10205
dbsUserClearAllSkill 10206
sdbGroupDuelBetMoney 10207
dbsGroupDuelBetMoney 10208
dbsUpdateUserMoney 10209
dbsUpdateUserInventory 10210
dbsVendingmachineLoad2 10211
dbsUserLoadInventory2 10212
dbsInitGuildData 10213
sdbVendingmachineSet 10214
dbsVendingmachineSet 10215
sdbVendingmachineBuysell 10216
dbsVendingmachineBuysell 10217
sdbVendingmachineBuySet 10218
dbsVendingmachineBuySet 10219
sdbVendingmachineBuyEx 10220
dbsVendingmachineBuyEx 10221
sdbVendingmachineClear 10222
dbsVendingmachineClear 10223
sdbLoadUserAchievement 10224
dbsLoadUserAchievement 10225
sdbUpdateUserAchievement 10226
dbsUpdateUserAchievement 10227
sdbGroupDuelBettingItem 10228
dbsGroupDuelBettingItem 10229
sdbAddPvpUserLog 10230
sdbAddPkUserLog 10231
sdbAddGroupDuelUserLog 10232
dbsUpdateServerAchievement 10233
sdbAccomplishUserAchievement 10234
dbsAccomplishUserAchievement 10235
sdbDeleteUserAchievement 10236
dbsDeleteUserAchievement 10237
sdbApplyTitle 10238
dbsApplyTitle 10239
dbsUserRefreshInventory 10240
sdbFetchThroughArbiterContract 10241
dbsFetchThroughArbiterContract 10242
dbsAskThroughArbiterContract 10243
sdbAskThroughArbiterContract 10244
sdbSendBeginThroughArbiterContract 10245
sdbSendEndThroughArbiterContract 10246
dbsSendEndThroughArbiterContract 10247
dbsReplyThroughArbiterContract 10248
sdbDeleteParcel 10249
dbsDeleteParcel 10250
sdbEquipItem 10251
dbsEquipItem 10252
sdbGroupDuelReturn 10253
dbsGroupDuelReturn 10254
sdbTradeBrokerRegisterItem 10255
dbsTradeBrokerRegisterItem 10256
sdbTradeBrokerUnregisterItem 10257
dbsTradeBrokerUnregisterItem 10258
sdbTradeBrokerCalcSoldItem 10259
dbsTradeBrokerCalcSoldItem 10260
sdbTradeBrokerCalcBoughtItem 10261
dbsTradeBrokerCalcBoughtItem 10262
sdbTradeBrokerBuyItNow 10263
dbsTradeBrokerBuyItNow 10264
sdbTradeBrokerStartDeal 10265
dbsTradeBrokerStartDeal 10266
dbsTradeBrokerAcceptDeal 10267
sdbTradeBrokerCancelDeal 10268
asAskAdminRequestUseraction 10269
saAdminRequestUseraction 10270
asAdminRequestUseraction 10271
asAdminRequestSendInfo 10272
asAdminCommand 10273
dbsDeleteQuest 10274
dbsUpdateQuest 10275
dbsTradeBrokerCancelDeal 10276
sdbUserVaporized 10277
dbsSimulateItemTooltip 10278
sdbSimulateItemTooltip 10279
dbsUserRestriction 10280
sdbVisitAllSections 10281
asCampTelAdded 10282
sdbLoadUserRestriction 10283
dbsLoadUserRestriction 10284
sdbLoadUserVipInfo 10285
dbsLoadUserVipInfo 10286
sdbResetVipStore 10287
dbsResetVipStore 10288
sdbBuyVipStoreItem 10289
dbsBuyVipStoreItem 10290
sdbAddVipGameExp 10291
dbsAddVipGameExp 10292
sdbIncreaseInventorySize 10293
dbsIncreaseInventorySize 10294
sdbRequestSendPaperdoll 10295
sdbRequestSendQuestjournal 10296
sdbCouponList 10297
dbsCouponList 10298
sdbUseCoupon 10299
dbsUseCoupon 10300
sdbDeleteCoupon 10301
dbsDeleteCoupon 10302
sdbRightItemList 10303
dbsRightItemList 10304
sdbUseRightItem 10305
dbsUseRightItem 10306
sdbAskChangeCharName 10307
dbsAskChangeCharName 10308
sdbDoChangeCharName 10309
dbsDoChangeCharName 10310
sdbAskChangeGuildName 10311
dbsAskChangeGuildName 10312
sdbDoChangeGuildName 10313
dbsDoChangeGuildName 10314
sdbDoChangeLook 10315
dbsDoChangeLook 10316
asAddToFriendList 10317
asDespawnPet 10318
saTestPacket 10319
sdbVendingmachineStop 10320
asGuildJoined 10321
sdbLoadDungeonCoolTime 10322
dbsLoadDungeonCoolTime 10323
sdbLoadDungeonPhaseLevel 10324
dbsLoadDungeonPhaseLevel 10325
sdbUpdateDungeonRankRecord 10326
dbsUpdateDungeonRankRecord 10327
asTradeBrokerItemSold 10328
sdbAddTutorialSimpleTip 10329
dbsAddTutorialSimpleTip 10330
sdbDontRepeatTutorialSimpleTip 10331
dbsDontRepeatTutorialSimpleTip 10332
sdbLoadTutorialSimpleTip 10333
dbsLoadTutorialSimpleTip 10334
sdbVendingmachineCalculateSeller 10335
dbsVendingmachineCalculateSeller 10336
sdbVendingmachineCalculateBuyer 10337
dbsVendingmachineCalculateBuyer 10338
dbsOperatorTerritoryNpcKill 10339
dbsOperatorCancelTerritoryNpcKill 10340
sdbOperatorTerritoryNpcKill 10341
sdbOperatorTerritoryNpcKillCancel 10342
dbsOperatorTerritoryNpcpartyRespawn 10343
dbsOperatorTerritoryNpctemplateRespawn 10344
sdbChangeItemExterior 10345
dbsChangeItemExterior 10346
sdbRestoreItemExterior 10347
dbsRestoreItemExterior 10348
sdbChangeItemColoring 10349
dbsChangeItemColoring 10350
sdbDecreaseItemColoringLefttime 10351
dbsDecreaseItemColoringLefttime 10352
sdbReviveForDungeonRetry 10353
dbsReviveForDungeonRetry 10354
sdbTurnOnWorkObject 10355
dbsTurnOnWorkObject 10356
sdbSetRecipeBookmark 10357
dbsSetRecipeBookmark 10358
sdbCashItemLog 10359
sdbUseChronoscroll 10360
dbsUseChronoscroll 10361
sdbLoadReputationList 10362
dbsLoadReputationList 10363
sdbUpdateReputationInfo 10364
dbsUpdateReputationInfo 10365
sdbInitLimitRemainReputation 10366
dbsInitLimitRemainReputation 10367
sdbLoadBattleFieldList 10368
dbsLoadBattleFieldList 10369
sdbUpdateDailyQuestCompleteCount 10370
dbsUpdateDailyQuestCompleteCount 10371
sdbUpdateDailyQuestSeed 10372
dbsUpdateDailyQuestSeed 10373
sdbItemPointStore 10374
dbsItemPointStore 10375
sdbItemGuildStore 10376
dbsItemGuildStore 10377
sdbTutorialEnd 10378
dbsTutorialEnd 10379
sdbItemUnidentify 10380
dbsItemUnidentify 10381
sdbDeleteQuestCompleted 10382
dbsDeleteQuestCompleted 10383
sdbInsertFeudalLordFlag 10384
dbsInsertFeudalLordFlag 10385
sdbDecreaseFeudalLordFlagLifeTime 10386
dbsDecreaseFeudalLordFlagLifeTime 10387
sdbLoadFeudalLordFlag 10388
dbsLoadFeudalLordFlag 10389
sdbPoliticsPointStore 10390
dbsPoliticsPointStore 10391
dbsChangePolicypoint 10392
sdbMarkAsQuestCompleted 10393
dbsMarkAsQuestCompleted 10394
sdbLoadReferAFriendList 10395
dbsLoadReferAFriendList 10396
dbsAddReferAFriend 10397
dbsDeleteReferAFriend 10398
dbsCheckSummonFriend 10399
sdbCheckSummonFriend 10400
dbsLoadInviteFriend 10401
sdbLoadInviteFriend 10402
sdbPublishInviteCode 10403
sdbInviteFriendExpireTimeEnd 10404
sdbGiveInviteCompensation 10405
sdbLoadAccountBenefit 10406
dbsLoadAccountBenefit 10407
sdbLoadPremiumSlot 10408
dbsLoadPremiumSlot 10409
sdbLoadPcbangInven 10410
dbsLoadPcbangInven 10411
sdbRequestResetPcbangInven 10412
dbsRequestResetPcbangInven 10413
sdbRequestUsePcbangInven 10414
dbsRequestUsePcbangInven 10415
sdbUpdatePcbangInvenCooltime 10416
dbsUpdatePcbangInvenCooltime 10417
sdbLoadSkillperiod 10418
dbsLoadSkillperiod 10419
sdbUpdateReduceSkillperiod 10420
dbsUpdateReduceSkillperiod 10421
sdbChangeEnchatScrollPassive 10422
dbsChangeEnchatScrollPassive 10423
sdbLoadLearnedSocial 10424
dbsLoadLearnedSocial 10425
sdbUserLearnSocial 10426
dbsUserLearnSocial 10427
sdbUserForgetSocial 10428
dbsUserForgetSocial 10429
sdbUserClearAllSocial 10430
dbsUserClearAllSocial 10431
sdbIncrementCharacterSocket 10432
dbsIncrementCharacterSocket 10433
sdbIncrementCharacterLevel 10434
dbsIncrementCharacterLevel 10435
sdbIncrementCharacterLevelJump 10436
dbsIncrementCharacterLevelJump 10437
sdbIncrementCharacterExp 10438
dbsIncrementCharacterExp 10439
dbsIngameshopCategoryBegin 10440
dbsIngameshopCategoryData 10441
dbsIngameshopCategoryEnd 10442
dbsIngameshopProductBegin 10443
dbsIngameshopProductData 10444
dbsIngameshopProductTag 10445
dbsIngameshopProductItemid 10446
dbsIngameshopProductSubprod 10447
dbsIngameshopProductEnd 10448
sdbAskCurrentHancoinAmount 10449
sdbRequestBuyProductid 10450
sdbSharedAccountData 10451
dbsSharedAccountData 10452
saUserChangeClassRaceGender 10453
asUserChangeClassRaceGender 10454
asEventHuntingbonusItem 10455
saEventHuntingbonusItemresult 10456
sdbEnchantItemBoost 10457
dbsEnchantItemBoost 10458
sdbUpdateItemCustomexitem 10459
dbsUpdateItemCustomexitem 10460
asEventHuntingbonus 10461
saEventHuntingbonusItemadded 10462
sdbDoLimitedGachaWork 10463
dbsDoLimitedGachaWork 10464
sdbExchangeTokenItemToPoint 10465
dbsExchangeTokenItemToPoint 10466
sdbLoadTokenExchange 10467
dbsLoadTokenExchange 10468
sdbLoadLimitedDropPoint 10469
dbsLoadLimitedDropPoint 10470
sdbLoadMasstigeInfo 10471
dbsLoadMasstigeInfo 10472
sdbSetTokenPointQa 10473
dbsSetTokenPointQa 10474
sdbResetMasstigeStatus 10475
dbsResetMasstigeStatus 10476
sdbLoadFatigabilityList 10477
dbsLoadFatigabilityList 10478
sdbNewFatigability 10479
dbsNewFatigability 10480
sdbUpdateFatigabilityPoint 10481
dbsUpdateFatigabilityPoint 10482
sdbLoadPromotionList 10483
dbsLoadPromotionList 10484
sdbUpdatePromotion 10485
dbsUpdatePromotion 10486
sdbDeletePromotion 10487
dbsDeletePromotion 10488
sdbLoadPromotionConditionList 10489
dbsLoadPromotionConditionList 10490
sdbCreatePromotionCondition 10491
dbsCreatePromotionCondition 10492
sdbUpdatePromotionCondition 10493
dbsUpdatePromotionCondition 10494
sdbDeletePromotionCondition 10495
dbsDeletePromotionCondition 10496
sdbItemDecomposition 10497
dbsItemDecomposition 10498
sdbLoadPassivityCooltime 10499
dbsLoadPassivityCooltime 10500
sdbUpdatePassivityCooltime 10501
dbsUpdatePassivityCooltime 10502
sdbNpcArenaBet 10503
sdbCancelNpcArenaBet 10504
sdbItemFloatingCastlePastsStore 10505
dbsItemFloatingCastlePastsStore 10506
sdbOpenFloatingCastlePartsStore 10507
dbsOpenFloatingCastlePartsStore 10508
sdbCollectUseitemInFloatingCastle 10509
dbsCollectUseitemInFloatingCastle 10510
sdbUpdateCustomizingCombineResult 10511
dbsUpdateCustomizingCombineResult 10512
sdbUpdateHoldCharacterStatus 10513
dbsUpdateHoldCharacterStatus 10514
sdbItemAwaken 10515
dbsItemAwaken 10516
sdbItemUnbind 10517
dbsItemUnbind 10518
sdbCheckDailyAttendance 10519
dbsCheckDailyAttendance 10520
sdbResetDailyAttendance 10521
dbsResetDailyAttendance 10522
sdbLoadUserDailyEvent 10523
dbsLoadUserDailyEvent 10524
sdbUpdateUserDailyEventCount 10525
dbsUpdateUserDailyEventCount 10526
sdbUpdateGetExtraReward 10527
dbsUpdateGetExtraReward 10528
sdbAdminUserDailyAttendance 10529
dbsAdminUserDailyAttendance 10530
sdbInitSerenGuideInfo 10531
dbsInitSerenGuideInfo 10532
sdbUpdateSerenGuideInfo 10533
dbsUpdateSerenGuideInfo 10534
sdbRequestMegaphone 10535
dbsRequestMegaphone 10536
sdbBuildGuildTower 10537
dbsBuildGuildTower 10538
sdbCheckPlaytimeReward 10539
dbsCheckPlaytimeReward 10540
sdbReceivePlaytimeReward 10541
dbsReceivePlaytimeReward 10542
sdbLoadCityWarSeasonInfo 10543
sdbLoadCityGuildTowerInfo 10544
sdbDeleteGuildTower 10545
dbsDeleteGuildTower 10546
dbsLoadCityGuildTowerInfo 10547
dbsCityWarInfo 10548
sdbLoadCityGuildInfo 10549
dbsLoadCityGuildInfo 10550
sdbCreateNewCityWarLeague 10551
dbsCreateNewCityWarLeague 10552
sdbChangeCityWarState 10553
sdbChangeCityWarProcessTime 10554
dbsChangeCityWarState 10555
sdbUpdateCityWarInfo 10556
sdbResultCityWar 10557
dbsResultCityWar 10558
sdbAddTax 10559
sdbEquipmentInheritance 10560
dbsEquipmentInheritance 10561
cpPing 19000
pcPong 19001
cpRequestLogin 19002
pcReplyLogin 19003
cpRequestServerList 19004
pcReplyServerList 19005
paPing 19200
apPong 19201
apRegister 19202
paRegistered 19203
apRequestEnterLobby 19204
paReplyEnterLobby 19205
cCheckVersion 19900
sCheckVersion 19901
sMinigameRankEndPoint 20000
cSetSendParcelMoney 20070
cRequestPartyMatchLink 20081
cPetitionCheckSurveyable 20086
sViewCombineBattleFieldRanking 20114
cPremiumComposeAddItem 20123
cChangeCharacter 20178
cCancelReturnToLobby 20206
sItemExtract 20208
cRequestCouponData 20209
sSuccessStyleShopBuyReputationItem 20210
cStartCommanderSkill 20224
cSaveClientAccountSetting 20252
mPong 20291
sAbnormalityDamageAbsorb 20318
cBotCandidateInfo 20335
sCheckNewGuildname 20337
sTutorialPlayFinished 20415
sPetInfoChange 20441
sStartGuildQuest 20508
cMoveSlotInGroupDuel 20521
cGambleTry 20622
sBossBattleInfo 20633
sBattleFieldCancelOccupation 20671
cShowPetmanager 20675
cStartFixVehicle 20706
sArenaFighterChangeHp 20716
cGachaCancel 20735
sClearAllHoldedAbnormality 20793
cDecomposeUnregisterItem 20800
sPremiumComposeAddItem 20866
cRequestTokenTargetItem 20873
sNewGoldRaceInfo 20877
sShowChangeCharacterUi 20883
sStartGuildWar 20949
sUseCoupon 20952
cBlockUser 20964
sPromotionProcess 20993
sItemsynthesizerMaterial 21005
cAddCrystalCombineMaterial 21028
cPetitionCompleteConfirm 21031
sResponseGamestatPong 21035
sCompleteEventMatchingQuest 21037
sAdminDefaultBookmarkList 21044
sFailLootNonOwnership 21056
sEndUserProjectile 21061
sResultUsableGuildName 21066
sChangePartyManager 21119
cIngameChangeUserAppearanceCancel 21120
sResetSkill 21125
sReplyGuildWantedWritingList 21140
cAnsQuestShare 21148
sNpcMenuSelect 21163
sDialog 21183
sPartyMemberBuffUpdate 21217
sSurveyQuestion 21245
sFontSwapInfo 21248
sPrivateChannelNotice 21261
cCollectionPickend 21279
sSetNewTeraUser 21316
cRequestGuildInfoBeforeApplyGuild 21368
cRemoveItemFromVmSellBasket 21401
cReplyTeleport 21438
sChangeEpExpDailyLimit 21511
sAvailableEventMatchingList 21518
sViewBattleFieldResult 21538
cDeclareGuildWar 21581
cRequestUsableGuildName 21693
sEnableDisableSellableItemList 21744
cResetEpPerk 21751
cRequestUpdateAnnounce 21756
cCreateUser 21782
sHoldAbnormalityAdd 21870
sOpenGuildFlagWindow 21938
cAdminLobby 21965
cDespawnBuildObject 21977
sSkillLearnList 22016
sByePet 22081
sCreateUser 22087
sSelectChannel 22093
sNpcLocation 22114
sRestoreCustomizingPartsShape 22123
cStartComboInstantSkill 22162
cDungeonRankRecordList 22168
cRequestEnterVipDungeon 22169
cSocial 22203
sAdminPrivilege 22207
cReleaseFromPrison 22213
sPartyLootingMethod 22234
sDarkRiftJoinList 22314
sNpcTargetUser 22363
sAdminGetDungeonUserList 22366
sEquipItemSet 22395
cJoinGroupDuel 22417
sSpawnNpc 22484
cAdminCheckUsername 22555
sDespawnUser 22558
sStickToUserEnd 22572
sPartyMemberCharmAdd 22575
sDarkRiftMainDefenceChangeHp 22599
sCurrentElectionState 22643
sVehicleExRelation 22649
sCrestAskDisapplyAll 22685
cPoliticsPointStoreBuyDelBasket 22698
cCancelContract 22761
cCustomUserCustomizing 22768
sShowDarkriftUserHp 22792
sAwakenResult 22797
cTradeBrokerHighestItemLevel 22815
sProduceCritical 22850
sVillagerPopupDialog 22871
sStartVmSell 22924
sResetEpPerk 22946
sPartyMemberCharmEnable 22964
cRequestRenameGuild 22969
sClientCommand 22996
sBattleFieldUserLoadInfo 23151
sShowPartyMatchInfo 23156
sNpcPartBlink 23223
cAcceptGuildWar 23234
sFinSnowEventBattleField 23287
sFinInterPartyMatch 23288
sShowAwesomiumwebShop 23319
sLoadClientUserSetting 23362
cQueryCoin 23394
cReplyTeleportNearTown 23403
sTradeAccept 23415
sPlayerVehicleExStatUpdate 23555
sBroadcastFloatingCastleInfo 23565
sGuildPerkList 23581
sBattleFieldScore 23601
cTradeBrokerInputPrice 23602
sCollectionPickstart 23625
sPointStoreSellList 23681
sLordCandidatePledge 23687
sAdminGetUserInfoListByDistance 23703
sGuildLevelInfoChanged 23774
cCreateGuildgroup 23783
cSetPos 23788
sRightItemList 23791
sArenaFightAbnormalityRefresh 23837
sServantAbility 23891
sPlaySoundByname 23912
cRollbackQuest 23930
sSpawnPet 23944
cRoundPveSkillSelect 23960
cPing 23966
sRequestDemolistGuildTowerPopup 23995
sAwesomiumDebugMode 24019
cRequestPartyMatchInfo 24041
cViewWare 24063
cItemsynthesizerRequestCancel 24078
sCancelVoteDismissParty 24184
sDungeonChangeNpcCylinder 24222
sCancelDeleteUser 24229
sGuildQuestList 24288
sPlaytimeEventEnd 24345
sReleaseFromPrison 24355
sSetRecipeBookmark 24361
cTradeBrokerRejectSuggest 24364
cEndRestoreCustomizingPartsShape 24372
sSpawnShuttle 24384
sRoundPvpBattleFieldBoard 24411
cChangeMode 24422
sChangeCityWarState 24445
sGroupDuelInit 24461
sDuelEnd 24480
cRecommendGuild 24494
sPoliticsPointStoreBasket 24577
sTaxInfo 24620
cRequestCityWarMapInfo 24637
cDungeonWorkLeave 24645
cPartyLootingMethod 24674
sFailGuildQuest 24700
sPartyMemberCharmDel 24709
sResetAllProductMarkEvent 24726
sOpenCityWarSeasonHistory 24736
cUnbindItem 24769
sListParcelEx 24817
cSuggestDarkRiftPartyMatching 24860
sStartFixVehicle 24877
sCurrentChannel 24908
cLordRegister 24938
sListParcel 24980
cShowParcelMessage 24985
sLoginArbiter 24995
sVisitNewTelCamp 25010
sMoveDistanceDelta 25012
sDungeonWorkResult 25017
sEventQuestSummary 25040
sLordTaxSet 25068
cAskHancoinAmount 25080
cDistributorAnswer 25090
sTotalGuildWarData 25092
sDungeonVisibleBg 25160
sCrestMessage 25176
sStartClimbing 25177
sFinishGuildQuest 25187
sOpenVmSellbuyWindow 25225
sCrestApply 25231
sCompleteVote 25232
sContentsTimer 25340
sVmSellBasketInfo 25374
sGuildInfo 25456
sCannonBattleFieldCrashDoor 25552
cAdminChatBan 25558
cRequestMegaphone 25571
sCancelPrepareChangeUserAppearance 25590
sDungeonEventMessage 25655
sDungeonWorkEnter 25687
sDarkRiftChangeAreaWorldNoti 25698
cGetEventDetail 25706
sResultChangeMyProfile 25721
cRestoreCustomizingPartsShape 25730
cStoreBuyDelBasket 25888
cLeaveGroupDuel 25922
sIngameChangeUserAppearanceStart 25930
cPrepareWorkobject 25951
cDelFromAwaken 25961
sGetUserList 25983
sRequestCityWarMapInfoDetail 26005
sQaSetAdminLevel 26010
cPlayerLocation 26020
sCantFlyAnymore 26033
sAnswerInteractive 26059
sPetitionChatGmMessage 26072
sStartLevelCompensation 26089
sSendVipSystemInfo 26154
cVoteHistory 26156
sIsNotLord 26157
sIngameshopProductData 26173
sInitRoundPveBattleField 26192
cDelCrystalCombineMaterial 26226
sArenaResult 26256
sRejectContract 26275
cReturnUserGift 26304
sLoadClientAccountSetting 26305
sPlayTime 26359
sFinStrongholdOccupationBattleField 26379
sEmitterSetZ 26395
cShowQuestInfoDialog 26400
sCreatureChangeHp 26406
cChatReport 26487
sOtherUserApplyParty 26497
sIngameshopProductBegin 26569
cFacialAttachment 26592
sKumasBossChangeInfo 26595
sDungeonRankSeasonList 26626
cSettleUpSellVm 26635
sBuyVipStoreItemSuccess 26665
sPreviewItem 26669
sRequestUpdateCustomUserCustomizing 26670
sUpdateVmStatus 26742
cStartClimbing 26783
sBattleFieldState 26820
sAirReactionEnd 26839
cPointStoreBuyDelBasket 26849
sViewBattleFieldRankingServerList 26908
sAddCharmStatus 26967
sNoctanVariationInfo 27008
sDailyQuestCompleteCount 27023
sNpcguildList 27037
sFinRoundPvpBattleField 27039
sInitializeAwesomium 27056
cLordRegisterInfo 27137
cChangeGuildname 27156
cPremiumComposeReset 27226
sDungeonWorkPointStoreSellList 27239
sCompletedMissionInfo 27253
cRequestGuildList 27260
sUpdateKumasBossPos 27330
cBindItemCancel 27359
sSetSendParcelMoney 27362
cApplyParty 27363
cLordCalcTax 27372
sSpawnProjectile 27411
sTimeoverContract 27466
sUserLevelup 27487
cServantAbility 27525
cRequestGuildListPage 27585
cIngameChangeUserAppearanceTry 27658
cAddTeleportToPosList 27701
sDungeonAdditionalWorkUi 27723
cTradeBrokerBoughtItemList 27739
cGetOutShuttle 27741
sGambleBegin 27746
sDialogClose 27774
sAskCodeHash 27781
sFeudalLordFlagInfo 27860
sUpdateKumasBattleFieldTreasureInfo 27863
sPremiumComposeUiInfo 27897
sPreconfirmInviteCode 27945
sCityWarNpcKill 28123
sLordRankInfo 28137
sMedalStoreSellList 28163
cBattleFieldMapAlarm 28200
sEmptyGuildWindow 28275
sLeaveGuild 28292
cPetIncubatorPut 28304
sAddGuildGroup 28320
sPartyMemberStatUpdate 28370
sBettingInfo 28401
cShowItemTooltipEx 28421
sUserSituation 28428
sGroupDuelRecord 28439
sFinWorldOfTankBattleField 28450
cRegisterPartyInfo 28461
sRoundPveCloseSkillUi 28494
cUnregistCustomizingPartsShapeItem 28520
cStopVm 28608
sSetAwesomiumWebUrl 28631
cPartyMatchWindowClosed 28659
sInitRoundPvpBattleField 28660
cRequestCancelGuildQuest 28696
cPartyNotifyMyPosition 28711
sItemCustomString 28722
sGambleEnd 28772
cUnregisterPartyInfo 28801
sMinigameStart 28818
sUserAim 28932
sUpdateAchievementProgress 28940
sResultSerenGuide 28948
cCommitChangeUserAppearance 28959
sExit 28963
sIngameshopProductEnd 28973
cDelTradeBag 28996
sPrepareIngameChangeUserAppearance 29006
cRequestBattleFieldPartyMarkerClear 29013
sIngameshopProductTag 29025
sResultChangeCharacterName 29049
cChangeMyState 29056
sTradeBrokerSuggestDeal 29059
sPremiumComposeResult 29183
sDecompositionItemResult 29235
sDarkRiftClearMapMarkerWorldNoti 29269
sGrantSkill 29286
sAddToTemperMaterialEx 29296
cExit 29327
sReplyNondbItemInfo 29356
sAskInterPartyMake 29359
cLeaveParty 29375
sSkillChaseEffectTarget 29385
sStartCustomizingPartsShape 29395
sDespawnServant 29409
sDarkRiftDefenceObjectChangeHp 29443
cMedalStoreBuyAddBasket 29515
sSkillLearnResult 29541
cSwapParty 29601
sChangeServantName 29676
sShowParcelMessage 29684
sResultChangeFriendMemo 29738
cLeaveGuild 29755
cCompleteDailyEvent 29757
sDungeonUiHighlight 29760
sTeleportToCamp 29762
cTradeBagDone 29823
cPutIntoPrison 29849
sPlaytime 29867
sLockonYou 29886
sMaterialParamChange 29938
cGroupDuelDelBettingItem 29942
sEnterCityWar 29966
cUseItem 29967
cDelItem 30045
sViewWare 30046
cVoteResetAllDungeon 30121
sWelcomePetOwner 30169
cRequestDungeonWorkList 30181
cSaveClientUserSetting 30187
cInviteFriendCode 30200
sEndProductMarkInfo 30284
sConnectSkillArrow 30285
sStageStart 30346
sLordOpenCandidateWindow 30353
cGetGuildHistory 30376
sInitSnowEventBattleField 30379
cAdminCheckUsernameWithGameid 30406
cHardwareInfo 30444
cRecvParcel 30486
sEndPegasus 30509
sInitKumasBossBattleField 30515
sPlayerChangeStamina 30554
cCreatePrivateChannel 30556
cMainMenuCommandExec 30557
sPetitionInfo 30576
cSaveChatSetting 30590
sAdminGmSkill 30598
sCheckExtract 30632
cCityWarSeasonHistroy 30656
sCityWarInfoHistroy 30716
sGuildStoreSellList 30749
cRequestUsableCharacterName 30803
sShowTemperWindow 30906
sEnchantScrollResult 30930
sGuildLog 30955
sRequestFloatingCastlePartsCoolTime 30962
sCancelVoteResetAllDungeon 30968
sCreatureRotate 30994
sGetInShuttle 31051
sCameraShake 31053
cSecondPasswordAuth 31187
cAcceptFriend 31189
cDecomposeRegisterItem 31202
sInviteCodeExpireTime 31242
sEndCustomizingPartsShape 31255
sGuildMoneyInfoChanged 31260
sSpawnServant 31331
sBattleFieldEndOccupation 31343
sSystemMessageCustom 31366
sBroadcastClimbing 31377
sBattleFieldPartyMarkerClear 31378
sLordGuardInfo 31388
sPartyMemberChangeHp 31449
sReturnUserRewardEnd 31456
cAdminRequestChatBan 31534
cSecondPasswordRegister 31543
sVoteResetAllDungeon 31558
sActionStage 31562
cPressSkill 31577
cCrestApplyList 31637
sStartCooltimeSkill 31656
sRequestCityWarMapInfoEnd 31661
sGuildTowerInfo 31663
sTaskInfoGuard 31671
sUpdateGuildQuestStatus 31683
cRequestSetGuildWantedWriting 31767
cCrestApply 31775
sClearWorldQuestVillagerInfo 31847
sNotifyDisconnectByLevelLimit 31965
cGambleGo 31970
sCheckToReadyParty 32019
sAddAwakenChangeData 32071
cTeleportToPos 32077
sMinigameFail 32100
cToggleTaskInfoWindow 32101
cTradeBrokerUnregisterItem 32107
cBanPartyMember 32116
cBuyIngamestoreMoneyproduct 32136
cEditBlockedUserMemo 32165
cLearnEpPerk 32257
cFloatingCastlePartsStoreBuyDelBasket 32262
sPlayerChangeProf 32333
sLearnEpPerk 32350
sRemoveGuildGroup 32355
cFloatingCastlePartsStoreCommit 32382
cSetSendParcelItem 32412
sOpenCrestWindow 32418
cBattleFieldPointStoreCommit 32424
sVehicleExArrow 32461
sBattleFieldHelp 32465
cExpandInvenSize 32490
cRequestPerf 32629
cExtractRegisterItem 32639
sDespawnCollection 32645
cRaiseGuildWar 32691
sSnowEventBattleFieldSpawnUser 32703
sMyCondition 32767
sStrongholdOccupationBattleFieldStrongholdInfo 32804
sSnowEventBattleFieldResult 32832
sPlayAnimation 32850
cUpdateGuildLogo 32854
cSimpleTipRepeatCheck 32891
cPetUnequip 32926
cRequestUpdateIntroduce 32971
sPrepareWorkobject 32990
sVisitedSectionList 32993
sCanCreateUser 33051
sCompleteChronoscrollUse 33052
sMute 33103
sRankPointStatus 33128
cReceivePlaytimeEventReward 33210
cClearSendParcel 33234
cExecuteAwaken 33238
sStopVm 33268
cRegisterVmBuyItem 33287
cRequestInviteGuildList 33291
sCloseVmSettingWindow 33314
sAskQuestShare 33315
sShowDeadCityWarUi 33438
cRequestInviteGuildListPage 33482
sChangeEpPoint 33515
sBattleFieldPointStoreBasket 33526
cRequestGuildInfo 33556
cTryItemBidding 33569
sLordCandidateList 33587
sPlayerChangeEp 33588
sAdminWarningMessage 33641
cPdhQuery 33689
cGroupDuelChangeRepresent 33746
cTradeBrokerHistoryItemListPage 33753
cSurveyAnswer 33759
sCitywarWarningUnderattack 33762
sPetStopAlert 33778
cToggleGroupDuelSlot 33790
sChangeMode 33833
sShortcutChange 33848
sRecvParcel 33860
sPetIncubatorProgress 33891
cAskInteractive 33928
sArtisanSkillList 33937
sFixSpiritComplete 34035
cAdmin 34050
sDespawnShuttle 34086
sIngameshopCategoryBegin 34096
sGuildPointInfoChanged 34138
sLeaveParty 34176
cMeetBossInfo 34219
cRewriteItemString 34235
sGhost 34242
sSpawnWorkobject 34271
sRemoveCharmStatus 34305
sPartyMemberQuestData 34337
sStartClientCustomSkill 34419
sSetVisible 34465
cTradeBrokerWaitingItemListPage 34469
cRequestGuildListSort 34478
cRequestGuildWantedWritingListPage 34500
cBettingTry 34535
cCancelExit 34538
sEnchantBoosterSuccess 34563
sQuestBalloon 34564
cStartDriveAirship 34626
sPartyMemberAbnormalClear 34686
sUpdateProduce 34687
sFreeFightBattleFieldBoard 34693
sRequestIngamestoreProductDetail 34701
cPremiumComposeCancel 34704
cGroupDuelBettingMoney 34734
cStoreSellAddBasket 34802
sChangeGuildChief 34831
cRequestTeleport 34861
sResetCharmStatus 34904
cSetItemString 34977
sEachSkillResult 34991
cSetVisibleRange 35032
cEndItemBidding 35053
sUnbindItemResult 35077
cSettleUpBuyVm 35080
cExecuteTemper 35083
cAdminGetUserInfoByDbid 35133
sFindname 35140
sWorkWorkobject 35181
cSendParcel 35191
sCombatlogStart 35193
cRequestResetVipStore 35194
sCannonBattleFieldStrongholdInfo 35208
sPointStoreBasket 35218
sChangeFriendProfile 35229
sTradeBagClose 35255
sRemoveGuildMember 35262
sStoreCommit 35264
sStartInverseCapture 35334
cChangeGuildgroup 35340
cGiveUpGuildWar 35354
sDespawnPet 35412
cAdminAddCustomBookmark 35421
sEnchantBoosterDropItem 35449
sOpenEpperkResetPopup 35469
cCheckToOppositeDeclareGuildWar 35487
cUnidentifyExecute 35502
sChangeCharacter 35518
sBeginThroughArbiterContract 35529
sInitWorldOfTankBattleField 35535
cAvailableEventMatchingList 35540
sAttendanceEventRewardCount 35600
cCancelLockonTarget 35659
cRequestRoundPveSkillList 35717
cItemColoringAddItem 35734
cRequestShareQuest 35759
sAbnormalityRefresh 35800
cGuildApplyListPage 35801
sCheckToDeclareGuildWar 35880
sBanishGuildMember 35885
cPlayerFlyingLocation 35907
sImageData 35941
cAdminKillNpc 35978
cCancelRevive 36036
sDeleteNpcFromMap 36048
cTradeBrokerWaitingItemListSort 36138
sShareUserPing 36142
sAdminGetUserInfoByDbid 36164
cEnchantBoosterRegisterItem 36184
sFatigabilityPoint 36212
cChangeServantName 36213
sItemColoringBag 36227
sDungeonStatus 36251
sEndFixVehicle 36262
cDeleteFriendGroup 36264
cRejectInviteUserToGuild 36279
sRemoveBlockedUser 36280
sVoteHistory 36302
sUpdateGuildAnnounce 36306
sDestroyGuildTower 36316
sReplySetGuildWantedWriting 36346
sEndChatBan 36441
cDungeonWorkPointStoreBuyDelBasket 36470
sCountdownGroupDuel 36478
sDungeonCoolTimeList 36483
sBonfireCharmAdded 36534
sEnchantBoosterRegisterItem 36570
sItemIdentifyResult 36647
sGuardPkPolicy 36673
sViewWareEx 36675
sBattleFieldUserKillEvent 36759
sParcelReadRecvStatus 36868
cMakeMoneyDeprecated 36906
cSelectEventMatching 36945
sCombatlogCurrentAggroList 36953
sPetitionCheckSurveyable 36985
sReturnParcel 36995
sGateAttackAlarm 37009
cRequestDiceThrow 37047
sSetItemBiddingFlag 37054
cAdminRequestUseraction 37069
cDeleteUser 37103
sTradeBrokerHistoryItemList 37158
cEnterTeleportterritory 37178
sTradeBrokerCalcBoughtItem 37217
sRequestDungeonMatchingUi 37241
cChangePartyMemberAuthority 37305
sShowPcbangIcon 37317
sStartDriveAirship 37337
sBattleFieldAddScore 37355
sPoliticsPointStoreSellList 37397
sSpawnDoor 37432
sStartPegasus 37449
cPartyLootingMethodVote 37465
sResetGuildPerk 37478
cBanFromGroupDuel 37483
cDeleteParcel 37525
cBattleFieldBoardRequest 37568
sDungeonCameraSet 37587
cDeleteTeleportToPosList 37601
sSkillList 37636
cStartFixSpirit 37638
cRequestDemolistGuildTowerPopup 37647
sInitSerenGuide 37669
cBattleFieldStartOccupation 37693
sDuelTime 37702
sCollectionProgress 37709
sChangeVoiceUseQac 37742
sAccountBenefitList 37810
sDefendSuccess 37838
sTransferKumasBattleFieldTreasure 37853
cCompleteQuest 37857
sCustomMessage 37890
sDespawnDropitem 37891
sTradeBagDone 37893
sBossGageStackInfo 37905
cNotifyLocationInDash 37960
sInitCannonBattleField 37982
sPremiumSlotOff 37991
sRequestGuildFlagImageData 38031
sEndLevelCompensation 38099
sEnableCharmStatus 38150
sCancelPartyMemberBan 38152
cChangeChannelPassword 38195
sCheckUsername 38204
sGroundEffect 38234
sShowDungeonRetryUi 38236
cStoreBuyAddBasket 38249
sKnockBack 38250
cRequestNondbItemInfo 38309
sUserExternalChange 38330
cStoreSellDelBasket 38410
cToggleGroupDuelReady 38421
sSystemMessageLootItem 38423
cExtractUnregisterItem 38451
cEndStyleShop 38459
cWhisper 38532
sDebugPos 38543
sSystemRewardMessage 38573
cAdminRequestCustomBookmark 38727
sIngameshopProductItemid 38775
sUnicastFloatingCastleInfo 38801
cRemoveGuildgroup 38806
sWaitingList 38810
sReplyRequestContract 38814
cGambleCancel 38820
sSuggestDarkRiftPartyMatching 38917
cAddMaterialAwaken 38931
cCheckNewGuildname 38948
cRandomPassiveLock 38969
cDestroyGuild 38981
sSkillCategory 38997
sSkillAttentionTarget 39000
cSetTargetInfo 39014
sCouponList 39026
sDarkRiftDefenceObjectInit 39030
cChangeGuildChief 39035
sItemUnidentifyResult 39036
sPlayMagnetic 39038
cCheckUsername 39065
sTokenPointStatus 39083
sUpdatePartyMemberQuestData 39089
cUnmountVehicleEx 39119
sBanParty 39171
sPartyMemberAbnormalRefresh 39238
sUpdateProductMarkInfo 39272
sRoundPveOpenSkillUi 39302
sShowNpcToMap 39332
sAnnounceMessage 39348
cCancelChangeUserAppearance 39362
sCustomizingPartsShapeItemList 39389
cViewBattleFieldRankingServerList 39390
sUnicastTransformData 39394
sAccountPackageList 39399
sDungeonRankRecordList 39406
sAddFriend 39420
cTradeBrokerRegisterItem 39465
sPremiumComposeStart 39475
cMountVehicleEx 39524
cReplyTeleportWalkThrough 39639
sUnidentifyExecute 39675
cReuquestJoinedChannelList 39708
sRoundPveBattleFieldResult 39798
sPlayEventSound 39815
sShowHp 39843
sStartVmBuy 39846
cShowGuildQuestList 39851
cDeleteFriend 39865
cGambleChangeBetItem 39910
sCityWarNpcInfo 39933
sAddCrystalCombineMaterial 40004
sSetKumasBattleFieldTreasureScore 40006
sEndGuildWar 40010
sFearmoveStage 40014
cCityWarInfoHistroy 40017
cFindname 40023
sPkDeclare 40061
cNpcContact 40081
sInstantPull 40102
sDarkRiftProgressStepWorldNoti 40126
cItemsynthesizerRequestMaterial 40142
sBattleFieldSeasonRanker 40155
cAddTradeBag 40165
sDespawnProjectile 40173
cAddInterPartyMatchPool 40185
sEquipItem 40263
sGuardtowerAttackAlarm 40266
mPdhData 40269
sInviteFriendCode 40278
sUserStatus 40289
cRequestBattleFieldPartyMarker 40292
sSteerDebugCommand 40296
cCrestDisapplyAll 40334
sSimpleTipRepeatCheck 40344
sGuildMemberList 40364
sSkillTargetingArea 40366
sUnmountVehicleEx 40385
sCannonBattleFieldBoard 40411
cShowTradeLog 40421
cSlashCommand 40472
sItemDecompose 40477
sInstantThrow 40506
cEditFriendGroup 40532
cOpenGuildWarWindow 40561
sUnequipItem 40568
sUserItemlevelInfo 40577
sPartyMemberList 40578
sShowPegasusMap 40589
sPrivateChat 40605
sBettingStart 40611
cUpdateContentsPlaytime 40630
cRequestUserItemlevelInfo 40660
sUpdateFriendInfo 40702
sStartUserProjectile 40737
sNotifyQuestRestart 40743
sShowCrestLearn 40774
sCombatlogAddValue 40780
cMergeItem 40793
cPremiumComposeTry 40803
sGroupDuelCurrentBettingItem 40805
sPartyMemberIntervalPosUpdate 40809
cRequestGuildWantedWritingList 40822
sFailCharmStatus 40835
sBattleFieldJackpotEventStart 40844
sPurchaseProd 40847
sStartRoundPveRound 40854
cRequestContract 40919
sBonfireStatus 40948
cRequestRenewAllPartsItem 40949
sPlayerChangeExp 40954
sLogoutPartyMember 40982
sPlayerAutopilot 40997
sBattleFieldEntranceInfo 41016
sQuestInfo 41041
sPetInfoClear 41164
sEventGuide 41191
cAdminRemoveNpc 41212
sAskTeleport 41283
sArenaStartFight 41299
cAddItemToVmSellBasket 41330
sItemsynthesizerResult 41345
sPkTag 41356
sAbnormalityResist 41357
cCombatlogUserInfoReset 41393
cUnregisterVmSellItem 41407
sBroadcastFloatingCastleNameplate 41435
cCloseVm 41455
sSpawnUser 41463
sUpdateGuildGroup 41477
cRidePegasus 41484
cGetGuildWareHistory 41543
sDespawnBuildObject 41549
cLordCandidatePledge 41574
cPetRepair 41602
sSendQuestItemInfo 41604
sUserItemEquipChanger 41645
sHancoinAmount 41668
sCancelExit 41696
sInstanceArrow 41740
sPutWareItem 41745
sNotifyGuildWarStatusChange 41748
cChangeItemColoringPotion 41753
sAdminHoldCharacter 41765
sInstantMove 41814
sDungeonChangeNpcAnim 41816
cRequestGuildLevelRanking 41825
cStoreCommit 41964
sMyDescription 42009
cSelectChannel 42068
sPlayEffect 42081
sDestroyGuild 42130
cRequestGuildWarTrackingInfo 42135
cPong 42142
sReplyGuildList 42143
sCrestInfo 42149
cCheckChangeGuildname 42181
sEpSystemDailyEventExpOnOff 42182
sWhisper 42199
cCheckToDeclareGuildWar 42256
cCloseSendParcel 42271
cTradeBrokerCalcBoughtItem 42297
cGroupDuelBetting 42307
sPetitionChatBegin 42311
sPlayerResetEp 42354
cPetIncubatorStart 42369
cRequestImageData 42416
sSwitchInfo 42479
cInvalidBuildVersion 42500
cReplyThroughArbiterContract 42574
sBattleFieldPartyMarker 42603
cItemsynthesizerRequestStart 42666
cUpdateSkillScript 42669
sResultItemColoring 42686
cAddFriendGroup 42689
cCheckToReadyPartyAnswer 42697
cLordChangeGreetings 42720
sChangeDestposProjectile 42761
sVoidGuardInfo 42778
sRoundPveBattleFieldBoard 42788
cListChannel 42800
sPremiumComposeDelItem 42809
sDungeonSummonParty 42834
cTeleportDarkRift 42857
sSystemMessageLootSpecialItem 42871
cAdminVanishPet 42900
cRemoveItemFromVmBuyBasket 42933
cTransferVehicleEx 42944
sBuyIngamestoreMoneyproduct 42949
sShowDeadUi 42950
sBossGagePriority 42974
sResultBiddingDiceThrow 43003
sGuildAccountLimitInfoChanged 43015
sDeleteAllProduct 43063
sItemResetResult 43064
sInstantCatch 43065
cReturnParcel 43127
cRegisterVmSellItem 43143
sSpawnDarkRiftCloud 43144
cAdminGmTeleport 43164
sVillageListToTeleport 43218
cUpdateMyDescription 43228
cRequestUserPaperdollInfo 43232
cPetOrbDelete 43240
sDecreaseCooltimeSkill 43245
sPartyMemberInfo 43260
sStoreSellList 43280
sLordOpenRegisterWindow 43298
sDarkRiftDespawnWorldNoti 43302
cRequestPrivateChannelInfo 43310
sExtractRegisteredItem 43323
sSpawnMe 43390
sTradeBrokerDealInfoUpdate 43411
sToggleTaskInfoWindow 43418
sPostProcessMaterial 43428
cWithdrawGuildWar 43430
cRequestLatestUpdateNotification 43437
sMinigameWait 43465
cEnchanterUse 43472
sResultIngameChangeUserAppearance 43519
cBattleFieldPointStoreBuyDelBasket 43523
sCrestChangeFail 43530
cRequestGuildWarPenaltyInfo 43532
sLoadDungeonSoundHint 43539
sCommandHelp 43540
sUserEffect 43546
cPlayExecuteTemper 43549
cLoginArbiter 43554
sChangePkInfo 43565
cPointStoreBuyAddBasket 43606
sBrocastUpdateGuildFlag 43721
cUserReport 43735
cLordChangePolicy 43744
cMainMenuCommand 43767
sCannonBattleFieldGuardtowerStatus 43769
sPlayerStatUpdate 43775
sSpawnBuildObject 43790
sPkReady 43791
cDungeonWorkPointStoreCommit 43805
sSetGuildJoinCondition 43818
cRequestAchievementList 43837
sStrEvaluateList 43841
cShareUserPing 43868
cBroadcastClimbing 43883
sRequestIngamestoreMarkProductlist 43903
sPartyMarker 43906
sPlayerChangeFlightEnergy 43909
sTradeBrokerWaitingItemList 43914
sPlayerChangeUnionSkillCount 43931
cDungeonRankSeasonList 44023
cEnterBattleField 44035
cRequestStartGuildQuest 44135
sRequestInviteGuildTag 44162
sPositionSwap 44168
sGuildLevelRankingList 44186
cLoadEpInfo 44228
sStartActionScript 44248
sFriendGroupList 44268
cLeaveTeleportterritory 44380
sStartCooltimeItem 44387
cCanLockonTarget 44396
sRequestChangePartyMatchRule 44432
cRequestRecvDailyToken 44491
sUnmountVehicle 44508
cRequestChangeCharacterName 44534
cUnequipItem 44539
cGetAttendanceReward 44605
cEndClimbing 44613
sDeleteGuildTowerMyGuild 44634
sCompleteLoopQuest 44643
cLordAchievementAccomplishedList 44653
sNpcRespawnPlanAlarm 44656
cBattleFieldReward 44685
sRoundPvpBattleFieldResult 44726
sReplyInviteGuildList 44737
cVehicleexLocation 44752
sDarkRiftDestoryObject 44777
sDungeonEventGage 44786
cGroupDuelAddBettingItem 44858
sKumasBossBattleFieldResult 44885
sChangeLootItemAmount 44892
sGambleResult 44895
sResultLearnGuildPerk 44916
sUseRightItem 44941
sPutIntoPrison 44983
sLordOpenVoteWindow 45031
sLoadChatSetting 45061
sVoteDismissParty 45104
cAddToTemperMaterialEx 45122
sTradeMessage 45126
cPlayTime 45207
cAdminWarningMessage 45232
cMergePartyToRaid 45257
sArenaFightAbnormalityBegin 45285
cRequestGuildMemberList 45298
cEventGuide 45364
cGuildStoreBuyDelBasket 45393
cRequestPing 45406
sDelInterPartyMatchPool 45414
cRequestRightItemList 45446
sSetSendParcelItem 45449
sVmBuyBasketInfo 45461
sInvalidBuildVersion 45493
sDungeonConsoleEvent 45517
cCompleteExtraEvent 45537
sGuildStoreBasket 45565
cAdminRequestUserinfo 45623
cLordCandidateList 45629
sGuildEmblem 45672
cGetAoiInfo 45677
sAdminCustomBookmarkList 45678
sChangePartyMemberAuthority 45715
cEnchantBoosterStart 45754
sRewriteItemString 45811
sEnemyBattleFieldCommanderChanged 45836
sUnicastFloatingCastleNameplate 45839
cLordVoteCandidateList 45850
cChangeFriendMemo 45862
sViewPartyInvite 45923
cAnswerBanningPartyMember 45940
cOppositeDeclareGuildWar 45957
sMedalStoreBasket 45966
cNpcguildList 45968
cCheckUnidentifyItems 46024
cChangeGroupDuelSetting 46039
cGetWareItem 46057
cShowAwesomiumwebShop 46099
cPromotionInfo 46104
sShowArtisanMenu 46119
cDelFromTemperMaterial 46164
sPrepareExit 46194
cPcbanginventoryUseSlot 46200
cPromotionStart 46211
sSetPos 46268
sDungeonJackpotEventStart 46280
sResultRenameGuild 46309
sNotifyActiveBuildTerritoryState 46311
sTradeBrokerRequestDealResult 46323
cAdminHoldCharacter 46337
sGuildHistory 46367
sPartyMemberChangeMp 46375
sNotifyBattleFieldNpcDespawn 46495
sIngameshopCategoryEnd 46503
sWatchedMovies 46519
sDeleteUser 46524
sMountVehicleEx 46525
cReplyInterPartyMake 46531
sInterestInfo 46537
cHitUserProjectile 46570
sPartyMemberAbnormalDel 46614
cPetitionFeedback 46629
sUpdateVmSettingWindow 46674
sInitKumasBattleField 46715
cCancelTemper 46740
sPetAttacked 46846
sRequestRenewAllPartsItem 46853
sRequestContract 46864
sUserLocation 46917
sReadyPull 46918
cShowTradeItem 46929
sSecondPasswordRegisterResult 46950
cUnregisterVmBuyItem 47007
sGetEventDetail 47036
cStartTargetedSkill 47058
cBindItemBeginProgress 47075
cConfirmInviteCode 47088
sPetitionCancel 47108
sPetitionCheckCreatable 47142
sAbnormalityBegin 47165
sNotifyBattleFieldChatBan 47181
sLoadTopo 47214
sGuildWarPenaltyInfo 47221
sMainMenuCommand 47230
sTradeBrokerCalcNotify 47251
sCanDungeonRetry 47395
sInviteCompensationGuide 47426
cDungeonUiOpened 47444
sResponsePong 47473
sLogin 47487
sArenaOptimization 47522
sSendParcel 47534
sCancelPartyMatchPool 47560
cTradeBrokerSuggestDeal 47599
sNpcAiEvent 47644
cLordTaxSet 47648
sRewardnpcSpawnAlarm 47691
sTemperResult 47702
cDialogEvent 47769
sPlayerChangeNoctanCount 47801
cCancelSelectChannel 47839
sEndDarkriftUserHp 47846
sLockonArrow 47895
sDespawnGambleBox 47954
sVisitNewSection 47972
sRequestGuildInfoBeforeApplyGuild 47997
cPromotionCancel 48019
sChangeRelation 48026
sNeedWarehouseCommision 48069
sDungeonNewbie 48079
sStoreBasket 48085
sNpcPartialDestruct 48089
sRandomPassiveLock 48095
sLoadTeleportToPosList 48179
sDialogEvent 48216
cRemoveBlockedUser 48226
cRequestTotalGuildWarData 48289
sCancelReturnToLobby 48290
cStartVmBuy 48296
sCouponData 48306
sPartyLootingMethodVote 48392
sResultGroupDuelMsg 48402
sPromotionSuccess 48440
sAbnormalityScaleUp 48491
sFacialAttachmentBroadcast 48518
cCrystalCombineExecute 48525
cGuildStoreCommit 48562
sAdminNotice 48565
sEndRestoreCustomizingPartsShape 48605
sTradeBrokerSoldItemList 48626
sStartProduce 48695
sAskExpandInvenSize 48754
sPkPoint 48822
sIngameChangeUserAppearanceCancel 48841
sJoinPrivateChannel 48853
sRoundPveSkillInvoke 48859
cGuildStoreBuyAddBasket 48923
cTryLootDropitem 48939
sArtisanRecipeList 48950
cShowItemTooltip 48990
sPetitionChatEnd 49007
sShowTradeItem 49017
sRankMessage 49044
cLeavePrivateChannel 49075
sGachaStart 49088
sGuildApplyList 49099
cStyleShopBuyReputationItem 49192
sBossGageInfo 49207
sBattleFieldStrongholdEvent 49228
sMasstigeStatus 49282
sIngameshopProductSubprod 49321
cDeleteCoupon 49329
sBindItemBegin 49374
cStartGuildSkill 49459
sChat 49481
sPcbanginventoryDatalist 49488
cTradeBrokerDealConfirm 49497
cRequestPartyInfo 49517
cOpCommand 49528
cAdminGetUserInfoListByDistance 49562
sPostProcess 49595
cResetAllDungeon 49618
sFinRoundPveRound 49619
cPutWareItem 49728
sLeavePrivateChannel 49730
sLordVoteCandidateList 49780
sResultUsableCharacterName 49816
cEnterScenarioDungeon 49834
sCompleteQuest 49905
sKumasBattleFieldResult 49928
sCancelPartyLootingMethodVote 50004
cRequestDemolishGuildTower 50130
sDespawnEventSeed 50145
sAddInterPartyMatchPool 50148
cGuardPkPolicy 50170
sAdminGetUserinfoWarehouse 50187
sCanLockonTarget 50296
cUpdateGuildTitle 50315
cTradeBrokerDealPriceUpdate 50356
cDungeonWorkRetry 50397
sReignInfo 50413
sMergePartyToRaid 50500
cListParcel 50501
sGetWareItem 50521
sPremiumSlotDatalist 50530
sPartyMemberAbnormalAdd 50545
cNotimelineSkill 50558
cUserAimTo 50564
cTradeBagClose 50671
sRequestSecondPasswordAuth 50672
cParcelReadRecvStatus 50694
sLoadHint 50702
cMoveWarePos 50712
cSendUiLog 50770
sMinigameEnd 50808
sNotifyVmStatus 50850
sOpenChangeCharacterNamePopup 50926
sLoginAccountInfo 50939
sDoneTelCamp 50965
sUpdateEventSeedState 51025
cGambleStop 51041
sCannonBattleFieldResult 51123
sLeavePartyMember 51145
sAdminCheckUsername 51151
cRequestResetEpperk 51153
sEndThroughArbiterContract 51158
cCheckEventMatchingListCheckbox 51186
sDungeonVehicleRepairable 51192
sModifyInterPartyMatchPool 51212
cRequestBattleFieldChatBan 51224
cViewBattleFieldResult 51292
sDeleteParcel 51297
sPrepareDoneWorkobject 51304
sVipStoreItemList 51463
cGachaTry 51471
cSetSendParcelType 51500
sSkillPeriod 51516
sAbnormalityFail 51524
sUserPaperdollInfo 51541
sAddAwakenEnchantData 51543
sDungeonWorkUpdate 51546
cRequestUserPaperdollInfoWithGameid 51582
sViewInterPartyMatchBattlefieldList 51617
sSpawnCollection 51642
cAdminRequestDefaultBookmark 51646
sSpawnRemoteProjectile 51654
cSetGuildgroupAuthority 51668
cRequestFinishGuildQuest 51686
cStartVmSell 51733
sSnowEventBattleFieldBoard 51736
cStartCustomizingPartsShape 51765
cRequestIngamestoreProductDetail 51792
sKumasBattleFieldBoard 51797
sAcceptContract 51799
sSocialForget 51803
cSetRecipeBookmark 51808
sDeleteCoupon 51815
sNpcPartBreakActive 51828
sPlayerChangeMp 51853
sPartyInfo 51877
sMaterialChange 51926
sFixSpiritProgress 51933
cRequestGuildIncentive 51960
sChangeServantEnergy 51971
sEndProductSaleInfo 52011
cRequestCouponList 52027
sScenarioDungeonUi 52069
cPetOrbAttach 52083
sRoundStart 52099
sRemainPlayTime 52145
cStartSkill 52165
sDungeonGuideOff 52256
cAnswerCodeHash 52269
sChangeGuildname 52284
sSysPartyInfo 52301
sTradeBrokerRegisteredItemList 52328
sObtainTokenItem 52339
sChangeEventMatchingState 52350
cKickChannelMember 52364
sDungeonRankEndPoint 52378
sCrystalCombineResult 52392
sBattleFieldChatBanInfo 52395
cRequestGuildPerkList 52431
sShowParcel 52435
sPrepareReturnToLobby 52520
cEnchantBoosterDropItem 52578
cUseCoupon 52581
sAbnormalityExtra 52597
cRequestIngamestoreProductList 52604
sEndFixSpirit 52609
sFinKumasBossBattleField 52632
sLeaveCityWar 52633
sVersionInfo 52635
sUserLocationInAction 52652
cViewBattlefieldStore 52656
sServerTime 52684
sDecomposeRegisteredItem 52706
cGetUserGuildLogo 52707
sSelectUser 52713
sDarkRiftSyncTime 52829
sViewVmSettingWindow 52864
sSendChangeReputationPoint 52873
sSpawnEventSeed 52886
sCheckChangeGuildname 52891
sNpcSituation 52901
sSkillForget 52931
sOngoingLevelEventList 52961
sUpdateFriendshipGage 52974
sGroupDuelFin 52990
cViewBattleFieldRanking 53011
sStartFixSpirit 53046
cCancelPending 53145
cCancelFixSpirit 53155
sResultMaterialAwaken 53246
sSelectEventMatching 53249
cPoliticsPointStoreBuyAddBasket 53255
sOpenGuildLogoWindow 53270
sDeleteQuest 53277
cCurrentChannel 53354
sListChannel 53361
cRequestLearnGuildPerk 53374
cStartSkillByVehicleEx 53421
sCustomStyleSystemMessage 53496
cTradeBrokerClose 53500
cMedalStoreBuyDelBasket 53602
sUserAppearanceChange 53605
cChangeUserName 53622
sStageResult 53627
sAero 53663
sCreatePrivateChannel 53696
sFixVehicleProgress 53698
sGetEventMatchingExtraReward 53734
sSocialLearnResult 53735
cAcceptContract 53765
cStartInstanceSkill 53803
cAdminGetDungeonUserList 53806
cPetIncubatorGet 53808
sDungeonLookAtNpc 53812
sAdminVipTest 53922
sPkDeclareCount 53964
sBattleFieldPointStoreSellList 53973
sInstantDash 54014
sPremiumComposeReset 54068
sNpcOccupierInfo 54104
sCreateGuildResult 54246
sPlayerChangeDrain 54266
cRequestRetVillageInfo 54269
sBrocastGuildFlag 54287
sDuelTag 54295
sPkStart 54299
cCommitVmTrade 54301
cRecommendUserGuild 54334
cLoadTopoFin 54351
cVehicleExArrowHit 54401
sChangeNameString 54420
cBuyIngamestoreTcatproduct 54446
sBindItemEnd 54457
sDungeonTimer 54471
sKumasBossBattleFieldBoard 54476
sTargetInfo 54492
sPartyMatchLink 54560
cRemoveColoringPotion 54571
sEmitter 54580
cChangeMyProfile 54582
sClearQuestInfo 54701
sBanPartyMember 54704
sChatReport 54725
sRemoveEffect 54748
sRequestSecondPasswordRegister 54796
cInviteUserToGuild 54814
sOpenGuildWarWindow 54836
sUpdateGambleBoxState 54846
sSystemMessage 54860
cAdminGmSkill 54887
sOpenFloatingCastleStore 54912
cRequestGuildWarTeleport 54937
sPromotionInfo 54974
cDungeonSummonParty 55013
sSpawnDropitem 55040
sControlDoor 55070
sUserBlockList 55101
sInitStrongholdOccupationBattleField 55153
cMergeItemExecute 55155
cRequestGamestatPing 55188
sGetAttendanceReward 55286
cNotifyLocationInReaction 55326
cRequestChangePartyMatchRule 55349
cGuildApplyList 55396
cStartDecompose 55413
cPetitionCheckCreatable 55437
sCannotUseChatChannel 55534
sBoardItemList 55543
sOpenAwesomiumWebUrl 55551
cAdminGmMapteleport 55552
cFloatingCastlePartsStoreBuyAddBasket 55562
sCityWarSeasonHistroy 55581
sSetWorkobject 55586
cBanishGuildMember 55615
sResultEquipmentInheritance 55632
cUseRightItem 55688
sStrongholdOccupationBattleFieldBoard 55704
cRequestBuyVipStoreItem 55804
cStartProduce 55809
cRequestPartyMatchInfoPage 55823
cBattleFieldHelp 55844
sRequestJoinedChannelList 55846
sCancelContract 55894
sTradeBrokerBuyItNow 55957
cCheckToRaiseGuildWar 56013
sCreatureLife 56037
sAddBlockedUser 56039
sChangeFreeFightBattleFieldRanking 56048
sBattleFieldNpcKillEvent 56061
sGuildWareHistory 56065
sGambleChangeBetItem 56136
cTelCamp 56239
sGetUserGuildLogo 56258
sPing 56262
sTradeBrokerInputPrice 56279
cPayWarehouseCommision 56308
sWorldQuestVillagerInfo 56330
cDismissParty 56331
sTradeBrokerHighestItemLevel 56386
cCommitIngameChangeUserAppearance 56403
cCancelQuest 56408
sUpdateGuildTowerInfo 56464
sDelCrystalCombineMaterial 56479
cGetInShuttle 56509
cBoardItemList 56528
cAdminRemoveCustomBookmark 56533
sAdminDeleteQuest 56560
sStartChatBanInfinity 56567
sNpcTranslationz 56577
sNpcChangeMesh 56600
cChangeEquipPreset 56644
sChapterhouseQuestList 56647
cViewInterPartyMatchDungeonList 56657
cViewCombineBattleFieldRanking 56753
cEndMovie 56779
sRemoveEventMatchingQuest 56789
cLordVote 56812
cCheckExtract 56840
sSendChangeReputationExp 56865
sDarkRiftAvailableQuestUserCount 56914
sUpdateVmSellbuyWindow 56917
sFloatingCastlePartsStoreSellList 56935
sAvailableSocialList 57005
sSetItemString 57032
cPetIncubatorTakeall 57074
cDialog 57101
sPrepareSelectChannel 57108
cRejectContract 57115
cTradeBrokerHistoryItemListSort 57126
sAddTradeBag 57136
sOngoingHuntingEventList 57166
cViewPartyInvite 57180
sGroupNpcLocation 57201
sCheckToRaiseGuildWar 57304
sResultBattleFieldChatBan 57348
sInven 57372
sDespawnDarkRiftCloud 57376
sNotifyGuildWarInfo 57452
sViewInterPartyMatchDungoenList 57456
sAskBiddingRareItem 57479
cCreateGroupDuel 57522
sGuildAnnounce 57559
sSendUserPlayTime 57583
sOpenGuardInfoWindow 57596
sLootDropitem 57668
cLoginWorld 57673
sReceiveTokenTargetItem 57680
cApplyGuild 57684
cEquipItemSet 57798
sMountVehicle 57809
cRequestEquipmentInheritance 57821
sStartChangeUserAppearance 57914
cPreviewItem 57917
cViewInterPartyMatchBattlefieldList 57929
sDarkRiftQuestInfo 57974
cRequestArenaBettingInfo 57991
sHitCombo 57992
sShowTradeLog 58091
sOpenRenameGuildPopup 58140
sCombatlogCombatEngagedMonsterList 58149
sPetIncubatorInfoChange 58182
sUpdateGuildFlag 58183
sInvenChangedslot 58194
sDungeonGuideOn 58268
cPartyApplicationDenied 58278
sWorldOfTankBattleFieldResult 58281
sUpdateGuildMember 58314
cInventoryAutoSort 58373
cMedalStoreCommit 58408
cPromotionReset 58485
cViewDungeonworkStore 58503
sSendRoundPveSkillList 58535
sCheckToOppositeDeclareGuildWar 58603
sPetitionComplete 58607
sPlayerChangeAllProf 58625
sHoldAbnormalityRemove 58668
sCancelSelectChannel 58669
cChat 58697
cTradeBrokerCalcSoldItem 58705
cUnmountVehicle 58729
sChangeFriendState 58750
cEditPrivateChannel 58759
cViewGuildWar 58772
sFinRoundPveBattleField 58777
cJoinPrivateChannel 58813
sMyPartyMatchInfo 58823
sSyncPegasusTime 58844
sDeleteAwakenChangeData 58855
sLordAchievementAccomplishedList 58866
sDungeonClearCountList 58938
sEndDriveAirship 59003
cRequestQuestBackupItem 59045
cApplyTitle 59060
sUserReport 59063
sUpdateQuest 59087
cRequestGuildFlagImageData 59089
cRequestMyPartyMatchInfo 59099
cSimpleTipDontRepeat 59112
cChangePartyManager 59131
cTradeBrokerSoldItemList 59155
cChangeVmMode 59178
sAccomplishAchievement 59203
sShowItemTooltip 59246
sSuccessCounter 59256
cReignInfo 59308
cRequestPlaytime 59310
sWorldOfTankBattleFieldBoard 59362
cTradeBrokerWaitingItemListNew 59400
sHideHp 59444
sPlaytimeEventRewardData 59473
cPremiumComposeDelItem 59514
sBattleFieldTeamMembersPosInfo 59584
sBattleFieldMapAlarm 59646
sDungeonRankEndTime 59647
sSpawnGambleBox 59651
cSkillLearnRequest 59661
cCancelPrepareChangeUserAppearance 59678
sNotifyBattleFieldNpcSpawn 59684
cCanCreateUser 59800
sReturnToLobby 59820
sRemoveSoundByname 59822
sStartCommanderSkill 59847
cCancelDungeonRetry 59862
sShowGuildQuestList 59878
sRequestIngamestoreSaleProductlist 59909
cPurchaseProd 59916
sDefaultAnimChange 59993
sDungeonWorkUpdateMedalCount 60022
sAdminGetUserinfoInven 60032
sFinCannonBattleField 60040
cCancelDeleteUser 60052
cDecompositionItem 60062
sViewBattleFieldRanking 60081
cPetitionChatUserMessage 60090
sArenaEndFight 60131
sPetIncubatorShow 60163
cLordRankInfo 60165
sAddGuildMember 60166
sPartyMemberChangeStamina 60218
sDespawnNpc 60262
sDungeonWorkPointStoreBasket 60281
sAttendanceCheck 60313
sF2pPremiumuserPermission 60352
cRequestItemColoringValue 60356
cBuyVillagerBuff 60363
sPetDurabilityChange 60408
sDarkRiftSpawnWorldNoti 60429
cWatchedMovies 60454
sTradeBox 60498
cGroupDuelRecord 60512
sSocial 60525
sViewGuildWar 60528
cBindItemExecute 60543
cLordGuardInfo 60561
sTradeBrokerBoughtItemList 60573
sCombatlogUserInfo 60601
sEndChangeUserAppearance 60606
sAbnormalityEnd 60666
sVillagerBuffInfo 60686
cStartInstanceSkillEx 60688
sDeleteFriend 60708
sUserFlyingLocation 60731
cDungeonWorkPointStoreBuyAddBasket 60753
sCannotStartSkill 60768
sResultItemBidding 60826
cReceivePcbangStyleShopItems 60842
sBattleFieldChangeNpcHpEvent 60868
sEnchantBoosterStatus 60891
sFearmoveEnd 60914
cExtendParty 60926
sAdminGetUserinfoPaperdoll 60972
cParcelReport 61020
sPartyNotifyMyPosition 61051
sDistributorData 61081
sGuildApplyCount 61122
sOpenBoard 61203
sFinFreeFightBattleField 61226
sStickToUserStart 61258
sIsLord 61264
sSpawnBonfire 61276
sUpdateContentsOnOff 61298
sPetitionCreate 61299
sBattleFieldStartOccupation 61304
sNotifyToFriendsWalkIntoSameArea 61357
sShowReviveUi 61359
sShowUserEpInfo 61364
cVoteDismissParty 61368
cPoliticsPointStoreCommit 61416
sNpcScale 61424
sDarkRiftAllDespawnWorldNoti 61465
sCheckToReadyPartyFin 61492
sResultGuildIncentive 61507
sDungeonWorkList 61509
sDeleteAwakenEnchantData 61524
cSkillLearnList 61528
cDungeonCoolTimeList 61562
cWriteBoard 61640
sCheckUnidentifyItems 61649
cCheckToReadyParty 61659
sArenaFightAbnormalityEnd 61803
sReplyRetVillageInfo 61826
sChangeUserNameResult 61832
sLoadSkillScriptList 61870
sLordPolicySet 61907
sDespawnDoor 61908
sCannotEquipSamekind 61966
sDuelStart 61968
sAskBanningPartyMember 61985
sUseChronoscrollResult 61986
sLordRegisterInfo 61991
sBattleFieldStrongholdState 62048
cServerTime 62062
sFestivalList 62070
sLoadEpInfo 62110
cRequestBossGageInfo 62149
cDuelCancel 62162
cAdminSpawnNpc 62190
sSecondPasswordAuthResult 62236
sTradeBrokerDealSuggested 62254
sInitKumasBossInfo 62280
cItemColoringRemoveItem 62328
sBattleFieldUserAssistEvent 62357
sLoadAchievementList 62368
sAdminGetUserinfoSkill 62383
cEnterDungeon 62390
cReturnToLobby 62397
sDungeonRankMessage 62422
sPlayMovie 62431
sParcelReport 62482
cTeleportToCamp 62493
cPointStoreCommit 62549
sResultEventSeed 62568
sDebugRemoteProjectilePos 62589
sBonfireCharmBurned 62595
cRequestWriteBoard 62609
sRequestPrivateChannelInfo 62634
cPetitionCancel 62653
sFixVehicleComplete 62703
cDelInterPartyMatchPool 62736
sAdminGetUserinfoQuest 62747
cEquipItem 62820
cTeleportToVillage 62828
cPremiumSlotUseSlot 62859
sKumasBattleFieldLootItem 62865
cRequestVipStoreItemList 62884
sRequestWriteBoardResult 62891
cTradeBrokerHistoryItemListNew 62906
cRenameTeleportToPosList 62947
sTemperMaterials 62950
sOpenVmSettingWindow 63029
cCancelSkill 63043
sGetOutShuttle 63076
sFinKumasBattleField 63087
cBattleFieldPointStoreBuyAddBasket 63101
sFreenamedStatus 63102
cConfirmUpdateNotification 63110
cShowStyle 63111
sGetAoiInfo 63138
sBattleFieldResult 63148
sSocialCancel 63156
sDungeonClear 63169
cAwesomiumWebCounting 63187
sRequestCityWarMapInfo 63230
cCollectionPickstart 63251
cDungeonClearCountList 63266
sQuestVillagerInfo 63273
sConfirmInviteCode 63287
cNotifySpiritLocationInAction 63289
cCancelFixVehicle 63327
sIngameshopCategoryData 63341
cReviveNow 63346
sUpdateNpcguild 63347
cShowInven 63381
sPendingTransformData 63398
sRoundResult 63434
sPetitionForceCreate 63457
sDarkRiftRewardResult 63539
sNpcStatus 63551
sShowCandidateList 63572
cRequestVipSystemInfo 63624
sGachaCancel 63703
cAddItemToVmBuyBasket 63732
cBattleFieldCancelOccupation 63803
sRequestCooltimeToJoinGuild 63851
cEndCustomizingPartsShape 63854
cItemColoringSetColor 63865
sFriendList 63872
cTradeBrokerBuyItNow 63895
sRoundPveScore 63904
sMoveShuttle 63939
cUpdateFriendInfo 63945
cChangeUserLobbySlotId 63996
cUpdateGuildFlag 64001
sRenameItemstringStart 64023
sInitFreeFightBattleField 64047
cMakeItemDeprecated 64072
sFloatingCastlePartsStoreBasket 64098
sUserChangeName 64117
cGetUserList 64137
cDungeonWorkEnter 64163
sLoadingScreenControlInfo 64164
cRegistCustomizingPartsShapeItem 64201
sPrepareChangeUserAppearance 64241
sPlayerCustomItemSlot 64256
sDungeonRankRecorder 64274
sEventInfo 64289
cUserAim 64320
cNotifyLocationInAction 64335
cRequestFloatingCastlePartsCoolTime 64360
cAddFriend 64383
cPkDeclare 64424
sCrestUpgradeInfo 64500
sBattleFieldStrongholdNoneState 64544
sPlaySound 64572
sDespawnWorkobject 64592
sStartChatBan 64609
sDespawnBonfire 64622
cStartExtract 64644
sGuildName 64647
cRequestCandidateList 64679
sUserAimTo 64750
sActionEnd 64791
sPetManagerShow 64794
sReturnUser 64797
cPetEquip 64798
sSendParcelTax 64803
cMoveInvenPos 64828
cPartyMarker 64864
sAddNewEventMatchingQuest 64924
cVisitNewSection 64940
cAcceptGuildApply 64953
cSpawnBuildObject 64970
sRequestJoinGuildNotice 64988
sDelTradeBag 64993
sPkEnd 65013
cPetUseOrb 65054
sUpdateBiddingCount 65063
cSetGuildJoinCondition 65078
sPartyMemberCharmReset 65092
cTradeBrokerRegisteredItemList 65135
sApplyTitle 65172
cRequestCooltimeToJoinGuild 65173
sGachaEnd 65180
sCancelQuestShare 65216
sAnnounceUpdateNotification 65235
sCouponNotify 65272
cStrEvaluateList 65278
sConfirmInviteCodeButton 65297
cPreconfirmInviteCode 65300
sVirtualLatency 65312
cPetitionCreate 65327
sOpCommand 65396
sTradeBrokerCalcSoldItem 65459
sActivateBattleFieldChatBan 65479
cRequestSerenGuide 65488
sCollectionPickend 65494
cSelectUser 65500
