C_ASK_INTERACTIVE = 57830
C_BIND_ITEM_BEGIN_PROGRESS = 59575
C_BIND_ITEM_EXECUTE = 32990
C_BLOCK_USER = 21579
C_CANCEL_SKILL = 54092
C_CAN_LOCKON_TARGET = 40436
C_CHANGE_PARTY_MANAGER = 48770
C_CHANGE_PARTY_MEMBER_AUTHORITY = 31851
C_CHAT = 26556
C_CHECK_VERSION = 19900
C_CREST_APPLY = 35439
C_CREST_APPLY_LIST = 29409
C_DELETE_FRIEND = 44798
C_DIALOG = 52648
C_END_MOVIE = 52271
C_GACHA_TRY = 35359
C_INVITE_USER_TO_GUILD = 47726
C_LEAVE_PRIVATE_CHANNEL = 64754
C_LOAD_TOPO_FIN = 44610
C_LOGIN_ARBITER = 25168
C_NOTIFY_LOCATION_IN_ACTION = 61741
C_NOTIFY_LOCATION_IN_DASH = 21046
C_NOTIMELINE_SKILL = 29862
C_NPC_CONTACT = 51308
C_PARTY_APPLICATION_DENIED = 43681
C_PCBANGINVENTORY_USE_SLOT = 59528
C_PLAYER_LOCATION = 57253
C_PRESS_SKILL = 62768
C_REGISTER_ENCHANT_ITEM = 34555
C_REGISTER_UPGRADE_ITEM = 30997
C_REMOVE_BLOCKED_USER = 42005
C_REQUEST_CONTRACT = 38698
C_REQUEST_ENCHANT = 34896
C_REQUEST_GAMESTAT_PING = 62356
C_REQUEST_NONDB_ITEM_INFO = 44126
C_REQUEST_PARTY_INFO = 27916
C_REQUEST_PRIVATE_CHANNEL_INFO = 47369
C_REQUEST_UPGRADE = 21920
C_REQUEST_USER_PAPERDOLL_INFO = 33845
C_REVIVE_NOW = 24193
C_SAVE_CLIENT_ACCOUNT_SETTING = 59054
C_SAVE_CLIENT_USER_SETTING = 54975
C_SHOW_INVEN = 34590
C_SHOW_ITEM_TOOLTIP_EX = 44197
C_START_COMBO_INSTANT_SKILL = 60455
C_START_ENCHANT = 34025
C_START_INSTANCE_SKILL = 23319
C_START_INSTANCE_SKILL_EX = 56847
C_START_SKILL = 37137
C_START_TARGETED_SKILL = 28318
C_START_UPGRADE = 42569
C_TRADE_BROKER_REJECT_SUGGEST = 45310
C_UNREGISTER_ENCHANT_ITEM = 53682
C_UNREGISTER_UPGRADE_ITEM = 35733
C_USE_ITEM = 20693
C_VISIT_NEW_SECTION = 59817
C_WHISPER = 33965
S_ABNORMALITY_BEGIN = 26380
S_ABNORMALITY_DAMAGE_ABSORB = 46572
S_ABNORMALITY_END = 20879
S_ABNORMALITY_FAIL = 47024
S_ABNORMALITY_REFRESH = 30592
S_ACCEPT_CONTRACT = 44896
S_ACCOMPLISH_ACHIEVEMENT = 52723
S_ACCOUNT_PACKAGE_LIST = 27274
S_ACTION_END = 32118
S_ACTION_STAGE = 39187
S_ADMIN_HOLD_CHARACTER = 37014
S_AERO = 64695
S_ANSWER_INTERACTIVE = 31409
S_AVAILABLE_EVENT_MATCHING_LIST = 24557
S_BAN_PARTY = 61966
S_BAN_PARTY_MEMBER = 43598
S_BATTLE_FIELD_ENTRANCE_INFO = 23121
S_BATTLE_FIELD_POINT_STORE_SELL_LIST = 20404
S_BOSS_GAGE_INFO = 34400
S_CANCEL_CONTRACT = 27532
S_CANNOT_START_SKILL = 35271
S_CAN_LOCKON_TARGET = 26572
S_CHANGE_DESTPOS_PROJECTILE = 38091
S_CHANGE_PARTY_MANAGER = 52391
S_CHAT = 51862
S_CHECK_TO_READY_PARTY = 57000
S_CHECK_TO_READY_PARTY_FIN = 41600
S_CLEAR_ALL_HOLDED_ABNORMALITY = 55109
S_COLLECTION_PICKEND = 28898
S_CREATURE_CHANGE_HP = 20732
S_CREATURE_LIFE = 33992
S_CREATURE_ROTATE = 65528
S_CREST_APPLY = 60494
S_CREST_INFO = 24351
S_CREST_MESSAGE = 21827
S_DEAD_LOCATION = 45490
S_DECREASE_COOLTIME_SKILL = 40984
S_DEFEND_SUCCESS = 52988
S_DESPAWN_COLLECTION = 61927
S_DESPAWN_NPC = 31461
S_DESPAWN_USER = 50039
S_DIALOG = 30878
S_DUNGEON_COOL_TIME_LIST = 35616
S_DUNGEON_EVENT_MESSAGE = 36192
S_EACH_SKILL_RESULT = 38928
S_ENABLE_DISABLE_SELLABLE_ITEM_LIST = 39164
S_EXIT = 56332
S_FIN_INTER_PARTY_MATCH = 32363
S_FRIEND_LIST = 29243
S_GACHA_END = 61610
S_GACHA_START = 49458
S_GET_USER_GUILD_LOGO = 53663
S_GET_USER_LIST = 20938
S_GRANT_SKILL = 50939
S_GUILD_NAME = 41624
S_GUILD_STORE_SELL_LIST = 38059
S_GUILD_TOWER_INFO = 36054
S_HOLD_ABNORMALITY_ADD = 32146
S_IMAGE_DATA = 56757
S_INSTANT_DASH = 55976
S_INSTANT_MOVE = 39444
S_INVEN = 42656
S_ITEM_CUSTOM_STRING = 54485
S_JOIN_PRIVATE_CHANNEL = 35157
S_LEAVE_PARTY = 30812
S_LEAVE_PARTY_MEMBER = 27706
S_LEAVE_PRIVATE_CHANNEL = 65393
S_LOAD_CLIENT_ACCOUNT_SETTING = 44724
S_LOAD_CLIENT_USER_SETTING = 60037
S_LOAD_TOPO = 63616
S_LOGIN = 39515
S_LOGOUT_PARTY_MEMBER = 58958
S_MOUNT_VEHICLE = 54254
S_MOUNT_VEHICLE_EX = 31767
S_NOTIFY_TO_FRIENDS_WALK_INTO_SAME_AREA = 44012
S_NPC_LOCATION = 51236
S_NPC_MENU_SELECT = 39067
S_NPC_OCCUPIER_INFO = 61839
S_NPC_STATUS = 59502
S_NPC_TARGET_USER = 44172
S_OTHER_USER_APPLY_PARTY = 41272
S_PARTY_INFO = 30776
S_PARTY_MATCH_LINK = 31125
S_PARTY_MEMBER_ABNORMAL_ADD = 62497
S_PARTY_MEMBER_ABNORMAL_CLEAR = 60569
S_PARTY_MEMBER_ABNORMAL_DEL = 60292
S_PARTY_MEMBER_ABNORMAL_REFRESH = 37669
S_PARTY_MEMBER_BUFF_UPDATE = 48050
S_PARTY_MEMBER_CHANGE_HP = 64946
S_PARTY_MEMBER_CHANGE_MP = 27354
S_PARTY_MEMBER_INFO = 38910
S_PARTY_MEMBER_INTERVAL_POS_UPDATE = 37430
S_PARTY_MEMBER_LIST = 40178
S_PARTY_MEMBER_STAT_UPDATE = 32492
S_PCBANGINVENTORY_DATALIST = 47790
S_PLAYER_CHANGE_ALL_PROF = 21954
S_PLAYER_CHANGE_EXP = 35099
S_PLAYER_CHANGE_FLIGHT_ENERGY = 44318
S_PLAYER_CHANGE_MP = 26761
S_PLAYER_CHANGE_PROF = 35501
S_PLAYER_CHANGE_STAMINA = 28371
S_PLAYER_STAT_UPDATE = 29971
S_PLAY_MOVIE = 44401
S_POINT_STORE_SELL_LIST = 25009
S_PRIVATE_CHAT = 35041
S_QUEST_BALLOON = 20888
S_QUEST_INFO = 24412
S_REGISTER_ENCHANT_ITEM = 46452
S_REJECT_CONTRACT = 32190
S_REPLY_REQUEST_CONTRACT = 41546
S_REQUEST_CONTRACT = 25355
S_REQUEST_PRIVATE_CHANNEL_INFO = 55610
S_RESPONSE_GAMESTAT_PONG = 32555
S_RESULT_BIDDING_DICE_THROW = 52175
S_RESULT_ITEM_BIDDING = 60936
S_RETURN_TO_LOBBY = 24673
S_SHOW_HP = 35153
S_SHOW_PEGASUS_MAP = 44641
S_SKILL_LIST = 25615
S_SOCIAL = 23064
S_SPAWN_BONFIRE = 64034
S_SPAWN_COLLECTION = 64769
S_SPAWN_DOOR = 33441
S_SPAWN_DROPITEM = 62714
S_SPAWN_ME = 48705
S_SPAWN_NPC = 61580
S_SPAWN_PROJECTILE = 38504
S_SPAWN_SHUTTLE = 52125
S_SPAWN_USER = 62839
S_SPAWN_WORKOBJECT = 57844
S_START_COOLTIME_ITEM = 21771
S_START_COOLTIME_SKILL = 23403
S_START_USER_PROJECTILE = 49938
S_STORE_SELL_LIST = 37606
S_SYSTEM_MESSAGE = 62034
S_SYSTEM_MESSAGE_LOOT_ITEM = 54814
S_SYSTEM_MESSAGE_LOOT_SPECIAL_ITEM = 37891
S_TARGET_INFO = 21560
S_TELEPORT_TO_CAMP = 59300
S_TRADE_BROKER_DEAL_SUGGESTED = 34530
S_UNICAST_TRANSFORM_DATA = 45500
S_UNMOUNT_VEHICLE = 56709
S_UNMOUNT_VEHICLE_EX = 38343
S_UPDATE_FRIEND_INFO = 41471
S_UPDATE_NPCGUILD = 24374
S_USER_BLOCK_LIST = 32644
S_USER_EFFECT = 22572
S_USER_EXTERNAL_CHANGE = 30814
S_USER_LEVELUP = 61697
S_USER_LOCATION = 29574
S_USER_SITUATION = 63706
S_USER_STATUS = 24699
S_VISIT_NEW_SECTION = 39475
S_WEAK_POINT = 27494
S_WHISPER = 64642
