iTeleport 0
iSpawnBarrackCharacter 1
rPlayerLocation 2
rTeleportReplayLocation 3
rCameraRotate 4
iGfxCommand 17
iGfxAdminCommand 18
iInputCommand 19
iMoveKey 20
iSkillKey 21
iCloseServerConnection 22
saPing 5000
asPing 5001
saRegister 5002
asRegister 5003
saEnterWorld 5004
saEnterWorldFail 5005
asEnterWorld 5006
asLoadTopoFin 5007
saTryToLeaveWorld 5008
asLeaveWorld 5009
saLeaveWorld 5010
saSendCharLoc 5011
saJoinParty 5012
saLeaveParty 5013
saDismissParty 5014
saKickParty 5015
saExtendParty 5016
saSwapParty 5017
saChangePartyManager 5018
saChangePartyMemberAuthority 5019
saChangeLootingMethod 5020
asDoCreateParty 5021
asDoAddPartyMember 5022
asDoRemovePartyMember 5023
asDoDismissParty 5024
asDoExtendParty 5025
asDoSwapParty 5026
asDoSetPartyManager 5027
asDoChangePartyMemberAuthority 5028
asDoSetLootingMethod 5029
asDoSetPartyOwner 5030
asOnDailyAttendacne 5031
saAddToInterPartyMatchPool 5032
saDelFromInterPartyMatchPool 5033
saJoinPartyInArbiter 5034
saMergePartyToRaid 5035
asRequestRefreshPartyInfo 5036
saSendPartyMemberIntervalPos 5037
saSendPartyMemberUpdateInfo 5038
saQueryToArbiterForBanPartyMember 5039
asRequestTeleport 5040
asQueryToArbiterForBanPartyMember 5041
asAdminReloadDatasheet 5042
asAdminSetDungeonCooltime 5043
asUseStyleWarehouse 5044
asPremiumSlotInsertItem 5045
asPremiumSlotUpdateItem 5046
asPremiumSlotDeleteItem 5047
saUpdateDungeonCooltime 5048
saUpdateDungeonClearCount 5049
saUpdateDungeonUiHistory 5050
asResetAllDungeon 5051
asDismissParty 5052
asPartyLootingMethod 5053
asBanPartyMember 5054
saDeleteDungeonCooltime 5055
saRequestEnterDungeon 5056
asRequestEnterDungeon 5057
saResponseEnterDungeon 5058
asResponseEnterDungeon 5059
saRequestLeaveDungeon 5060
asRequestLeaveDungeon 5061
asAdminResetDungeonCooltime 5062
saAddDungeonChannel 5063
saRemoveDungeonChannel 5064
asInitializeDungeonId 5065
asSettingBattleFieldMatchingState 5066
asAdminBattleFieldResult 5067
saGmNotify 5068
saEnterBattleField 5069
bsaExitBattleField 5070
saRequestBattleFieldUserInfo 5071
absRequestBattleFieldUserInfo 5072
asAckBattleFieldUserInfo 5073
bsaAckBattleFieldUserInfo 5074
bsaBattleFieldInviteUser 5075
bsaRequestBattleFieldUserInfo 5076
bsaEndBattleField 5077
bsaEndBattleFieldWithoutPlay 5078
bsaNotifyAboutBattleFieldClear 5079
bsaRequestAddSupplementpool 5080
bsaBattleFieldOpenInfo 5081
bsaCreateBattleFieldLog 5082
absCreateBattleFieldLog 5083
absAckBattleFieldUserInfo 5084
bsaRequestBattleFieldRankingData 5085
absAckBattleFieldRankingData 5086
absRequestCombineBattleFieldRanking 5087
absRequestCombineBattleFieldRankingServerList 5088
bsaAckCombineBattleFieldRanking 5089
bsaAckCombineBattleFieldRankingServerList 5090
bsaUpdateBattleFieldLog 5091
saMatchBattleFieldGmRequest 5092
saSetBattleFieldRanker 5093
saInsertTcatItemSaleInfo 5094
saDeleteTcatItemSaleInfo 5095
saCalcBattleFieldRankingNextTime 5096
saCalcBattleFieldSeasonNextTime 5097
saCreateGroupDuelParty 5098
asCreateGroupDuelParty 5099
adsAddToPartyMatchPool 5100
dsaAddToPartyMatchPool 5101
dsaModifyAboutPartyMatchPool 5102
adsDelFromPartyMatchPool 5103
dsaDelFromPartyMatchPool 5104
dsaMovePartyMatchPool 5105
dsaDelFromAllPool 5106
dsaPrePartyMake 5107
adsPrePartyMakeResult 5108
adsDiconnectBattleFieldServer 5109
dsaPartyMake 5110
adsPartyMakeResult 5111
adsPartyMakeResultFromInstanceServer 5112
saPartyMakeResultFromInstanceServer 5113
dsaFinPartyMake 5114
dsaAskToJoinParty 5115
adsAskToJoinPartyResult 5116
dsaRequestChangePartyMatchRule 5117
adsRequestChangePartyMatchRule 5118
dsaStartBattlefield 5119
dsaRequestJoinBattleField 5120
dsaNotifyAboutDungeonClear 5121
adsNotifyAboutDungeonClear 5122
dsaSystemMessage 5123
dsaSystemMessageUsingInterPartyMatch 5124
dsaSysPartyInfo 5125
adsSysPartyInfo 5126
dsaLogFinPartyMake 5127
asNotifyAboutSysPartyWithdrawal 5128
asBypassFromClient 5129
saBypassToClient 5130
saBypassToGroup 5131
asLoadGuild 5132
saDummyPacket 5133
saLoadGuild 5134
saDestroyGuild 5135
asDestroyGuild 5136
saLeaveGuild 5137
asLeaveGuild 5138
saBanishGuildMember 5139
asBanishGuildMember 5140
saChangeGuildChief 5141
asChangeGuildChief 5142
saSetGuildgroupAuthority 5143
asSetGuildgroupAuthority 5144
saCreateGuildGroup 5145
asCreateGuildGroup 5146
saRemoveGuildGroup 5147
asRemoveGuildGroup 5148
asAddGuildmember 5149
saChangeGuildgroup 5150
asChangeGuildgroup 5151
saUpdateGuildMember 5154
asUpdateGuildMember 5155
asSetGuildRecommendationPoint 5156
asUpdateGuildTitle 5157
asUpdateGuildLogo 5158
saIncGuildAccountLimit 5159
saPetLoad 5160
asPetLoad 5161
saPetCall 5162
asPetCall 5163
saPetDismiss 5164
asPetDismiss 5165
saPetItemEquip 5166
asPetItemEquip 5167
saPetItemUnequip 5168
asPetItemUnequip 5169
saPetOrbChange 5170
asPetOrbChange 5171
saPetRepair 5172
asPetRepair 5173
saPetStop 5174
asPetStopTopet 5175
asPetStopTouser 5176
saPetDur 5177
asPetDurTopet 5178
asPetDurTouser 5179
saPetAlert 5180
asPetAlert 5181
saPetIncubatorSlot 5182
asPetIncubatorSlot 5183
saPetIncubatorTakeall 5184
asPetIncubatorTakeall 5185
saPetIncubatorStart 5186
asPetIncubatorStart 5187
saPetIncubatorComplete 5188
asPetIncubatorComplete 5189
asArbiterUserDelete 5190
saSetUsersPos 5191
saBroadcastSystemMessageToWholeWorld 5192
saBroadcastSystemMessageToWholeWorldNotInSpecialPlace 5193
saBroadcastSystemMessageToGuild 5194
asUpdateVisitedSectionList 5195
saChangeCharacter 5196
saSendSystemMessageToAccountUser 5197
saSendSystemMessageLootItemToAccountUser 5198
saSummonMyLocation 5199
saCharLoc 5200
asCharLoc 5201
saTeleport 5202
asRequestPerf 5203
asProfile 5204
asResetProfile 5205
asRequestNormalChat 5206
asRequestTeamChat 5207
asRequestDiceThrow 5208
saRegisterWorldCommand 5209
asLoadGuildData 5210
asUpdateGuildData 5211
saGuildQuestEventMessage 5212
asRequestStartGuildQuest 5213
saRequestStartGuildQuest 5214
saBuyVillagerBuff 5215
asBuyVillagerBuff 5216
saTradeBrokerOpen 5217
asTradeBrokerClose 5218
saTradeBrokerDealOpen 5219
asTradeBrokerDealOpen 5220
asTradeBrokerDealClose 5221
saPushGuildBuff 5222
asPushGuildBuff 5223
asLearnGuildPerk 5224
asResetGuildPerk 5225
asCancelSkillStrictly 5226
saCrestLearn 5227
asCrestLearn 5228
saLearnAllCrestAcquirable 5229
asLearnAllCrestAcquirable 5230
saCrestPoint 5231
asCrestPoint 5232
saCrestUseList 5233
asCrestUseList 5234
saCrestUse 5235
asCrestUse 5236
saCrestUseClear 5237
asCrestUseClear 5238
saCrestUpgrade 5239
asCrestUpgrade 5240
saCrestAllClear 5241
asCrestAllClear 5242
saUserNoctan 5243
asUserNoctan 5244
asAdmin 5245
asSetBlockedUser 5246
asAddBlockedUser 5247
asRemoveBlockedUser 5248
saRequestLordRegisterWindow 5249
asSetVisibleRange 5250
saMakeSysParcel 5251
asMakeSysParcel 5252
saRequestShowPolicyWindow 5253
saRequestShowTaxWindow 5254
saLoadGuard 5255
asLoadGuard 5256
asChangeLordGuild 5257
asLoadGuardFinish 5258
asSetGuardPolicy 5259
asGuardTaxRate 5260
asGuardTaxProfit 5261
asElectionState 5262
asUpdateUserDescription 5263
asLordAccession 5264
saUpdateLordAchievementFailed 5265
asStartLordGuildwar 5266
asEndLordGuildwar 5267
saAddElectionPointLordGuildwar 5268
saSendMessageToWorldUser 5269
asSendMessageToWorldUser 5270
asCacheDungeonCoolTimeToWorld 5271
asRequestSendPkPolicy 5272
asUpdateGuildName 5273
saUpdateUserStatus 5274
asRequestSpawnNpc 5275
asRequestSpawnTerritory 5276
asRequestDespawnTerritory 5277
asGuardLordChanged 5278
asResetLordList 5279
asLordList 5280
saStartChangeAppearance 5281
asStartEvent 5282
asStopEvent 5283
asStartFestival 5284
asStopFestival 5285
asFestivalNpcSpawn 5286
asFestivalObjectSpawn 5287
saRequestStartFestival 5288
saRequestStopFestival 5289
asUpdatePcbangInvenVersion 5290
saDeclareGuildWar 5291
asDeclareGuildWar 5292
asOppositeDeclareGuildWar 5293
saRaiseGuildWar 5294
asRaiseGuildWar 5295
saStartGuildWar 5296
asStartGuildWar 5297
saGiveUpGuildWar 5298
saRequestEndGuildWar 5299
saRequestStartGuildWar 5300
asEndGuildWar 5301
saGuildWarInfo 5302
asRestartGuildWar 5303
asNotifyGuildWarInfo 5304
saUpdateGuildWarMoney 5305
asWithdrawGuildWar 5306
asQaSetGuildWarCoolTime 5307
asGuildwWarAdminMaintaincost 5308
asSetNewTeraUser 5309
asSetPcBangUser 5310
asAdminRequestVanishPet 5311
asLordElectionDefeated 5312
saUpdateLordElectionDefeatedAchievementFailed 5313
asUserVoted 5314
asAskPetOwnerInfoForVanish 5315
saAnsPetOwnerInfoForVanish 5316
asSetAccountRestrictionLevel 5317
asGatherUserListByDistance 5318
saGatherUserListByDistance 5319
saRelayLog 5320
saRegPeriodItem 5321
asPeriodItemExpired 5322
saPeriodItemExpiredResult 5323
asPeriodPassiveExpired 5324
saDarkRiftChangeAreaWorldNoti 5325
saOpenDarkRiftWorldNoti 5326
saDarkRiftSpawnWorldNoti 5327
saDarkRiftDespawnWorldNoti 5328
saDarkRiftMainDefenceChangeHp 5329
saDarkRiftAvailableQuestUserCount 5330
asDarkRiftSetHuntingZoneEnabled 5331
asControlDarkRiftInstance 5332
saDarkRiftEventOpen 5333
saDarkRiftEventClose 5334
disableDarkRiftHuntingZone 5335
asSetDarkRiftDailyCompleted 5336
saResetDarkRiftDailyCompleted 5337
asResetDarkRiftDailyCompleted 5338
saUpdateDarkRiftDailyCompleted 5339
asUpdateDarkRiftDailyCompleted 5340
saDarkRiftEventUpdateSpawnableCount 5341
saDarkRiftRestorationFailedInstanceList 5342
saDarkRiftEventGroupSpawned 5343
saDarkRiftClearAllSpawnedEventGroupInfo 5344
saDarkRiftEventUpdateConcurrentSpawnCount 5345
saDarkRiftEventZoneExtraInstanceOpened 5346
saAdminCallDifferentWorldUser 5347
asEventMailReceived 5348
dsaDungeonRankGetCurrentTopScore 5349
adsDungeonRankGetCurrentTopScore 5350
asSetAdminNonPkSection 5351
asResetAdminNonPkSection 5352
asSetJackpotEventValueList 5353
asSetJackpotEventValue 5354
asDelJackpotEventValue 5355
saUpdateBattlefieldJackpotEventState 5356
asSetHuntingEventValueTable 5357
asSetHuntingEventValue 5358
asResetHuntingEventValue 5359
asSetPlayGuideEventList 5360
asAddPlayGuideEvent 5361
asDelPlayGuideEvent 5362
asDelAllPlayGuideEvent 5363
asSetPlayGuideExtraRewardEventList 5364
asAddPlayGuideExtraRewardEvent 5365
asDelPlayGuideExtraRewardEvent 5366
asDelAllPlayGuideExtraRewardEvent 5367
saUpdateOngoingHuntingEventNotice 5368
asStartDarkRiftRewardEvent 5369
asEndDarkRiftRewardEvent 5370
asSetDungeonLogUseOrNot 5371
asUserRequestExit 5372
asUserCancelRequestExit 5373
asUserCancelPartyContract 5374
asQaPublisherChange 5375
asChangeGuildwarKillCountByadmin 5376
asDarkRiftRequestReservationTimeList 5377
saDarkRiftReservationTimeList 5378
asBattleFieldViewList 5379
saBattleFieldViewList 5380
asSetEpSystemEvent 5381
asAddEpSystemEvent 5382
asDelEpSystemEvent 5383
asVipStoreSlotOnOff 5384
asVipStoreSlotSale 5385
asSendMyAchievementInfo 5386
asChangeAchievementSeason 5387
asAchievementSeasonList 5388
bsaCreateBattleFieldResult 5389
bsaNotifyUserBattleFieldEnterable 5390
bsaLoadBattleFieldUniqueId 5391
absLoadBattleFieldUniqueId 5392
absAskEnterableBattleFieldExists 5393
bsaCreateBattleField 5394
absCreateBattleField 5395
absRequestJoinBattleField 5396
saBroadcastShowNpcMiniMap 5397
saBroadcastDeleteNpcMiniMap 5398
asRequestOtherServerItemTooltip 5399
saReplyOtherServerItemTooltip 5400
saRequestChronoscrollUse 5401
asChronoscrollRedeemed 5402
saLoadBattleFieldCoolTime 5403
asLoadBattleFieldCoolTime 5404
saUpdateBattleFieldCoolTime 5405
asUpdateBattleFieldCoolTime 5406
asClearBattleFieldCoolTime 5407
saUpdateVoteCoolTime 5408
asUpdateVoteCoolTime 5409
asClearVoteCoolTime 5410
asBotConfiguration 5411
asBotAccountCandidate 5412
asBotListAccountCandidate 5413
saToDetectBotHunt 5414
saToDetectBotPlaytick 5415
saToDetectBotInvalidstartpos 5416
saLoadServantData 5417
asLoadServantData 5418
saAddServantData 5419
asAddServantData 5420
saUpdateServantName 5421
asUpdateServantName 5422
saUpdateServantData 5423
asUpdateServantData 5424
saLoadExtrapointData 5425
asLoadExtrapointData 5426
asSetEpSystemContentsOnOffTable 5427
asSetEpSystemContentsOnOff 5428
saLoadPoliticsUnit 5429
asPoliticsUnitInfo 5430
asEndLordReignPeriod 5431
asMarkAsQuestCompleted 5432
saWatchMovie 5433
saLoadBattleFieldEnterCount 5434
asLoadBattleFieldEnterCount 5435
saUpdateBattleFieldEnterCount 5436
asUpdateBattleFieldEnterCount 5437
asAdminClearBattleFieldEnterCount 5438
saClearBattleFieldEnterCount 5439
asClearBattleFieldEnterCount 5440
asAskLoadContinentChannelInfo 5441
saAskLoadContinentChannelInfo 5442
asAskWaAddContinentChannelCount 5443
saAskWaAddContinentChannelCount 5444
asAskServantSkillInfo 5445
saServantSkillInfo 5446
asAskChangeMaxProfLimit 5447
saAskChangeMaxProfLimit 5448
asUpdateDailyEventDay 5449
saReqeustResetDungeon 5450
asRequestResetDungeon 5451
saUpdateCapacityPoint 5452
saUpdateMakrerEnd 5453
saUpdateGaugeEnd 5454
saInsertLimitedDropGaugeInfo 5455
saRequsetTokenExchangeDatasheetReload 5456
asRequsetTokenExchangeDatasheetReload 5457
asChangeTokenPointByWa 5458
asNpcArenaStateCheck 5459
saNpcArenaStateCheck 5460
asNpcArenaActivate 5461
asQaSetGameOperator 5462
saResetAndEnterDungeon 5463
asResetAndEnterDungeon 5464
asResetDungeon 5465
asAmIWorldControlArbiter 5466
saAmIWorldControlArbiter 5467
asDungeonDisabledList 5468
asContentsOnOffList 5469
asDungeonOnOff 5470
asContentsOnOff 5471
saAdminHoldCharacter 5472
saAdminChatBan 5473
asAdminHoldCharacter 5474
asLogQuestEnd 5475
saLogQuestEnd 5476
saSpawnBuildObject 5477
asSpawnBuildObject 5478
asEventMatchingInfoList 5479
saLoadEventMatchingInfo 5480
saNotifyPromotionEvent 5481
asEventMatchingInfo 5482
asEventMatchingControl 5483
asRequestEnterBattlefield 5484
saUpdatePlayguideExtraRewardResettime 5485
asUpdatePlayguideExtraRewardResettime 5486
saLevelUpEvent 5487
asAdminDelFloatingCastleParts 5488
saLoadFloatingcastle 5489
asLoadFloatingcastle 5490
asAllCollectFloatingCastle 5491
asAssignAllFloatingCastle 5492
asCollectFloatingCastle 5493
asAssignFloatingCastle 5494
asUpdateGuildGeneralCoin 5495
asSetGuildGeneralCoin 5496
saBroadcastFloatingCastleInfo 5497
saUpdateFloatingCastleParts 5498
saBroadcastFloatingCastleNameplate 5499
asUpdateFloatingCastleParts 5500
saUpdateFloatingCastleCostState 5501
asUpdateFloatingCastleCostState 5502
saUpdateFloatingCastleAuthority 5503
asUpdateFloatingCastleAuthority 5504
saUserOnSpawnComplete 5505
asUpdateGuildEmblem 5506
asUpdateAchievementSeason 5507
asAcquireFriendshipGage 5508
saUpdateFriendshipToMonsterKillCount 5509
saUpdateFriendshipForDungeonClear 5510
saUpdateFriendshipForBattleField 5511
saRequestSendSkillScriptList 5512
asLoadProductSaleInfo 5513
asUpdateProductSaleInfo 5514
asLoadProductMarkInfo 5515
asUpdateProductMarkInfo 5516
asDeleteAllProduct 5517
asResetProductMarkEvent 5518
saSyncDateTime 5519
asSyncDateTime 5520
asSendAttendanceEventCompensation 5521
saUpdateUserAttendanceEventCompensationInfo 5522
asSendReturnUserReward 5523
saUpdateReturnUserRewardInfo 5524
asBattleFieldDisabledList 5525
asChangeBattleFieldOnOff 5526
asInvokeAbnormalityByAdmin 5527
asLoadEnchantProbEventInfo 5528
asInsertEnchantProbEvent 5529
asDeleteEnchantProbEvent 5530
asCreateGroupDuel 5531
asChangeGroupDuelSetting 5532
asSendMyGroupDuelMsg 5533
asSetItemString 5534
asRewriteItemString 5535
asChangeEventMatchingState 5536
asAddAccountPackageList 5537
asRemoveAccountPackageList 5538
asAddNpcSpawnEvent 5539
asDeleteNpcSpawnEvent 5540
asDeleteAllNpcSpawnEvent 5541
saEndNpcSpawnEvent 5542
asAddAwakenEnchantData 5543
asAddAwakenChangeData 5544
asDeleteAwakenEnchantData 5545
asDeleteAwakenChangeData 5546
asStoreItemChangeInfo 5547
asResetStoreItemChangeInfo 5548
asUpdateVipSystemInfo 5549
asAddVipToken 5550
asDungeonPhaseLastResetTime 5551
saRequestDungeonPhaseUserReset 5552
asRequestDungeonPhaseUserReset 5553
asChangeDungeonPhaseLevel 5554
dsaSaveDungeonPhaseLevel 5555
dsaLogDungeonPhaseRecord 5556
saBroadacstCityWarSeasonHistroy 5557
asCityWarOn 5558
asCityWarOff 5559
saBroadacstTaxInfo 5560
saRequestEnterCityWar 5561
asRequestEnterCityWar 5562
saRequestEnterCityWarGuildTowerByItem 5563
asRequestEnterCityWarGuildTowerByItem 5564
asUpdateAdminCityWarOpenTime 5565
asUpdateAdminCityWarInterestOnly 5566
asAddAdminCityWarGuildBan 5567
asDelAdminCityWarGuildBan 5568
saTeleportCityWar 5569
asTeleportCityWar 5570
saTeleportCityWarGuildTowerByItem 5571
asTeleportCityWarGuildTowerByItem 5572
saCitywarWarningUnderattack 5573
asAdminDeleteGuildTower 5574
saAdminDeleteGuildTower 5575
saQaDeleteGuildTower 5576
asQaDeleteGuildTower 5577
saRewardCitywarKillDeathCount 5578
adsAdminGetDungeonUserList 5579
dsaAdminGetDungeonUserList 5580
saGmeventSendGuideMessage 5581
saGmeventOffGuideMessage 5582
asLoadGmeventData 5583
asReloadGmeventDatasheet 5584
saGmeventRequestReward 5585
asGmeventResponseReward 5586
saGmeventRequestOxQuiz 5587
asGmeventResponseOxQuiz 5588
asGmeventOnoff 5589
saGmeventChangeStatus 5590
asGmeventDeleteEvent 5591
asGmeventUpdateEvent 5592
asGmeventLoadJoinCount 5593
asGmeventClearJoinCount 5594
asGmeventChangeMaxJoinCount 5595
saGmeventChangeJoinCount 5596
asUpdateSkillCheaterConfig 5597
saUpdateSkillCheaterConfig 5598
sdbPing 10000
sdbUserEnterworld 10001
sdbUserLeaveworld 10002
dbsUserLeaveworld 10003
sdbVendingmachineLoad 10004
dbsVendingmachineLoad 10005
sdbVendingmachineSellSetting 10006
dbsVendingmachineSellSetting 10007
sdbVendingmachineSell 10008
dbsVendingmachineSell 10009
sdbVendingmachineSellClose 10010
dbsVendingmachineSellClose 10011
sdbVendingmachineBuySetting 10012
dbsVendingmachineBuySetting 10013
sdbVendingmachineBuy 10014
dbsVendingmachineBuy 10015
sdbVendingmachineBuyClose 10016
dbsVendingmachineBuyClose 10017
sdbVendingmachineDestroy 10018
dbsVendingmachineDestroy 10019
sdbVendingmachineSellSettleUp 10020
dbsVendingmachineSellSettleUp 10021
sdbVendingmachineBuySettleUp 10022
dbsVendingmachineBuySettleUp 10023
sdbVendingmachineSellDie 10024
dbsVendingmachineSellDie 10025
sdbVendingmachineBuyDie 10026
dbsVendingmachineBuyDie 10027
sdbLoadQuestList 10028
dbsLoadQuestList 10029
sdbSetQuestInfo 10030
dbsSetQuestInfo 10031
sdbGiveQuestBackupItem 10032
dbsGiveQuestBackupItem 10033
sdbSetQuestlistInfo 10034
dbsSetQuestlistInfo 10035
sdbSetTaskShowToggle 10036
dbsSetTaskShowToggle 10037
sdbEndStartQuestList 10038
dbsEndStartQuestList 10039
dbsUserEnterworld 10041
sUpdateLicense 10042
dUpdateLicense 10043
sUpdateExpLevel 10044
dUpdateExpLevel 10045
sUpdateProfMineral 10046
sUpdateProfBug 10047
sUpdateProfEnergy 10048
sUpdateProfHerb 10049
dUpdateProfResult 10050
sUpdateUserPkdeclarecount 10051
dUpdateUserPkdeclarecount 10052
sUpdateUserPkpoint 10053
dUpdateUserPkpoint 10054
sdbSetMoney 10055
sdbGetMoney 10056
dbsSetMoney 10057
dbsGetMoney 10058
sdbViewWarehouse 10059
dbsViewWarehouse 10060
sdbStoreWarehouse 10061
dbsStoreWarehouse 10062
sdbGetWarehouse 10063
dbsGetWarehouse 10064
sdbMoveWarehouseItem 10065
dbsMoveWarehouseItem 10066
sdbItemProduceStep1 10067
dbsItemProduceStep1 10068
sdbItemProduceStep2 10069
dbsItemProduceStep2 10070
sdbItemExtract 10071
dbsItemExtract 10072
sdbItemDecompose 10073
dbsItemDecompose 10074
sdbLearnItemRecipe 10075
dbsLearnItemRecipe 10076
sdbLoadItemRecipe 10077
dbsLoadItemRecipe 10078
sdbDeleteItemRecipeList 10079
dbsDeleteItemRecipeList 10080
sdbLoadSkillProf 10081
dbsLoadSkillProf 10082
sdbUpdateSkillProf 10083
dbsUpdateSkillProf 10084
sdbItemSingle 10085
dbsItemSingle 10086
sdbItemTrade 10087
dbsItemTrade 10088
sdbItemDeliver 10089
dbsItemDeliver 10090
sdbItemEnchant 10091
dbsItemEnchant 10092
sdbItemEnchantIdentify 10093
dbsItemEnchantIdentify 10094
sdbItemCustomizing 10095
dbsItemCustomizing 10096
sdbItemMerge 10097
dbsItemMerge 10098
sdbUpdateUserdata 10099
sdbListParcel 10100
dbsListParcel 10101
sdbMakeParcel 10102
dbsMakeParcel 10103
sdbRecvParcel 10104
dbsRecvParcel 10105
sdbChangeWarehousePos 10106
dbsChangeWarehousePos 10107
sdbReturnParcel 10108
dbsReturnParcel 10109
sdbClearQuest 10110
dbsClearQuest 10111
sdbCheckNewGuildName 10112
dbsCheckNewGuildName 10113
sdbUserLearnSkill 10121
dbsUserLearnSkill 10122
sdbUserLearnSkillForMultiple 10123
dbsUserLearnSkillForMultiple 10124
sdbUserForgetSkill 10125
dbsUserForgetSkill 10126
sdbGuildLearnPerk 10127
dbsGuildLearnPerk 10128
sdbGuildResetPerk 10129
dbsGuildResetPerk 10130
sdbStartGuildPerkAndCostGuildMoney 10131
dbsStartGuildPerkAndCostGuildMoney 10132
sdbGiveGuildMoneyIncentive 10133
dbsGiveGuildMoneyIncentive 10134
sdbUserLoadInventory 10135
dbsUserLoadInventory 10136
sdbPegasusFee 10137
dbsPegasusFee 10138
sdbLoadTeleportToPosList 10139
dbsLoadTeleportToPosList 10140
sdbAddTeleportToPosList 10141
dbsAddTeleportToPosList 10142
sdbDeleteTeleportToPosList 10143
dbsDeleteTeleportToPosList 10144
sdbRenameTeleportToPosList 10145
dbsRenameTeleportToPosList 10146
sdbUpdateDailyExtraPoint 10147
dbsUpdateDailyExtraPoint 10148
sdbUpdateExtraPoint 10149
dbsUpdateExtraPoint 10150
sdbUpdateDailyLimitEpExp 10151
dbsUpdateDailyLimitEpExp 10152
sdbResetExtraPointData 10153
dbsResetExtraPointData 10154
sdbChangeGoldConsumption 10155
dbsChangeGoldConsumption 10156
sdbUserLoadEpPerk 10157
dbsUserLoadEpPerk 10158
sdbUserLearnEpPerk 10159
dbsUserLearnEpPerk 10160
sdbUserResetEpPerk 10161
dbsUserResetEpPerk 10162
sdbUserIncreaseEpPointByItem 10163
dbsUserIncreaseEpPointByItem 10164
sdbUpdatePreEpInfo 10165
dbsUpdatePreEpInfo 10166
sdbConditionalTeleport 10167
dbsConditionalTeleport 10168
sdbReturnHomeWithSysreturn 10169
dbsSysreturnPosition 10170
sdbSetSysreturnPosition 10171
sdbItemStore 10172
dbsItemStore 10173
sdbPayWarehouseCommision 10174
dbsPayWarehouseCommision 10175
sdbUpdateUserData 10176
dbsUpdateUserData 10177
sdbItemSimpleAtom 10178
dbsItemSimpleAtom 10179
sdbInitGuild 10180
dbsInitGuildGroup 10181
dbsInitGuildMember 10182
dbsInitGuildPerkList 10183
dbsLoadGuildComplete 10184
sdbCreateGuild2 10185
dbsCreateGuild2 10186
sUpdateUserPkdeclarecount2 10187
dUpdateUserPkdeclarecount2 10188
sdbAddGuildmember2 10192
dbsAddGuildmember2 10193
sdbItemTradeLog 10194
sdbMainMenuCommand 10195
dbsMainMenuCommand 10196
sdbClearWarehouse 10197
dbsClearWarehouse 10198
sdbInventoryAutoSort 10199
dbsInventoryAutoSort 10200
sdbWarehouseAutoSort 10201
dbsWarehouseAutoSort 10202
sdbSendCampTeleport 10203
dbsClearInven 10204
sdbUserClearAllSkill 10205
dbsUserClearAllSkill 10206
sdbGroupDuelBetMoney 10207
dbsGroupDuelBetMoney 10208
dbsUpdateUserMoney 10209
dbsUpdateUserInventory 10210
dbsVendingmachineLoad2 10211
dbsUserLoadInventory2 10212
dbsInitGuildData 10213
sdbVendingmachineSet 10214
dbsVendingmachineSet 10215
sdbVendingmachineBuysell 10216
dbsVendingmachineBuysell 10217
sdbVendingmachineBuySet 10218
dbsVendingmachineBuySet 10219
sdbVendingmachineBuyEx 10220
dbsVendingmachineBuyEx 10221
sdbVendingmachineClear 10222
dbsVendingmachineClear 10223
sdbLoadUserAchievement 10224
dbsLoadUserAchievement 10225
sdbUpdateUserAchievement 10226
dbsUpdateUserAchievement 10227
sdbGroupDuelBettingItem 10228
dbsGroupDuelBettingItem 10229
sdbAddPvpUserLog 10230
sdbAddPkUserLog 10231
sdbAddGroupDuelUserLog 10232
dbsUpdateServerAchievement 10233
sdbAccomplishUserAchievement 10234
dbsAccomplishUserAchievement 10235
sdbDeleteUserAchievement 10236
dbsDeleteUserAchievement 10237
sdbApplyTitle 10238
dbsApplyTitle 10239
dbsUserRefreshInventory 10240
sdbFetchThroughArbiterContract 10241
dbsFetchThroughArbiterContract 10242
dbsAskThroughArbiterContract 10243
sdbAskThroughArbiterContract 10244
sdbSendBeginThroughArbiterContract 10245
sdbSendEndThroughArbiterContract 10246
dbsSendEndThroughArbiterContract 10247
dbsReplyThroughArbiterContract 10248
sdbDeleteParcel 10249
dbsDeleteParcel 10250
sdbEquipItem 10251
dbsEquipItem 10252
sdbGroupDuelReturn 10253
dbsGroupDuelReturn 10254
sdbTradeBrokerRegisterItem 10255
dbsTradeBrokerRegisterItem 10256
sdbTradeBrokerUnregisterItem 10257
dbsTradeBrokerUnregisterItem 10258
sdbTradeBrokerCalcSoldItem 10259
dbsTradeBrokerCalcSoldItem 10260
sdbTradeBrokerCalcBoughtItem 10261
dbsTradeBrokerCalcBoughtItem 10262
sdbTradeBrokerBuyItNow 10263
dbsTradeBrokerBuyItNow 10264
sdbTradeBrokerStartDeal 10265
dbsTradeBrokerStartDeal 10266
dbsTradeBrokerAcceptDeal 10267
sdbTradeBrokerCancelDeal 10268
asAskAdminRequestUseraction 10269
saAdminRequestUseraction 10270
asAdminRequestUseraction 10271
asAdminRequestSendInfo 10272
asAdminCommand 10273
dbsDeleteQuest 10274
dbsUpdateQuest 10275
dbsTradeBrokerCancelDeal 10276
sdbUserVaporized 10277
dbsSimulateItemTooltip 10278
sdbSimulateItemTooltip 10279
dbsUserRestriction 10280
sdbVisitAllSections 10281
asCampTelAdded 10282
sdbLoadUserRestriction 10283
dbsLoadUserRestriction 10284
sdbLoadUserVipInfo 10285
dbsLoadUserVipInfo 10286
sdbResetVipStore 10287
dbsResetVipStore 10288
sdbBuyVipStoreItem 10289
dbsBuyVipStoreItem 10290
sdbAddVipGameExp 10291
dbsAddVipGameExp 10292
sdbIncreaseInventorySize 10293
dbsIncreaseInventorySize 10294
sdbRequestSendPaperdoll 10295
sdbRequestSendQuestjournal 10296
sdbCouponList 10297
dbsCouponList 10298
sdbUseCoupon 10299
dbsUseCoupon 10300
sdbDeleteCoupon 10301
dbsDeleteCoupon 10302
sdbRightItemList 10303
dbsRightItemList 10304
sdbUseRightItem 10305
dbsUseRightItem 10306
sdbAskChangeCharName 10307
dbsAskChangeCharName 10308
sdbDoChangeCharName 10309
dbsDoChangeCharName 10310
sdbAskChangeGuildName 10311
dbsAskChangeGuildName 10312
sdbDoChangeGuildName 10313
dbsDoChangeGuildName 10314
sdbDoChangeLook 10315
dbsDoChangeLook 10316
asAddToFriendList 10317
asDespawnPet 10318
saTestPacket 10319
sdbVendingmachineStop 10320
asGuildJoined 10321
sdbLoadDungeonCoolTime 10322
dbsLoadDungeonCoolTime 10323
sdbLoadDungeonPhaseLevel 10324
dbsLoadDungeonPhaseLevel 10325
sdbUpdateDungeonRankRecord 10326
dbsUpdateDungeonRankRecord 10327
asTradeBrokerItemSold 10328
sdbAddTutorialSimpleTip 10329
dbsAddTutorialSimpleTip 10330
sdbDontRepeatTutorialSimpleTip 10331
dbsDontRepeatTutorialSimpleTip 10332
sdbLoadTutorialSimpleTip 10333
dbsLoadTutorialSimpleTip 10334
sdbVendingmachineCalculateSeller 10335
dbsVendingmachineCalculateSeller 10336
sdbVendingmachineCalculateBuyer 10337
dbsVendingmachineCalculateBuyer 10338
dbsOperatorTerritoryNpcKill 10339
dbsOperatorCancelTerritoryNpcKill 10340
sdbOperatorTerritoryNpcKill 10341
sdbOperatorTerritoryNpcKillCancel 10342
dbsOperatorTerritoryNpcpartyRespawn 10343
dbsOperatorTerritoryNpctemplateRespawn 10344
sdbChangeItemExterior 10345
dbsChangeItemExterior 10346
sdbRestoreItemExterior 10347
dbsRestoreItemExterior 10348
sdbChangeItemColoring 10349
dbsChangeItemColoring 10350
sdbDecreaseItemColoringLefttime 10351
dbsDecreaseItemColoringLefttime 10352
sdbReviveForDungeonRetry 10353
dbsReviveForDungeonRetry 10354
sdbTurnOnWorkObject 10355
dbsTurnOnWorkObject 10356
sdbSetRecipeBookmark 10357
dbsSetRecipeBookmark 10358
sdbCashItemLog 10359
sdbUseChronoscroll 10360
dbsUseChronoscroll 10361
sdbLoadReputationList 10362
dbsLoadReputationList 10363
sdbUpdateReputationInfo 10364
dbsUpdateReputationInfo 10365
sdbInitLimitRemainReputation 10366
dbsInitLimitRemainReputation 10367
sdbLoadBattleFieldList 10368
dbsLoadBattleFieldList 10369
sdbUpdateDailyQuestCompleteCount 10370
dbsUpdateDailyQuestCompleteCount 10371
sdbUpdateDailyQuestSeed 10372
dbsUpdateDailyQuestSeed 10373
sdbItemPointStore 10374
dbsItemPointStore 10375
sdbItemGuildStore 10376
dbsItemGuildStore 10377
sdbTutorialEnd 10378
dbsTutorialEnd 10379
sdbItemUnidentify 10380
dbsItemUnidentify 10381
sdbDeleteQuestCompleted 10382
dbsDeleteQuestCompleted 10383
sdbInsertFeudalLordFlag 10384
dbsInsertFeudalLordFlag 10385
sdbDecreaseFeudalLordFlagLifeTime 10386
dbsDecreaseFeudalLordFlagLifeTime 10387
sdbLoadFeudalLordFlag 10388
dbsLoadFeudalLordFlag 10389
sdbPoliticsPointStore 10390
dbsPoliticsPointStore 10391
dbsChangePolicypoint 10392
sdbMarkAsQuestCompleted 10393
dbsMarkAsQuestCompleted 10394
sdbLoadReferAFriendList 10395
dbsLoadReferAFriendList 10396
dbsAddReferAFriend 10397
dbsDeleteReferAFriend 10398
dbsCheckSummonFriend 10399
sdbCheckSummonFriend 10400
dbsLoadInviteFriend 10401
sdbLoadInviteFriend 10402
sdbPublishInviteCode 10403
sdbInviteFriendExpireTimeEnd 10404
sdbGiveInviteCompensation 10405
sdbLoadAccountBenefit 10406
dbsLoadAccountBenefit 10407
sdbLoadPremiumSlot 10408
dbsLoadPremiumSlot 10409
sdbLoadPcbangInven 10410
dbsLoadPcbangInven 10411
sdbRequestResetPcbangInven 10412
dbsRequestResetPcbangInven 10413
sdbRequestUsePcbangInven 10414
dbsRequestUsePcbangInven 10415
sdbUpdatePcbangInvenCooltime 10416
dbsUpdatePcbangInvenCooltime 10417
sdbLoadSkillperiod 10418
dbsLoadSkillperiod 10419
sdbUpdateReduceSkillperiod 10420
dbsUpdateReduceSkillperiod 10421
sdbChangeEnchatScrollPassive 10422
dbsChangeEnchatScrollPassive 10423
sdbLoadLearnedSocial 10424
dbsLoadLearnedSocial 10425
sdbUserLearnSocial 10426
dbsUserLearnSocial 10427
sdbUserForgetSocial 10428
dbsUserForgetSocial 10429
sdbUserClearAllSocial 10430
dbsUserClearAllSocial 10431
sdbIncrementCharacterSocket 10432
dbsIncrementCharacterSocket 10433
sdbIncrementCharacterLevel 10434
dbsIncrementCharacterLevel 10435
sdbIncrementCharacterLevelJump 10436
dbsIncrementCharacterLevelJump 10437
sdbIncrementCharacterExp 10438
dbsIncrementCharacterExp 10439
dbsIngameshopCategoryBegin 10440
dbsIngameshopCategoryData 10441
dbsIngameshopCategoryEnd 10442
dbsIngameshopProductBegin 10443
dbsIngameshopProductData 10444
dbsIngameshopProductTag 10445
dbsIngameshopProductItemid 10446
dbsIngameshopProductSubprod 10447
dbsIngameshopProductEnd 10448
sdbAskCurrentHancoinAmount 10449
sdbRequestBuyProductid 10450
sdbSharedAccountData 10451
dbsSharedAccountData 10452
saUserChangeClassRaceGender 10453
asUserChangeClassRaceGender 10454
asEventHuntingbonusItem 10455
saEventHuntingbonusItemresult 10456
sdbEnchantItemBoost 10457
dbsEnchantItemBoost 10458
sdbUpdateItemCustomexitem 10459
dbsUpdateItemCustomexitem 10460
asEventHuntingbonus 10461
saEventHuntingbonusItemadded 10462
sdbDoLimitedGachaWork 10463
dbsDoLimitedGachaWork 10464
sdbExchangeTokenItemToPoint 10465
dbsExchangeTokenItemToPoint 10466
sdbLoadTokenExchange 10467
dbsLoadTokenExchange 10468
sdbLoadLimitedDropPoint 10469
dbsLoadLimitedDropPoint 10470
sdbLoadMasstigeInfo 10471
dbsLoadMasstigeInfo 10472
sdbSetTokenPointQa 10473
dbsSetTokenPointQa 10474
sdbResetMasstigeStatus 10475
dbsResetMasstigeStatus 10476
sdbLoadFatigabilityList 10477
dbsLoadFatigabilityList 10478
sdbNewFatigability 10479
dbsNewFatigability 10480
sdbUpdateFatigabilityPoint 10481
dbsUpdateFatigabilityPoint 10482
sdbLoadPromotionList 10483
dbsLoadPromotionList 10484
sdbUpdatePromotion 10485
dbsUpdatePromotion 10486
sdbDeletePromotion 10487
dbsDeletePromotion 10488
sdbLoadPromotionConditionList 10489
dbsLoadPromotionConditionList 10490
sdbCreatePromotionCondition 10491
dbsCreatePromotionCondition 10492
sdbUpdatePromotionCondition 10493
dbsUpdatePromotionCondition 10494
sdbDeletePromotionCondition 10495
dbsDeletePromotionCondition 10496
sdbItemDecomposition 10497
dbsItemDecomposition 10498
sdbLoadPassivityCooltime 10499
dbsLoadPassivityCooltime 10500
sdbUpdatePassivityCooltime 10501
dbsUpdatePassivityCooltime 10502
sdbNpcArenaBet 10503
sdbCancelNpcArenaBet 10504
sdbItemFloatingCastlePastsStore 10505
dbsItemFloatingCastlePastsStore 10506
sdbOpenFloatingCastlePartsStore 10507
dbsOpenFloatingCastlePartsStore 10508
sdbCollectUseitemInFloatingCastle 10509
dbsCollectUseitemInFloatingCastle 10510
sdbUpdateCustomizingCombineResult 10511
dbsUpdateCustomizingCombineResult 10512
sdbUpdateHoldCharacterStatus 10513
dbsUpdateHoldCharacterStatus 10514
sdbItemAwaken 10515
dbsItemAwaken 10516
sdbItemUnbind 10517
dbsItemUnbind 10518
sdbCheckDailyAttendance 10519
dbsCheckDailyAttendance 10520
sdbResetDailyAttendance 10521
dbsResetDailyAttendance 10522
sdbLoadUserDailyEvent 10523
dbsLoadUserDailyEvent 10524
sdbUpdateUserDailyEventCount 10525
dbsUpdateUserDailyEventCount 10526
sdbUpdateGetExtraReward 10527
dbsUpdateGetExtraReward 10528
sdbAdminUserDailyAttendance 10529
dbsAdminUserDailyAttendance 10530
sdbInitSerenGuideInfo 10531
dbsInitSerenGuideInfo 10532
sdbUpdateSerenGuideInfo 10533
dbsUpdateSerenGuideInfo 10534
sdbRequestMegaphone 10535
dbsRequestMegaphone 10536
sdbBuildGuildTower 10537
dbsBuildGuildTower 10538
sdbCheckPlaytimeReward 10539
dbsCheckPlaytimeReward 10540
sdbReceivePlaytimeReward 10541
dbsReceivePlaytimeReward 10542
sdbLoadCityWarSeasonInfo 10543
sdbLoadCityGuildTowerInfo 10544
sdbDeleteGuildTower 10545
dbsDeleteGuildTower 10546
dbsLoadCityGuildTowerInfo 10547
dbsCityWarInfo 10548
sdbLoadCityGuildInfo 10549
dbsLoadCityGuildInfo 10550
sdbCreateNewCityWarLeague 10551
dbsCreateNewCityWarLeague 10552
sdbChangeCityWarState 10553
sdbChangeCityWarProcessTime 10554
dbsChangeCityWarState 10555
sdbUpdateCityWarInfo 10556
sdbResultCityWar 10557
dbsResultCityWar 10558
sdbAddTax 10559
sdbEquipmentInheritance 10560
dbsEquipmentInheritance 10561
cpPing 19000
pcPong 19001
cpRequestLogin 19002
pcReplyLogin 19003
cpRequestServerList 19004
pcReplyServerList 19005
paPing 19200
apPong 19201
apRegister 19202
paRegistered 19203
apRequestEnterLobby 19204
paReplyEnterLobby 19205
cCheckVersion 19900
sCheckVersion 19901
sToggleTaskInfoWindow 20018
cSetSendParcelMoney 20051
sTradeBrokerRequestDealResult 20062
cTradeBrokerCalcBoughtItem 20088
cPetitionChatUserMessage 20116
sSecondPasswordAuthResult 20155
cEndRestoreCustomizingPartsShape 20211
sSuggestDarkRiftPartyMatching 20214
sOpenGuildLogoWindow 20225
sInstanceArrow 20271
cItemColoringRemoveItem 20352
sShowCrestLearn 20356
sEnchantScrollResult 20391
sClearWorldQuestVillagerInfo 20500
sSkillForget 20592
cRequestCandidateList 20621
sKumasBattleFieldResult 20629
cSetTargetInfo 20694
sPrepareSelectChannel 20710
sTradeMessage 20731
sRemoveSoundByname 20739
sGroupDuelInit 20760
sStartCustomizingPartsShape 20766
sEmptyGuildWindow 20796
cSetItemString 20819
cGetAttendanceReward 20853
cGroupDuelRecord 20859
cBattleFieldHelp 20884
sNotifyVmStatus 20951
sRequestChangePartyMatchRule 21020
sNotifyBattleFieldNpcSpawn 21042
sRemainPlayTime 21076
cStoreBuyAddBasket 21116
cDungeonWorkEnter 21129
sSpawnServant 21142
sAvailableSocialList 21148
cUnmountVehicleEx 21242
cGmeventEnterEvent 21287
sRenameItemstringStart 21364
sFreeFightBattleFieldBoard 21372
sPetIncubatorInfoChange 21387
sPartyMemberIntervalPosUpdate 21395
sAirReactionEnd 21421
sDespawnDropitem 21425
cPartyApplicationDenied 21445
sGmeventOxRepeQuizResult 21493
cCommitVmTrade 21536
sUpdateGambleBoxState 21566
sStickToUserEnd 21574
cStartClimbing 21616
sRankPointStatus 21640
cRequestPartyMatchInfo 21646
cCityWarInfoHistroy 21653
sDespawnServant 21690
sInitCannonBattleField 21733
cGroupDuelAddBettingItem 21736
sSnowEventBattleFieldSpawnUser 21767
sUserAimTo 21769
sVehicleExRelation 21778
cBotCandidateInfo 21782
cRequestNondbItemInfo 21787
sWatchedMovies 21833
sCancelVoteDismissParty 21840
sReplyGuildList 21849
cShowPetmanager 21860
cGambleCancel 21869
sEndRestoreCustomizingPartsShape 21927
cRequestUserItemlevelInfo 21950
sRoundPveBattleFieldBoard 21988
cTryItemBidding 22005
sInitWorldOfTankBattleField 22020
cPoliticsPointStoreCommit 22047
sSpawnEventSeed 22056
cTradeBrokerSuggestDeal 22077
sDespawnWorkobject 22103
cStopVm 22104
cUseItem 22119
sSetRecipeBookmark 22136
cRequestPing 22150
cInviteFriendCode 22157
sWhisper 22161
cChat 22183
sFeudalLordFlagInfo 22265
sFinInterPartyMatch 22275
sAwakenResult 22294
cChangeGuildgroup 22312
sRequestInviteGuildTag 22316
cCancelChangeUserAppearance 22362
cUserReport 22388
sFestivalList 22401
sIngameChangeUserAppearanceCancel 22427
sStartInverseCapture 22467
cStoreSellAddBasket 22480
cServantAbility 22513
sNoctanVariationInfo 22549
cCheckToRaiseGuildWar 22564
cBattleFieldCancelOccupation 22617
sPartyMemberAbnormalRefresh 22626
sIngameshopProductItemid 22633
sPromotionProcess 22637
cPdhQuery 22643
sViewWareEx 22663
sBettingStart 22678
cCrestDisapplyAll 22686
cGroupDuelChangeRepresent 22691
sPlayAnimation 22812
sKumasBossChangeInfo 22820
sVoidGuardInfo 22867
sChangeCityWarState 22880
sRequestCityWarMapInfoEnd 22906
sCheckToOppositeDeclareGuildWar 22917
sChangePkInfo 22953
sVmSellBasketInfo 22962
sTradeBrokerHistoryItemList 23010
sLordOpenVoteWindow 23041
sCheckNewGuildname 23056
sQuestBalloon 23103
sCannotUseChatChannel 23141
sTradeBagClose 23239
sMinigameEnd 23426
sFearmoveEnd 23501
sActionStage 23519
cEventGuide 23570
cRequestBossGageInfo 23601
sPlayerResetEp 23649
sViewBattleFieldResult 23654
sCustomMessage 23688
sLordOpenCandidateWindow 23737
sItemsynthesizerMaterial 23738
cRequestGuildIncentive 23742
sAskExpandInvenSize 23768
sMasstigeStatus 23778
sOpenBoard 23792
cMoveWarePos 23795
cViewBattleFieldRanking 23798
cGroupDuelDelBettingItem 23833
sWorldOfTankBattleFieldBoard 23836
sCheckUnidentifyItems 23838
cBoardItemList 23856
sDungeonConsoleEvent 23860
sDungeonAdditionalWorkUi 23862
sPetManagerShow 23867
sArenaFightAbnormalityRefresh 23908
sPreconfirmInviteCode 23996
sTradeBrokerCalcBoughtItem 24003
sAwesomiumDebugMode 24012
sGuildWarPenaltyInfo 24047
cPreconfirmInviteCode 24051
cAdminGetUserInfoListByDistance 24128
sPkDeclareCount 24133
sDespawnPet 24159
sFearmoveStage 24212
sDungeonWorkPointStoreBasket 24237
cPlayExecuteTemper 24299
sScenarioDungeonUi 24319
sAccountBenefitList 24357
sGmeventStartEvent 24361
sDungeonWorkList 24391
cExit 24397
sBanParty 24438
cRequestResetVipStore 24485
cShowItemTooltipEx 24553
sSendVipSystemInfo 24614
sAero 24615
cRequestDemolishGuildTower 24625
cUnmountVehicle 24693
cPromotionStart 24731
sPremiumSlotDatalist 24737
sClearQuestInfo 24760
sMyPartyMatchInfo 24762
sFinKumasBattleField 24796
sDailyQuestCompleteCount 24798
cPetOrbAttach 24842
sViewWare 24870
sEquipItem 24883
sCompleteEventMatchingQuest 24955
sPlayerCustomItemSlot 24971
sChat 24973
sDungeonWorkPointStoreSellList 24986
sNotifyBattleFieldNpcDespawn 25028
sDungeonRankRecorder 25044
cTradeBrokerRegisterItem 25046
sAccountPackageList 25057
sHoldAbnormalityAdd 25113
cPkDeclare 25175
sLordVoteCandidateList 25187
sRequestRenewAllPartsItem 25194
sNpcguildList 25227
sPetStopAlert 25232
cRequestSetGuildWantedWriting 25265
sCombatlogCombatEngagedMonsterList 25288
cPartyLootingMethodVote 25290
sBattleFieldStrongholdEvent 25396
cTradeBrokerHistoryItemListNew 25450
cMergeItem 25466
sReplyGuildWantedWritingList 25484
sRemoveEventMatchingQuest 25523
sPartyNotifyMyPosition 25575
cGetInShuttle 25671
cRequestFloatingCastlePartsCoolTime 25680
sMedalStoreSellList 25682
cViewPartyInvite 25719
sDuelTime 25803
cRoundPveSkillSelect 25806
sGroundEffect 25825
cCancelSkill 25830
sChangeEventMatchingState 25869
sGambleEnd 25871
sOtherUserApplyParty 25904
sIngameshopProductSubprod 25960
cDelItem 25963
sOngoingHuntingEventList 25980
sResultSerenGuide 25983
sGmeventConfirmLeaveEvent 26000
sChangeMode 26037
sAbnormalityEnd 26051
sPartyMemberBuffUpdate 26061
cSelectEventMatching 26072
sCrestChangeFail 26116
cDungeonWorkPointStoreCommit 26162
cRequestTeleport 26185
sLordPolicySet 26197
sDungeonEventGage 26252
sDungeonWorkUpdateMedalCount 26345
sViewBattleFieldRanking 26354
cSettleUpBuyVm 26360
sCombatlogAddValue 26362
cSetGuildgroupAuthority 26403
cGambleChangeBetItem 26405
sCurrentChannel 26422
sPrepareExit 26504
sGuildAccountLimitInfoChanged 26515
sDungeonNewbie 26546
sSnowEventBattleFieldResult 26564
sShowParcel 26578
cLordRegisterInfo 26617
cShowTradeItem 26659
sSystemMessageLootItem 26689
sCannonBattleFieldGuardtowerStatus 26691
cBanFromGroupDuel 26727
cAnswerBanningPartyMember 26768
sDialog 26777
cPetitionCreate 26824
sPrepareChangeUserAppearance 26854
cUserAimTo 26861
sShowReviveUi 26878
cRequestIngamestoreProductList 26889
sUnicastFloatingCastleInfo 26896
cListChannel 26950
sDungeonEventMessage 26965
cStartVmBuy 26966
cAdminGmeventOxQuizNextRepeQuiz 27005
cAdminSpawnNpc 27012
cTransferVehicleEx 27026
cSlashCommand 27052
cUnbindItem 27175
cRemoveItemFromVmSellBasket 27192
cOpCommand 27217
sVillageListToTeleport 27232
sDarkRiftSyncTime 27233
sCancelContract 27240
cPurchaseProd 27253
sMedalStoreBasket 27272
sPlaySound 27277
sPlayerChangeExp 27346
cCanLockonTarget 27371
sArenaFighterChangeHp 27392
sShowHp 27436
sBattleFieldPointStoreSellList 27454
sOpenVmSellbuyWindow 27555
cPetOrbDelete 27557
sDebugPos 27573
sGetEventDetail 27618
cDungeonCoolTimeList 27641
sCombatlogCurrentAggroList 27649
sDungeonRankRecordList 27652
sDarkRiftChangeAreaWorldNoti 27653
sDungeonRankEndTime 27669
cRequestCooltimeToJoinGuild 27706
sGuildName 27715
sFinFreeFightBattleField 27727
sDoneTelCamp 27740
cRequestGuildInfo 27809
cCompleteExtraEvent 27817
sDungeonChangeNpcCylinder 27919
cGetOutShuttle 27938
sIsLord 27947
cChangeMyProfile 27975
cItemColoringSetColor 27978
cSwapParty 27994
cExecuteAwaken 27995
sBattleFieldHelp 28000
sReplyRequestContract 28070
cKickChannelMember 28113
cTradeBrokerWaitingItemListNew 28129
sEndChatBan 28136
sDespawnDoor 28179
cTeleportToCamp 28300
cRequestPartyInfo 28305
sAdminGetUserinfoInven 28315
sGuildInfo 28318
sGuildHistory 28344
sWorldOfTankBattleFieldResult 28350
sLogoutPartyMember 28352
cUnregisterPartyInfo 28395
sFatigabilityPoint 28413
cCancelContract 28419
cParcelReadRecvStatus 28453
sRequestDungeonMatchingUi 28503
sGhost 28523
sPkStart 28526
sBattleFieldCancelOccupation 28580
cSendUiLog 28610
cStartTargetedSkill 28655
sResultGuildIncentive 28656
sAddGuildMember 28669
cGiveUpGuildWar 28677
cLeaveTeleportterritory 28684
cPrepareWorkobject 28713
cJoinGroupDuel 28734
sNpcStatus 28744
cRaiseGuildWar 28757
cPromotionReset 28815
sSetGuildJoinCondition 28830
cSpawnBuildObject 28831
sCameraShake 28868
sVisitNewTelCamp 28869
cCrystalCombineExecute 28899
sSendRoundPveSkillList 28906
cLordRankInfo 28912
sPetitionComplete 28920
cCustomUserCustomizing 28975
sStageStart 28998
cDecompositionItem 28999
sEnchantBoosterRegisterItem 29014
sInvenChangedslot 29023
cAddInterPartyMatchPool 29077
sQuestVillagerInfo 29107
cRequestGuildWarPenaltyInfo 29121
sPlayerChangeProf 29148
cUpdateMyDescription 29179
sItemColoringBag 29225
sControlDoor 29237
sPetIncubatorProgress 29238
cAdminGetUserInfoByDbid 29250
cMainMenuCommandExec 29269
sFinKumasBossBattleField 29282
sCouponList 29314
cPartyNotifyMyPosition 29319
cRemoveBlockedUser 29337
cSetRecipeBookmark 29404
cChatReport 29406
sSkillList 29411
cReuquestJoinedChannelList 29440
cMedalStoreCommit 29446
cRequestGuildInfoBeforeApplyGuild 29468
sDungeonVisibleBg 29486
sSelectChannel 29530
cRecommendGuild 29532
sFailLootNonOwnership 29541
cDeleteParcel 29578
sBattleFieldChatBanInfo 29586
sPlayerChangeNoctanCount 29590
sPrepareDoneWorkobject 29609
sMinigameWait 29615
cCheckUsername 29652
sVisitedSectionList 29670
cItemsynthesizerRequestCancel 29725
sInvalidBuildVersion 29752
sBossGageInfo 29766
sUserLevelup 29824
cStyleShopBuyReputationItem 29871
sGuildLevelRankingList 29976
cVoteResetAllDungeon 30023
sPrepareReturnToLobby 30034
sDungeonClearCountList 30061
cAnsQuestShare 30095
cPetitionCheckSurveyable 30102
cLordTaxSet 30126
sGuildStoreSellList 30155
sPartyMemberList 30163
sAbnormalityFail 30173
cReceivePlaytimeEventReward 30183
sSpawnGambleBox 30218
cGetUserList 30236
sLordRankInfo 30340
sEndProductSaleInfo 30372
sWorldQuestVillagerInfo 30381
cReviveNow 30389
sActionEnd 30412
cRequestPlaytime 30452
sUserStatus 30489
sDefendSuccess 30490
sGetOutShuttle 30541
sUserItemEquipChanger 30560
sPlayEventSound 30563
sNotifyGuildWarStatusChange 30568
sAddTradeBag 30570
cViewCombineBattleFieldRanking 30574
cDeleteTeleportToPosList 30582
sStartRoundPveRound 30585
sParcelReport 30597
sPartyMemberChangeStamina 30626
sInitializeAwesomium 30692
cReturnParcel 30694
sTradeBrokerBuyItNow 30695
sPlayerChangeStamina 30698
sNpcRespawnPlanAlarm 30707
sRecvParcel 30728
sNpcLocation 30764
cAcceptFriend 30773
sUpdateGuildFlag 30847
sUserBlockList 30848
cEnterScenarioDungeon 30889
sCustomizingPartsShapeItemList 30894
sDeleteUser 30902
sResultUsableGuildName 30927
sRandomPassiveLock 30953
sResultUsableCharacterName 30971
sEndCustomizingPartsShape 30979
cBindItemExecute 30981
cVoteDismissParty 31002
sBossBattleInfo 31031
sMountVehicleEx 31047
sWorkWorkobject 31126
sTaskInfoGuard 31141
cGambleTry 31170
sEventQuestSummary 31187
sSpawnCollection 31188
cDuelCancel 31191
cPong 31217
sPartyMemberAbnormalAdd 31227
cPetIncubatorStart 31290
cRequestInviteGuildListPage 31362
sPostProcessMaterial 31381
cRegisterVmSellItem 31394
sServerTime 31415
cRecommendUserGuild 31463
cChangePartyMemberAuthority 31485
sChangeServantName 31497
cPetitionFeedback 31517
sDungeonLookAtNpc 31527
sFixVehicleProgress 31589
sResultIngameChangeUserAppearance 31604
sGmeventOxQuizUserStatus 31642
sEndThroughArbiterContract 31662
sEndUserProjectile 31709
cRegisterPartyInfo 31717
cCommitIngameChangeUserAppearance 31723
sBrocastUpdateGuildFlag 31725
cChangeItemColoringPotion 31748
sResultBattleFieldChatBan 31782
cViewDungeonworkStore 31823
sLoadClientAccountSetting 31864
sPlaytimeEventRewardData 31865
sListParcel 31907
sTemperMaterials 31912
sStartActionScript 31959
cGmeventOxRepeQuizAnswer 31985
sParcelReadRecvStatus 32002
cAddMaterialAwaken 32007
sCrestInfo 32025
sStartChangeUserAppearance 32045
sBattleFieldSeasonRanker 32052
cRequestSerenGuide 32056
sBindItemBegin 32104
cStoreSellDelBasket 32110
sUseChronoscrollResult 32111
cDungeonWorkRetry 32147
cMedalStoreBuyAddBasket 32204
sResultBiddingDiceThrow 32235
sDuelStart 32303
sNewGoldRaceInfo 32330
sStageResult 32350
sUserExternalChange 32364
sSkillCategory 32420
sGmeventRecvReward 32434
cRequestCouponList 32474
sNpcTranslationz 32503
cUpdateContentsPlaytime 32511
sCheckToDeclareGuildWar 32526
cSetSendParcelType 32528
cAdminRemoveCustomBookmark 32541
sPointStoreBasket 32552
sItemsynthesizerResult 32559
sCollectionPickstart 32560
sGuildPerkList 32583
sSetWorkobject 32625
sCombatlogStart 32662
cStartInstanceSkillEx 32705
cAnswerCodeHash 32712
sReturnToLobby 32714
sPreviewItem 32725
cRequestGuildLevelRanking 32736
sJoinPrivateChannel 32749
sNpcPartialDestruct 32767
sUpdateVmSettingWindow 32768
sVisitNewSection 32783
sCityWarNpcInfo 32822
cCancelRevive 32838
sItemCustomString 32845
cCollectionPickend 32852
sDespawnDarkRiftCloud 32853
sPlaytime 32865
sRequestIngamestoreSaleProductlist 32901
sViewInterPartyMatchBattlefieldList 32917
sBattleFieldUserLoadInfo 32921
sSpawnDarkRiftCloud 32923
cRejectContract 32926
sUserPaperdollInfo 32939
cPoliticsPointStoreBuyDelBasket 32977
cRequestResetEpperk 33013
cLeaveGroupDuel 33024
sChangeFriendProfile 33031
cRequestUserPaperdollInfoWithGameid 33065
cLoginWorld 33095
cUnregisterVmSellItem 33109
sSetSendParcelMoney 33113
cMeetBossInfo 33124
cInviteUserToGuild 33136
sRequestIngamestoreMarkProductlist 33177
sSendUserPlayTime 33195
sStartProduce 33210
sSpawnNpc 33220
sUnbindItemResult 33258
sReignInfo 33261
sChangeVoiceUseQac 33291
cAdminAddCustomBookmark 33296
sRequestSecondPasswordAuth 33327
sCancelReturnToLobby 33340
sOpenVmSettingWindow 33348
sAdminNotice 33407
cPayWarehouseCommision 33453
sSendQuestItemInfo 33466
sAdminHoldCharacter 33491
sBattleFieldStrongholdNoneState 33516
cPetIncubatorTakeall 33537
sPing 33542
cVehicleExArrowHit 33565
cUseCoupon 33584
sLordTaxSet 33588
sFixSpiritProgress 33618
sCheckChangeGuildname 33619
sPremiumComposeResult 33622
sSocialLearnResult 33639
sPartyLootingMethod 33661
sAnnounceUpdateNotification 33665
cDungeonRankRecordList 33716
sPartyMarker 33734
sCreatureRotate 33740
sCompleteVote 33759
sBroadcastClimbing 33773
cApplyGuild 33815
cAdminWarningMessage 33855
cAdminRequestDefaultBookmark 33868
cAdminGmSkill 33876
sLoginArbiter 33879
cBindItemBeginProgress 33885
sObtainTokenItem 33919
cRequestLearnGuildPerk 33929
cTradeBrokerDealConfirm 33958
sShowArtisanMenu 34036
sSpawnPet 34075
sBroadcastFloatingCastleNameplate 34182
sMaterialChange 34191
sInitKumasBossInfo 34221
cRequestBattleFieldChatBan 34229
sDungeonClear 34247
cSaveChatSetting 34355
sBoardItemList 34357
sDestroyGuildTower 34418
cSelectChannel 34421
sPlayerChangeEp 34473
sQuestInfo 34497
sActivateBattleFieldChatBan 34509
sBattleFieldMapAlarm 34518
sNpcPartBreakActive 34572
sAddCrystalCombineMaterial 34605
sRequestJoinGuildNotice 34607
sEnableCharmStatus 34619
sCreatePrivateChannel 34660
sDarkRiftDefenceObjectChangeHp 34666
sNeedWarehouseCommision 34674
sBossGagePriority 34700
sPremiumComposeDelItem 34791
cUpdateGuildFlag 34814
cRequestRightItemList 34821
cEndClimbing 34860
sSkillPeriod 34863
sDarkRiftProgressStepWorldNoti 34865
sChangeDestposProjectile 34885
cGachaCancel 34888
sShowItemTooltip 34890
sFixSpiritComplete 34905
cStartDriveAirship 34913
cPetUseOrb 34927
cDungeonWorkPointStoreBuyDelBasket 34951
cRollbackQuest 34959
sAbnormalityResist 34971
cTryLootDropitem 34995
sFinRoundPvpBattleField 35016
cBattleFieldBoardRequest 35022
cDecomposeRegisterItem 35027
cTradeBrokerRegisteredItemList 35045
cGetAoiInfo 35052
sPlayerStatUpdate 35053
sRemoveEffect 35133
cShowTradeLog 35157
sLearnEpPerk 35174
sBroadcastFloatingCastleInfo 35238
sEmitterSetZ 35300
sPartyLootingMethodVote 35308
cTradeBagDone 35309
sTradeBrokerHighestItemLevel 35384
cReplyTeleportWalkThrough 35388
sDarkRiftDestoryObject 35397
sGmeventEnterEvent 35423
sFreenamedStatus 35436
cRequestGuildWarTrackingInfo 35452
sBuyIngamestoreMoneyproduct 35477
sGachaStart 35487
sSystemMessageCustom 35497
cRequestRetVillageInfo 35515
cReplyThroughArbiterContract 35516
sSystemRewardMessage 35533
cSetVisibleRange 35561
cStartDecompose 35658
cBanPartyMember 35711
sDeleteAllProduct 35767
cDecomposeUnregisterItem 35799
sRequestGuildInfoBeforeApplyGuild 35810
sUserChangeName 35827
sSpawnDoor 35830
sTradeBrokerSoldItemList 35856
cServerTime 35901
sDespawnNpc 35946
cRequestDungeonWorkList 35972
cStartInstanceSkill 36005
sShowGuildQuestList 36028
sLoadHint 36035
cInvalidBuildVersion 36053
sNpcSituation 36057
cPetitionCancel 36062
cChangeGuildChief 36079
cEnterBattleField 36084
sCancelPartyMatchPool 36156
sUpdateGuildAnnounce 36170
sUserReport 36186
cGuildStoreBuyDelBasket 36216
sFacialAttachmentBroadcast 36244
sGmeventWriteEventboard 36285
cShowParcelMessage 36289
sPcbanginventoryDatalist 36290
sLordOpenRegisterWindow 36354
cDungeonSummonParty 36381
sDefaultAnimChange 36391
cAddFriend 36400
cPutIntoPrison 36424
cPetIncubatorGet 36426
cRequestPartyMatchLink 36433
sTradeBrokerInputPrice 36458
cGetEventDetail 36476
cPremiumSlotUseSlot 36477
sFixVehicleComplete 36481
cBuyIngamestoreTcatproduct 36490
cRemoveGuildgroup 36491
cChangeServantName 36501
sOpenCityWarSeasonHistory 36536
sUpdateAchievementProgress 36569
cNotifyLocationInAction 36581
sShowDeadCityWarUi 36582
cAskHancoinAmount 36622
sStartClientCustomSkill 36625
cRequestGuildWarTeleport 36670
cLordRegister 36675
sArenaResult 36677
sPromotionSuccess 36686
sNpcPartBlink 36688
sChangeFreeFightBattleFieldRanking 36738
sDialogEvent 36744
sTradeBrokerRegisteredItemList 36773
sPlayMovie 36818
cWriteBoard 36834
sPutIntoPrison 36857
cSaveClientUserSetting 36878
cHardwareInfo 36891
cTradeBrokerWaitingItemListSort 36910
sSystemMessage 36928
cReturnUserGift 36947
cSecondPasswordRegister 36987
sViewCombineBattleFieldRanking 37044
sOpenFloatingCastleStore 37095
sDungeonGuideOff 37119
sDarkRiftSpawnWorldNoti 37128
sResetCharmStatus 37141
cResetAllDungeon 37142
sSkillChaseEffectTarget 37177
sHancoinAmount 37241
cResetEpPerk 37246
sShowNpcToMap 37248
sPlayerChangeFlightEnergy 37270
cStartCustomizingPartsShape 37359
sArenaFightAbnormalityEnd 37393
sRestoreCustomizingPartsShape 37436
sCannonBattleFieldBoard 37451
sPetitionCancel 37452
cPlayerFlyingLocation 37478
sResultItemColoring 37487
sCancelQuestShare 37491
sTradeBrokerWaitingItemList 37523
sUnicastFloatingCastleNameplate 37529
cRidePegasus 37534
cGroupDuelBettingMoney 37546
cCheckNewGuildname 37675
sDespawnGambleBox 37684
cSaveClientAccountSetting 37703
sFinStrongholdOccupationBattleField 37712
sCollectionPickend 37821
cLordVoteCandidateList 37862
cLordChangeGreetings 37888
cDeclareGuildWar 37895
sRemoveGuildMember 37905
cGmeventMoveToStadium 37964
cCancelQuest 38002
sPartyMemberQuestData 38027
sCancelVoteResetAllDungeon 38049
sOpCommand 38071
sDespawnBuildObject 38085
sGambleBegin 38087
cEnchantBoosterDropItem 38097
sDarkRiftMainDefenceChangeHp 38108
sAbnormalityDamageAbsorb 38116
sShowDungeonRetryUi 38129
cExtractRegisterItem 38184
sPetitionChatEnd 38232
cRequestQuestBackupItem 38246
sRemoveCharmStatus 38288
sVoteDismissParty 38292
sGmeventOffGuideMessage 38335
sSurveyQuestion 38411
sListChannel 38418
sGroupNpcLocation 38472
sReleaseFromPrison 38503
cRequestEquipmentInheritance 38510
sResultLearnGuildPerk 38523
sPlayerChangeAllProf 38553
sCanCreateUser 38576
cChangeVmMode 38579
sRequestContract 38607
sDeleteFriend 38611
sBossGageStackInfo 38619
sAdminCustomBookmarkList 38636
sShowPartyMatchInfo 38698
sEmitter 38758
sResetSkill 38860
sViewGuildWar 38862
sDarkRiftRewardResult 38865
cRequestPartyMatchInfoPage 38879
sLeaveCityWar 38907
sDarkRiftAvailableQuestUserCount 38947
cNotifyLocationInDash 38969
sSkillLearnList 38987
sUserAppearanceChange 39000
sConfirmInviteCodeButton 39034
cSimpleTipRepeatCheck 39045
sKumasBattleFieldLootItem 39054
cMainMenuCommand 39060
sArenaFightAbnormalityBegin 39111
cRequestUsableCharacterName 39126
cEnchantBoosterStart 39148
sBattleFieldStartOccupation 39155
cAcceptGuildApply 39168
cChangeGuildname 39184
sResetGuildPerk 39230
sUnmountVehicleEx 39234
sAttendanceEventRewardCount 39259
cRequestRenewAllPartsItem 39274
cWhisper 39283
sLordCandidatePledge 39285
sUserAim 39305
sMinigameFail 39309
cTradeBrokerSoldItemList 39315
cPromotionCancel 39333
sItemExtract 39389
cItemsynthesizerRequestMaterial 39399
cRequestUserPaperdollInfo 39435
sAddInterPartyMatchPool 39448
sAdminCheckUsername 39496
sCrystalCombineResult 39535
cRequestRoundPveSkillList 39582
sCityWarSeasonHistroy 39614
sAbnormalityRefresh 39623
sCancelSelectChannel 39698
sGateAttackAlarm 39700
sSetSendParcelItem 39706
cStartVmSell 39714
cSetPos 39745
cAddItemToVmBuyBasket 39751
sRequestPrivateChannelInfo 39784
cRequestCancelGuildQuest 39788
sRequestCooltimeToJoinGuild 39847
sRemoveBlockedUser 39851
sSendParcelTax 39852
sTradeBagDone 39862
cChangeGroupDuelSetting 39863
cRequestAchievementList 39869
sInstantPull 39874
cGetWareItem 39898
cRequestCouponData 39923
cAddItemToVmSellBasket 39931
cEditPrivateChannel 39935
cDelFromTemperMaterial 39941
sRightItemList 39979
sResetAllProductMarkEvent 39990
sStoreBasket 40056
sIngameshopProductEnd 40059
sSendChangeReputationPoint 40062
cLoadTopoFin 40074
cDelTradeBag 40083
sUserSituation 40133
sPlayerChangeMp 40150
sViewInterPartyMatchDungoenList 40210
sEachSkillResult 40227
sDespawnShuttle 40255
cTradeBrokerWaitingItemListPage 40266
sGuildLevelInfoChanged 40319
sRoundPveSkillInvoke 40395
sUpdateFriendshipGage 40430
sPrivateChannelNotice 40450
sPetitionCheckSurveyable 40460
sGuildAnnounce 40467
cSocial 40479
cTradeBrokerHistoryItemListPage 40500
cPreviewItem 40514
sNotifyQuestRestart 40596
sUpdateFriendInfo 40604
sOpenChangeCharacterNamePopup 40748
sResultChangeFriendMemo 40756
sMountVehicle 40757
sFinSnowEventBattleField 40811
sUserLocationInAction 40824
cToggleGroupDuelReady 40852
sPutWareItem 40865
cAdminVanishPet 40897
sRequestGuildFlagImageData 40904
sAskBiddingRareItem 40910
cToggleTaskInfoWindow 40911
cGmeventLeaveEvent 40959
sSystemMessageLootSpecialItem 41009
cReleaseFromPrison 41027
sCheckUsername 41028
cChangeEquipPreset 41040
cUpdateSkillScript 41145
sCanDungeonRetry 41218
sPrepareIngameChangeUserAppearance 41242
cCheckToReadyPartyAnswer 41259
cAvailableEventMatchingList 41260
sPkReady 41286
sIngameshopCategoryBegin 41301
cRequestGuildFlagImageData 41346
sPartyMatchLink 41360
cCreatePrivateChannel 41403
sPlayTime 41422
sEndFixVehicle 41458
sDarkRiftJoinList 41477
cShowInven 41483
sMaterialParamChange 41485
cQueryCoin 41531
sDecreaseCooltimeSkill 41541
sAskInterPartyMake 41554
cAdminGmeventUserSummon 41555
cCancelDungeonRetry 41560
sLeaveGuild 41575
sResultChangeCharacterName 41595
sUseCoupon 41628
sBanPartyMember 41648
cAcceptGuildWar 41670
cCreateGroupDuel 41718
cOpenGuildWarWindow 41746
cSkillLearnList 41764
sUserItemlevelInfo 41772
sDeleteQuest 41805
sEndFixSpirit 41809
sFloatingCastlePartsStoreSellList 41880
sTradeBrokerCalcSoldItem 41892
sUpdateKumasBattleFieldTreasureInfo 41896
sReplySetGuildWantedWriting 41902
sQaSetAdminLevel 41923
sAskBanningPartyMember 41985
cCreateUser 41991
sAdminVipTest 41999
sSpawnMe 42006
sAddAwakenEnchantData 42014
sShowUserEpInfo 42027
cSuggestDarkRiftPartyMatching 42036
sGetUserGuildLogo 42037
cRequestNamePreemption 42043
sInitFreeFightBattleField 42098
cJoinPrivateChannel 42110
sSteerDebugCommand 42128
sEndLevelCompensation 42132
sReadyPull 42199
sArenaOptimization 42228
sDungeonUiHighlight 42259
cVoteHistory 42262
cUserAim 42263
sGroupDuelRecord 42318
cBanishGuildMember 42373
sInviteFriendCode 42407
sSpawnShuttle 42457
cRequestIngamestoreProductDetail 42471
sGuardPkPolicy 42474
cDeleteCoupon 42539
sReceiveTokenTargetItem 42550
sEnchantBoosterDropItem 42574
sDungeonRankSeasonList 42617
cPromotionInfo 42619
cItemColoringAddItem 42620
sVersionInfo 42632
sGetInShuttle 42646
sTutorialPlayFinished 42665
sLeaveParty 42682
sKumasBossBattleFieldResult 42707
cRequestCityWarMapInfo 42753
cBettingTry 42771
sRoundPveCloseSkillUi 42818
sTradeBrokerBoughtItemList 42907
cTradeBrokerHistoryItemListSort 42939
sReplyRetVillageInfo 42943
cTeleportDarkRift 42956
sRoundPveScore 42965
sClearAllHoldedAbnormality 42970
cBroadcastClimbing 42981
sNpcOccupierInfo 43005
sRewardnpcSpawnAlarm 43013
sIngameChangeUserAppearanceStart 43033
cAskInteractive 43054
sPkEnd 43067
sLordAchievementAccomplishedList 43074
cDespawnBuildObject 43158
sEnterCityWar 43168
sPetitionChatGmMessage 43171
cStartGuildSkill 43198
sLoadClientUserSetting 43204
sLeavePrivateChannel 43213
sCrestApply 43227
cShowItemTooltip 43305
sCheckToReadyParty 43328
sNotifyDisconnectByLevelLimit 43333
sWelcomePetOwner 43340
sResponsePong 43476
cRequestItemColoringValue 43489
sMinigameRankEndPoint 43529
sBonfireStatus 43588
sEndDarkriftUserHp 43601
cEndItemBidding 43619
sBattleFieldStrongholdState 43661
sLoadSkillScriptList 43667
cPetIncubatorPut 43669
cDungeonUiOpened 43690
cTradeBrokerUnregisterItem 43706
sGuildWareHistory 43707
sStartCooltimeItem 43714
cRequestRenameGuild 43752
sIngameshopProductTag 43778
sUpdateVmStatus 43807
cRequestArenaBettingInfo 43817
cPoliticsPointStoreBuyAddBasket 43879
sBattleFieldNpcKillEvent 43886
sChangeCharacter 43896
cCompleteDailyEvent 43901
cMoveInvenPos 43941
sChangeLootItemAmount 43952
sPartyMemberStatUpdate 43957
cExecuteTemper 44020
sTradeBox 44046
cPremiumComposeReset 44138
sDecompositionItemResult 44151
cEnterDungeon 44223
sTaxInfo 44273
sResponseGamestatPong 44304
sViewBattleFieldRankingServerList 44307
sDungeonChangeNpcAnim 44332
sCouponData 44366
sUpdatePartyMemberQuestData 44381
sStartFixSpirit 44418
sOpenGuildWarWindow 44424
sAddToTemperMaterialEx 44478
sLordRegisterInfo 44522
cRequestGuildWantedWritingListPage 44525
sAbnormalityBegin 44537
sAskCodeHash 44542
cBattleFieldReward 44573
sCombatlogUserInfo 44577
sPlayEffect 44581
sFriendGroupList 44630
cCanCreateUser 44656
sInitSerenGuide 44759
sInterestInfo 44824
cDialog 44843
cFloatingCastlePartsStoreCommit 44860
sCreatureLife 44933
cItemsynthesizerRequestStart 44998
sCannonBattleFieldResult 44999
sStartVmBuy 45009
sCityWarInfoHistroy 45028
sDarkRiftDespawnWorldNoti 45086
sGmeventOxRepeQuizOpen 45106
cOppositeDeclareGuildWar 45109
sVmBuyBasketInfo 45118
sListParcelEx 45172
sDespawnEventSeed 45178
sChangeUserNameResult 45212
sUpdateProduce 45265
cRequestStartGuildQuest 45280
cRequestGuildListPage 45298
cSkillLearnRequest 45310
sReplyNondbItemInfo 45320
sUpdateGuildMember 45341
cLeaveGuild 45367
sPointStoreSellList 45388
cGachaTry 45390
sInitStrongholdOccupationBattleField 45421
sPremiumComposeReset 45496
sVoteResetAllDungeon 45497
sPetitionCheckCreatable 45498
cDelInterPartyMatchPool 45519
sSendParcel 45549
sArenaStartFight 45561
cRequestVipSystemInfo 45596
sOngoingLevelEventList 45648
cPremiumComposeAddItem 45673
sStartFixVehicle 45676
sConfirmInviteCode 45678
cBattleFieldStartOccupation 45681
cLordVote 45697
sFinRoundPveRound 45722
sAddAwakenChangeData 45738
sChangeFriendState 45811
sCreateGuildResult 45836
cTeleportToVillage 45857
sResultMaterialAwaken 45899
sShowDeadUi 45921
sPlayerChangeUnionSkillCount 45933
sStrongholdOccupationBattleFieldStrongholdInfo 45951
cAdminRemoveNpc 45975
sVehicleExArrow 46023
cDeleteUser 46032
cTradeBagClose 46062
sContentsTimer 46074
sUpdateQuest 46106
cUnequipItem 46112
sLoadEpInfo 46114
sRequestNamePreemption 46135
sGuildTowerInfo 46140
cAdminRequestUserinfo 46192
sSetPos 46221
sDespawnCollection 46240
cNotimelineSkill 46251
cRequestUpdateAnnounce 46266
sPlayerChangeDrain 46273
sGachaCancel 46325
cPointStoreBuyAddBasket 46347
cChangeMode 46383
sGuildQuestList 46393
sLoadChatSetting 46413
cMedalStoreBuyDelBasket 46440
sCustomStyleSystemMessage 46469
cNpcguildList 46515
sPurchaseProd 46538
cEnchanterUse 46557
sNotifyActiveBuildTerritoryState 46588
sSocial 46592
cWithdrawGuildWar 46625
cShowStyle 46626
sVoteHistory 46628
cVehicleexLocation 46666
sDeleteGuildTowerMyGuild 46789
cFloatingCastlePartsStoreBuyAddBasket 46818
sTeleportToCamp 47011
sTradeAccept 47080
sSuccessStyleShopBuyReputationItem 47162
sInstantCatch 47187
cPlayerLocation 47269
cAdminChatBan 47368
sBattleFieldScore 47398
cCreateGuildgroup 47432
sStartCooltimeSkill 47482
sUpdateNpcguild 47488
sWaitingList 47500
sRemoveGuildGroup 47514
sCannotStartSkill 47518
cAddToTemperMaterialEx 47525
sDarkRiftQuestInfo 47529
sUpdateBiddingCount 47530
sTradeBrokerDealSuggested 47551
sNpcAiEvent 47606
cViewBattlefieldStore 47645
sKumasBattleFieldBoard 47654
cAddTradeBag 47691
sGambleResult 47852
sGetWareItem 47892
sHoldAbnormalityRemove 47912
cChangeFriendMemo 47920
cPetRepair 47921
sCancelPartyMemberBan 47934
cSettleUpSellVm 47946
cPutWareItem 47951
sAnswerInteractive 47977
cRequestBattleFieldPartyMarkerClear 47992
sGuildApplyCount 48009
sKumasBossBattleFieldBoard 48059
sGuildApplyList 48091
sUnicastTransformData 48130
sBuyVipStoreItemSuccess 48158
cRequestGamestatPing 48179
sResetEpPerk 48184
cDelCrystalCombineMaterial 48225
sPendingTransformData 48228
sCannonBattleFieldCrashDoor 48245
cTradeBrokerClose 48266
sPetitionChatBegin 48273
sDungeonCoolTimeList 48280
cViewGuildWar 48299
cLoginArbiter 48330
sInviteCodeExpireTime 48345
sAddBlockedUser 48355
sPremiumSlotOff 48369
cBuyVillagerBuff 48393
sDungeonRankEndPoint 48397
sUserEffect 48402
sBindItemEnd 48418
sAdminGmeventStatus 48432
sIngameshopProductData 48436
sFinRoundPveBattleField 48451
sAddNewEventMatchingQuest 48457
sBattleFieldUserAssistEvent 48549
cMakeItemDeprecated 48593
sBeginThroughArbiterContract 48658
sServantAbility 48667
cStartFixSpirit 48679
cGetUserGuildLogo 48699
sInitRoundPvpBattleField 48717
cTradeBrokerRejectSuggest 48724
cUpdateGuildTitle 48728
sByePet 48732
sTradeBrokerCalcNotify 48748
cViewInterPartyMatchBattlefieldList 48757
cPing 48783
cSecondPasswordAuth 48802
cSelectUser 48840
sDespawnUser 48850
sSpawnBuildObject 48855
cFloatingCastlePartsStoreBuyDelBasket 48866
cAdminGmeventOff 48892
cRequestBattleFieldPartyMarker 48898
sFindname 48939
sFinWorldOfTankBattleField 48948
sGmeventOxQuizResult 48972
sStartPegasus 49004
sStartGuildWar 49017
cStrEvaluateList 49030
sAdminGmSkill 49041
cAdminRequestUseraction 49097
sUpdateGuildQuestStatus 49181
sEnchantBoosterSuccess 49188
cDestroyGuild 49195
sAccomplishAchievement 49201
sIngameshopCategoryEnd 49245
sLoadAchievementList 49299
cTeleportToPos 49347
sTargetInfo 49348
sStrongholdOccupationBattleFieldBoard 49395
sDungeonRankMessage 49416
cCancelSelectChannel 49432
sDespawnBonfire 49472
sAvailableEventMatchingList 49512
cAdminRequestChatBan 49534
sCreateUser 49597
cAdminGmeventStatus 49635
cWatchedMovies 49657
sBonfireCharmBurned 49660
cRequestMyPartyMatchInfo 49674
sSimpleTipRepeatCheck 49846
sStartGuildQuest 49866
sVirtualLatency 49888
sStartDriveAirship 49908
sShowDarkriftUserHp 49923
sAdminGetDungeonUserList 49934
cDungeonWorkLeave 49940
cLordCandidateList 49966
cDungeonRankSeasonList 49984
sCheckToReadyPartyFin 49988
sStoreCommit 49992
sAdminGetUserinfoQuest 50012
sAdminGetUserinfoSkill 50014
cPremiumComposeTry 50044
sTradeBrokerSuggestDeal 50080
sResultChangeMyProfile 50084
sCancelPrepareChangeUserAppearance 50113
cSendParcel 50189
cRequestGuildWantedWritingList 50276
cCloseVm 50302
sSetItemString 50328
cUnregistCustomizingPartsShapeItem 50335
sMyDescription 50359
sFailCharmStatus 50375
sCommandHelp 50429
sUseRightItem 50484
sRejectContract 50507
sBonfireCharmAdded 50519
cGuildStoreBuyAddBasket 50548
cApplyParty 50583
sRequestCityWarMapInfo 50593
cInventoryAutoSort 50612
cEquipItemSet 50625
cMergePartyToRaid 50633
cRequestBuyVipStoreItem 50640
cRequestPerf 50707
sLootDropitem 50790
cClearSendParcel 50819
sChangePartyManager 50824
sLoadingScreenControlInfo 50848
sFriendList 50895
sSysPartyInfo 50919
sAnnounceMessage 50923
cGuardPkPolicy 50947
sSkillTargetingArea 50969
cCommitChangeUserAppearance 50996
sReturnUserRewardEnd 51010
sPetInfoClear 51126
sPkTag 51185
cRequestInviteGuildList 51199
cDistributorAnswer 51214
sAdminDefaultBookmarkList 51236
cPcbanginventoryUseSlot 51278
sBattleFieldPartyMarker 51380
cGroupDuelBetting 51401
cLordCalcTax 51413
sCompleteChronoscrollUse 51420
sSetVisible 51443
sBattleFieldChangeNpcHpEvent 51472
sAddFriend 51476
sAskTeleport 51510
cStartSkillByVehicleEx 51535
cRequestGuildListSort 51546
cPetUnequip 51592
sDuelEnd 51664
sCheckToRaiseGuildWar 51729
sCloseVmSettingWindow 51743
cPointStoreBuyDelBasket 51752
sPetitionCreate 51822
sDeleteNpcFromMap 51856
sSnowEventBattleFieldBoard 51857
cRequestFinishGuildQuest 51915
sPetIncubatorShow 51920
sCheckExtract 51931
cExtractUnregisterItem 51960
sPartyMemberCharmDel 51962
sDungeonGuideOn 51969
cAdminGmMapteleport 51983
cUseRightItem 52002
cStartFixVehicle 52011
cLordAchievementAccomplishedList 52039
cEndStyleShop 52042
sAdminPrivilege 52103
sDelInterPartyMatchPool 52132
cPetitionCheckCreatable 52223
cStoreBuyDelBasket 52249
cPremiumComposeDelItem 52269
sPoliticsPointStoreBasket 52286
cRequestContract 52311
sGuildMemberList 52331
sResultItemBidding 52342
cDungeonWorkPointStoreBuyAddBasket 52344
cAdminHoldCharacter 52362
mPong 52374
cCompleteQuest 52394
cVisitNewSection 52401
sUpdateProductMarkInfo 52418
cChangeCharacter 52435
sBettingInfo 52452
sRequestSecondPasswordRegister 52500
sDestroyGuild 52573
sReturnParcel 52611
sMyCondition 52625
cMergeItemExecute 52665
sSetAwesomiumWebUrl 52700
sPlayerVehicleExStatUpdate 52769
cRewriteItemString 52810
cPointStoreCommit 52873
sPremiumComposeUiInfo 52879
sTradeBrokerDealInfoUpdate 52907
cRequestRecvDailyToken 52916
sFinCannonBattleField 52931
cLoadEpInfo 52945
sCrestMessage 52947
sDungeonWorkEnter 52948
cRequestUpdateIntroduce 52956
cChangeChannelPassword 52971
cPartyMarker 52973
sCantFlyAnymore 52983
sNotifyGuildWarInfo 52995
sUserFlyingLocation 53051
cStartComboInstantSkill 53053
cCrestApplyList 53116
sBrocastGuildFlag 53127
sArtisanSkillList 53134
sSocialCancel 53176
sAbnormalityExtra 53194
cAdminKillNpc 53195
cMountVehicleEx 53204
sPrivateChat 53206
sUpdateVmSellbuyWindow 53223
sGetEventMatchingExtraReward 53235
sLoadDungeonSoundHint 53328
cAdminGetDungeonUserList 53330
cCancelPending 53350
cRequestGuildPerkList 53406
sStartClimbing 53456
cRequestTokenTargetItem 53460
cViewBattleFieldResult 53492
sEpSystemDailyEventExpOnOff 53503
cEndMovie 53560
cCheckUnidentifyItems 53586
sEnemyBattleFieldCommanderChanged 53592
cShowQuestInfoDialog 53594
cGuildApplyListPage 53619
cBlockUser 53627
sChangeGuildname 53672
sUnmountVehicle 53694
cFindname 53726
sNpcTargetUser 53830
cAwesomiumWebCounting 53845
sDungeonVehicleRepairable 53847
sSkillAttentionTarget 53859
cConfirmUpdateNotification 53913
sLoadTeleportToPosList 53947
sAttendanceCheck 53990
sStrEvaluateList 54047
sSecondPasswordRegisterResult 54050
cNotifySpiritLocationInAction 54082
sUnequipItem 54107
cCancelFixSpirit 54253
sGuildMoneyInfoChanged 54266
sRewriteItemString 54274
sDialogClose 54275
sNotifyToFriendsWalkIntoSameArea 54276
cRequestShareQuest 54309
sSpawnProjectile 54311
sOpenGuardInfoWindow 54375
cRequestImageData 54386
cReplyInterPartyMake 54440
sVipStoreItemList 54483
cLeaveParty 54536
cStartExtract 54553
sF2pPremiumuserPermission 54633
cRequestChangePartyMatchRule 54641
sDistributorData 54661
cPartyMatchWindowClosed 54680
sViewVmSettingWindow 54705
sMoveDistanceDelta 54757
sOpenRenameGuildPopup 54780
sFontSwapInfo 54790
sInviteCompensationGuide 54827
sPartyMemberCharmReset 54843
sPlayMagnetic 54845
sLoadTopo 54910
cUpdateGuildLogo 54939
sShowPegasusMap 54950
sCountdownGroupDuel 54994
sCollectionProgress 55031
cSurveyAnswer 55128
cRequestChangeCharacterName 55135
cAddTeleportToPosList 55165
sAddGuildGroup 55184
sEventInfo 55219
cRegistCustomizingPartsShapeItem 55225
cDialogEvent 55279
sShowPcbangIcon 55300
sDeleteAwakenEnchantData 55359
sVillagerBuffInfo 55370
sPetAttacked 55375
cCombatlogUserInfoReset 55380
sPlayerAutopilot 55425
cTradeBrokerInputPrice 55432
sModifyInterPartyMatchPool 55444
sPartyMemberAbnormalDel 55458
sPartyMemberInfo 55462
cPremiumComposeCancel 55496
cCancelReturnToLobby 55516
cTradeBrokerBoughtItemList 55535
sShowTradeItem 55538
cFacialAttachment 55726
sStoreSellList 55769
sSuccessCounter 55776
sExit 55807
cCheckToOppositeDeclareGuildWar 55813
sHitCombo 55902
cEndCustomizingPartsShape 55939
cRequestEnterVipDungeon 55952
sStartChatBan 55953
cRenameTeleportToPosList 55965
sCouponNotify 55970
cEnchantBoosterRegisterItem 55995
sDungeonJackpotEventStart 56042
cEnterTeleportterritory 56069
cShareUserPing 56087
sShortcutChange 56091
sCompletedMissionInfo 56092
sIngameshopCategoryData 56100
sLordCandidateList 56135
sCrestUpgradeInfo 56157
sSkillLearnResult 56168
sTransferKumasBattleFieldTreasure 56349
cHitUserProjectile 56351
sChangePartyMemberAuthority 56361
cCancelPrepareChangeUserAppearance 56362
sLoginAccountInfo 56420
sRequestWriteBoardResult 56456
cAdminLobby 56459
cAcceptContract 56462
cRegisterVmBuyItem 56538
sBattleFieldPartyMarkerClear 56573
sTemperResult 56638
sShowTradeLog 56644
sChangeEpExpDailyLimit 56659
sIngameshopProductBegin 56716
sSetItemBiddingFlag 56723
cCancelLockonTarget 56820
cCheckToReadyParty 56886
cUpdateFriendInfo 56900
cNotifyLocationInReaction 56915
cStartProduce 56981
sAdminGetUserinfoWarehouse 57005
sRoundStart 57074
sLogin 57091
sStartLevelCompensation 57095
cParcelReport 57109
sDungeonStatus 57119
sGmeventOxResurrectResult 57133
cNpcContact 57136
sGuildLog 57144
sAcceptContract 57150
cLordCandidatePledge 57195
sPkDeclare 57224
sPositionSwap 57260
cChangePartyManager 57268
cCurrentChannel 57270
sEndProductMarkInfo 57282
sDungeonCameraSet 57311
cPetitionCompleteConfirm 57312
cSimpleTipDontRepeat 57334
cChangeUserLobbySlotId 57389
cShowGuildQuestList 57434
sSyncPegasusTime 57488
sResultGroupDuelMsg 57499
sDarkRiftClearMapMarkerWorldNoti 57515
sViewPartyInvite 57541
cRequestPrivateChannelInfo 57577
sMainMenuCommand 57581
sAdminGetUserInfoListByDistance 57599
cCityWarSeasonHistroy 57640
sPrepareWorkobject 57678
cRemoveItemFromVmBuyBasket 57684
sGuildEmblem 57694
sInstantDash 57758
cCheckChangeGuildname 57796
sPromotionInfo 57847
sCreatureChangeHp 57863
cSetSendParcelItem 57865
cCheckEventMatchingListCheckbox 57895
cCancelDeleteUser 57932
sShowAwesomiumwebShop 57954
cRestoreCustomizingPartsShape 57963
cGetGuildHistory 57965
sArtisanRecipeList 57966
sDelTradeBag 57967
cChangeMyState 57968
sItemUnidentifyResult 57978
cStartCommanderSkill 57986
sProduceCritical 58043
cTelCamp 58090
cGetGuildWareHistory 58124
sDungeonWorkUpdate 58130
cUnregisterVmBuyItem 58149
sInstantThrow 58150
sDungeonTimer 58179
cDeleteFriendGroup 58206
sIsNotLord 58208
sUpdateGuildTowerInfo 58211
sAdminGetUserInfoByDbid 58214
cLeavePrivateChannel 58247
cViewWare 58254
cListParcel 58257
cIngameChangeUserAppearanceCancel 58287
cGuildStoreCommit 58293
sGuildPointInfoChanged 58305
cAdminCheckUsername 58377
sInitRoundPveBattleField 58388
cMoveSlotInGroupDuel 58416
sResultRenameGuild 58485
sLockonYou 58528
cRequestWriteBoard 58539
sInven 58554
sStartChatBanInfinity 58558
cLordChangePolicy 58598
cAddFriendGroup 58604
sSpawnBonfire 58607
cReturnToLobby 58630
sBattleFieldPointStoreBasket 58644
sGachaEnd 58656
sPartyMemberChangeMp 58694
sFailGuildQuest 58697
sOpenCrestWindow 58719
sDarkRiftDefenceObjectInit 58765
sPetInfoChange 58797
sAdminGetUserinfoPaperdoll 58799
cPartyLootingMethod 58830
sPoliticsPointStoreSellList 58835
sFinishGuildQuest 58853
sSelectUser 58889
cShowAwesomiumwebShop 58899
sChangeEpPoint 58994
sGetAttendanceReward 59027
sSelectEventMatching 59032
cAdminGmTeleport 59137
sLockonArrow 59157
sChangeGuildChief 59190
sExtractRegisteredItem 59198
sUnidentifyExecute 59265
cBuyIngamestoreMoneyproduct 59291
sCitywarWarningUnderattack 59332
sSpawnUser 59340
sHideHp 59368
sInitKumasBossBattleField 59385
sEventGuide 59390
sLordGuardInfo 59428
cAdmin 59476
sResultEventSeed 59507
sBattleFieldTeamMembersPosInfo 59520
cGambleStop 59537
sShowChangeCharacterUi 59540
sStickToUserStart 59562
cViewBattleFieldRankingServerList 59592
cDelFromAwaken 59630
sUpdateEventSeedState 59642
sDeleteCoupon 59690
sNpcScale 59713
sStartCommanderSkill 59723
sRequestFloatingCastlePartsCoolTime 59759
sPartyMemberCharmAdd 59791
sShowTemperWindow 59798
sGuildStoreBasket 59837
sDuelTag 59841
sKnockBack 59864
sBattleFieldEndOccupation 59867
sItemResetResult 59878
cApplyTitle 59881
cExtendParty 59904
sChatReport 59955
sEnableDisableSellableItemList 59992
sGetUserList 60032
sUpdateGuildGroup 60035
cDungeonClearCountList 60093
sMoveShuttle 60095
cCancelFixVehicle 60107
sBattleFieldResult 60111
cRequestDemolistGuildTowerPopup 60136
sFloatingCastlePartsStoreBasket 60237
sOpenEpperkResetPopup 60299
sRankMessage 60301
cBattleFieldMapAlarm 60361
sStartUserProjectile 60394
sBanishGuildMember 60436
cRequestLatestUpdateNotification 60464
cTradeBrokerBuyItNow 60555
cLearnEpPerk 60566
sCannotEquipSamekind 60647
cReplyTeleport 60660
sChangeNameString 60663
sNpcMenuSelect 60671
sEquipItemSet 60701
cCheckToDeclareGuildWar 60727
cDismissParty 60736
sItemDecompose 60739
sResultEquipmentInheritance 60746
sAdminDeleteQuest 60825
sCrestAskDisapplyAll 60849
cBattleFieldPointStoreCommit 60872
sConnectSkillArrow 60949
sPetitionInfo 61035
sGroupDuelFin 61077
cPlayTime 61137
sVillagerPopupDialog 61142
sChapterhouseQuestList 61219
sRoundResult 61226
sAbnormalityScaleUp 61270
sRequestDemolistGuildTowerPopup 61350
sRequestIngamestoreProductDetail 61367
sStopVm 61424
sPremiumComposeAddItem 61534
cEditBlockedUserMemo 61539
cCollectionPickstart 61550
sBattleFieldAddScore 61707
sPartyMemberAbnormalClear 61738
sCancelExit 61760
cRejectInviteUserToGuild 61783
sRoundPveOpenSkillUi 61785
sSendChangeReputationExp 61792
cRequestDiceThrow 61799
sAdminWarningMessage 61899
sLeavePartyMember 61961
cAdminGmeventUserKick 61967
cStartSkill 62033
sStartVmSell 62086
sCompleteLoopQuest 62109
sRequestJoinedChannelList 62115
sSetNewTeraUser 62134
sRequestCityWarMapInfoDetail 62169
cToggleGroupDuelSlot 62183
cAddCrystalCombineMaterial 62201
sArenaEndFight 62215
sSpawnRemoteProjectile 62223
sAskQuestShare 62247
sMergePartyToRaid 62250
cCloseSendParcel 62253
sEndPegasus 62266
cPetEquip 62336
sSpawnDropitem 62372
cViewInterPartyMatchDungeonList 62409
sRoundPvpBattleFieldResult 62410
sDungeonWorkResult 62439
cBattleFieldPointStoreBuyAddBasket 62474
cCheckExtract 62511
cGuildApplyList 62624
sUserLocation 62699
cExpandInvenSize 62724
sBattleFieldUserKillEvent 62754
cRequestTotalGuildWarData 62801
sGambleChangeBetItem 62816
cRemoveColoringPotion 62893
cStoreCommit 62901
sImageData 62908
sDelCrystalCombineMaterial 63029
sCannonBattleFieldStrongholdInfo 63059
sGuardtowerAttackAlarm 63114
sOpenAwesomiumWebUrl 63193
cEditFriendGroup 63210
sUpdateKumasBossPos 63240
sTokenPointStatus 63270
cReceivePcbangStyleShopItems 63275
sEnchantBoosterStatus 63281
sPlaytimeEventEnd 63291
sEndGuildWar 63307
sRoundPveBattleFieldResult 63356
sPartyMemberCharmEnable 63375
cTradeBrokerDealPriceUpdate 63464
sRoundPvpBattleFieldBoard 63472
sDeleteParcel 63473
sSetKumasBattleFieldTreasureScore 63491
cTradeBrokerHighestItemLevel 63516
sDespawnProjectile 63523
cChangeUserName 63535
sDecomposeRegisteredItem 63567
sCanLockonTarget 63576
sCancelDeleteUser 63588
cPressSkill 63635
sPetitionForceCreate 63642
sBattleFieldJackpotEventStart 63661
sGmeventEndEvent 63691
sGetAoiInfo 63738
sInitSnowEventBattleField 63758
cLordGuardInfo 63761
cGambleGo 63766
sCompleteQuest 63795
sChangeRelation 63797
sGrantSkill 63821
sPostProcess 63837
sCityWarNpcKill 63860
mPdhData 63891
sDarkRiftAllDespawnWorldNoti 63892
sPartyInfo 63898
cCrestApply 63941
cCancelTemper 63954
cIngameChangeUserAppearanceTry 64005
cAdminRequestCustomBookmark 64031
sGmeventGuideMessage 64045
sSpawnWorkobject 64053
sMinigameStart 64057
sOpenGuildFlagWindow 64074
cCancelExit 64101
sEndChangeUserAppearance 64117
sItemIdentifyResult 64122
sMute 64165
sCurrentElectionState 64251
cSetGuildJoinCondition 64273
cBattleFieldPointStoreBuyDelBasket 64278
cDeleteFriend 64279
sDungeonSummonParty 64388
sShowParcelMessage 64391
sClientCommand 64404
cTradeBrokerCalcSoldItem 64407
sNotifyBattleFieldChatBan 64416
cAdminGmeventOxQuizNextQuiz 64431
sCancelPartyLootingMethodVote 64496
sChangeServantEnergy 64542
sShareUserPing 64591
sGroupDuelCurrentBettingItem 64619
cReignInfo 64662
sSocialForget 64665
cReplyTeleportNearTown 64673
sNamePreemptionEventInfo 64687
sUpdateContentsOnOff 64712
sPetDurabilityChange 64719
sGmeventOxQuizOpen 64725
sDeleteAwakenChangeData 64732
sApplyTitle 64744
sPkPoint 64773
cRequestUsableGuildName 64787
sPlaySoundByname 64789
cEquipItem 64796
sShowCandidateList 64801
sPartyMemberChangeHp 64804
cAdminCheckUsernameWithGameid 64831
sTotalGuildWarData 64924
cRecvParcel 64929
sGmeventJoinUserStatus 64930
sBattleFieldEntranceInfo 64942
cConfirmInviteCode 64948
sSwitchInfo 64954
sDebugRemoteProjectilePos 64971
cRequestGuildList 64976
sInitKumasBattleField 65017
cRequestGuildMemberList 65061
cBindItemCancel 65062
sReturnUser 65112
cRequestMegaphone 65146
sRequestUpdateCustomUserCustomizing 65179
sNpcChangeMesh 65194
cMakeMoneyDeprecated 65264
cRequestVipStoreItemList 65275
sInstantMove 65280
sReplyInviteGuildList 65379
sEndDriveAirship 65416
sBattleFieldState 65449
sPremiumComposeStart 65453
sAddCharmStatus 65486
sTimeoverContract 65488
cUnidentifyExecute 65524
cRandomPassiveLock 65533
