C_CHECK_VERSION 19900
S_CHECK_VERSION 19901
C_START_INSTANCE_SKILL 20573
C_CHAT 20788
S_AVAILABLE_EVENT_MATCHING_LIST 22425
C_CREST_APPLY 22967
S_REMAIN_PLAY_TIME 23489
C_CREST_APPLY_LIST 23991
S_NPC_STATUS 25601
S_SPAWN_NPC 26049
S_EACH_SKILL_RESULT 26176
S_START_COOLTIME_SKILL 27218
C_LOGIN_ARBITER 27318
C_START_INSTANCE_SKILL_EX 27948
S_LOAD_TOPO 28218
S_CREST_APPLY 28305
S_CHECK_USERNAME 28768
C_CAN_LOCKON_TARGET 29289
S_ABNORMALITY_END 30346
S_SPAWN_ME 30834
S_PING 31115
S_CAN_LOCKON_TARGET 31121
S_USER_STATUS 31216
S_UPDATE_CONTENTS_ON_OFF 31617
C_NOTIFY_LOCATION_IN_ACTION 32341
C_CHECK_USERNAME 33237
S_BOSS_GAGE_INFO 33352
C_CAN_CREATE_USER 33680
S_LOADING_SCREEN_CONTROL_INFO 34964
C_PONG 35827
S_DECREASE_COOLTIME_SKILL 36181
S_SYSTEM_MESSAGE 36544
S_PLAYER_STAT_UPDATE 37912
S_RESPONSE_GAMESTAT_PONG 38649
S_CAN_CREATE_USER 38691
S_WEAK_POINT 39632
S_PLAYER_CHANGE_STAMINA 40189
S_DESPAWN_NPC 40333
C_SELECT_USER 41933
C_NOTIMELINE_SKILL 45108
S_START_COOLTIME_ITEM 47568
S_ACCOUNT_PACKAGE_LIST 47784
C_PRESS_SKILL 47818
S_ACTION_STAGE 49716
S_ACTION_END 50192
S_CANNOT_START_SKILL 50251
S_PLAYER_CHANGE_MP 50379
S_INSTANT_MOVE 50522
S_CREATURE_CHANGE_HP 52282
S_GET_USER_LIST 52818
C_GET_USER_LIST 53494
C_START_COMBO_INSTANT_SKILL 53499
S_LOGIN_ARBITER 54251
S_JOIN_PRIVATE_CHANNEL 54799
S_ABNORMALITY_REFRESH 55269
C_PLAYER_LOCATION 55377
S_PARTY_MATCH_LINK 55553
C_SET_VISIBLE_RANGE 55594
S_LOAD_CLIENT_ACCOUNT_SETTING 55890
S_DEFEND_SUCCESS 56438
S_SELECT_USER 57646
S_CONFIRM_INVITE_CODE_BUTTON 58041
S_INSTANT_DASH 58352
C_START_SKILL 59067
S_LOGIN 60666
S_ABNORMALITY_BEGIN 60847
C_REQUEST_GAMESTAT_PING 60888
S_CREST_INFO 61130
C_START_TARGETED_SKILL 61254
S_LOGIN_ACCOUNT_INFO 62533
S_CHAT 63002
C_CANCEL_SKILL 63857
S_INVEN 64594
S_PRIVATE_CHAT 65233