# REGION: RU
C_CHAT = 22971
C_GET_USER_GUILD_LOGO = 41587
C_GET_USER_LIST = 43286
C_LOGIN_ARBITER = 58006
C_MEET_BOSS_INFO = 58066
C_PLAYER_LOCATION = 49847
C_REQUEST_BOSS_GAGE_INFO = 44033
C_SELECT_USER = 59227
C_SET_VISIBLE_RANGE = 37394
C_START_SKILL = 41305
S_ABNORMALITY_BEGIN = 25497
S_ABNORMALITY_END = 30362
S_ACCOUNT_PACKAGE_LIST = 45669
S_ACTION_END = 29465
S_ACTION_STAGE = 54454
S_BOSS_GAGE_INFO = 51259
S_BOSS_GAGE_STACK_INFO = 38782
S_BROCAST_GUILD_FLAG = 51809
S_CHAT = 37392
S_CONFIRM_INVITE_CODE_BUTTON = 46587
S_DAILY_QUEST_COMPLETE_COUNT = 23682
S_EACH_SKILL_RESULT = 22799
S_EVENT_QUEST_SUMMARY = 45191
S_INVEN = 22121
S_LOADING_SCREEN_CONTROL_INFO = 53295
S_LOAD_TOPO = 54850 
S_LOGIN_ACCOUNT_INFO = 57657
S_LOGIN_ARBITER = 62357
S_NPC_AI_EVENT = 27184
S_NPC_STATUS = 34660
S_NPC_TARGET_USER = 39166
S_PLAYER_CHANGE_MP = 33259
S_QUEST_INFO = 34246
S_REMAIN_PLAY_TIME = 36259
S_SELECT_USER = 25937
S_SPAWN_DROPITEM = 53286
S_START_COOLTIME_ITEM = 35010
S_START_COOLTIME_SKILL = 39798
S_SWITCH_INFO = 30188
S_UPDATE_CONTENTS_ON_OFF = 56541