C_CHAT = 30753
C_CHECK_VERSION = 19900
C_CREST_APPLY = 39989
C_GET_USER_GUILD_LOGO = 38008
C_GET_USER_LIST = 47497
C_LIST_CHANNEL = 20859
C_LOGIN_ARBITER = 36062
C_PLAYER_LOCATION = 27083
C_PRESS_SKILL = 33987
C_REQUEST_GAMESTAT_PING = 51483
C_REQUEST_IMAGE_DATA = 25927
C_SELECT_USER = 33464
C_SET_VISIBLE_RANGE = 39065
C_START_COMBO_INSTANT_SKILL = 56761
C_START_SKILL = 49534
C_START_TARGETED_SKILL = 41602
S_ACCOUNT_BENEFIT_LIST = 22422
S_ACCOUNT_PACKAGE_LIST = 55155
S_ACTION_END = 43260
S_ACTION_STAGE = 42839
S_BATTLE_FIELD_SEASON_RANKER = 29748
S_BROCAST_GUILD_FLAG = 47267
S_CHANGE_RELATION = 36857
S_CHAT = 45545
S_CHECK_VERSION = 19901
S_CONFIRM_INVITE_CODE_BUTTON = 55429
S_CREST_APPLY = 64479
S_CREST_INFO = 43550
S_CURRENT_CHANNEL = 31825
S_DESPAWN_USER = 58161
S_EACH_SKILL_RESULT = 61344
S_F2P_PremiumUser_Permission = 62084
S_GET_USER_GUILD_LOGO = 55136
S_GET_USER_LIST = 45228
S_HIDE_HP = 52925
S_IMAGE_DATA = 61149
S_INSTANT_DASH = 34662
S_INSTANT_MOVE = 29911
S_INVEN = 59083
S_LIST_CHANNEL = 25324
S_LOADING_SCREEN_CONTROL_INFO = 22871
S_LOAD_CLIENT_ACCOUNT_SETTING = 49258
S_LOAD_CLIENT_USER_SETTING = 31004
S_LOAD_TOPO = 45365
S_LOGIN = 48770
S_LOGIN_ACCOUNT_INFO = 39401
S_LOGIN_ARBITER = 54100
S_MY_DESCRIPTION = 23568
S_PARCEL_READ_RECV_STATUS = 64263
S_REMAIN_PLAY_TIME = 59500
S_RESPONSE_GAMESTAT_PONG = 23373
S_RETURN_TO_LOBBY = 54469
S_SELECT_USER = 30548
S_SHOW_NPC_TO_MAP = 34614
S_SKILL_LIST = 46539
S_SOCIAL = 62796
S_SPAWN_ME = 39585
S_SPAWN_NPC = 32917
S_SPAWN_USER = 58031
S_SYSTEM_MESSAGE = 23029
S_TRADE_BROKER_CALC_NOTIFY = 26916
S_UPDATE_CONTENTS_ON_OFF = 55795
S_USER_LOCATION = 57168