# Region: EU
C_ADD_INTER_PARTY_MATCH_POOL = 30452
C_ADD_TELEPORT_TO_POS_LIST = 28815
C_CANCEL_CONTRACT = 51497
C_CANCEL_SKILL = 28943
C_CAN_LOCKON_TARGET = 25946
C_CHAT = 47603
C_CHECK_EVENT_MATCHING_LIST_CHECKBOX = 34470
C_CHECK_VERSION = 19900
C_CLOSE_PARCEL = 26197
C_COMPLETE_DAILY_EVENT = 56403
C_COMPLETE_EXTRA_EVENT = 40945
C_CREST_APPLY = 54338
C_DELETE_PARCEL = 43113
C_DELETE_TELEPORT_TO_POS_LIST = 47027
C_DIALOG = 54115
C_DIALOG_EVENT = 25700
C_DUNGEON_WORK_ENTER = 51000
C_DUNGEON_WORK_LEAVE = 63840
C_END_MOVIE = 26331
C_ENTER_DUNGEON = 40583
C_EXIT = 65488
C_GET_GUILD_WARE_HISTORY = 46741
C_GET_USER_GUILD_LOGO = 29262
C_GET_USER_LIST = 65286
C_HARDWARE_INFO = 49670
C_ITEM_COLORING_SET_COLOR = 47330
C_LIST_CHANNEL = 46955
C_LIST_PARCEL = 29664
C_LOAD_TOPO_FIN = 44832
C_LOGIN_ARBITER = 53910
C_NOTIFY_LOCATION_IN_ACTION = 59176
C_NPC_CONTACT = 48321
C_PCBANGINVENTORY_USE_SLOT = 36606
C_PLAYER_FLYING_LOCATION = 44153
C_PLAYER_LOCATION = 31542
C_PONG = 34210
C_PRESS_SKILL = 63429
C_RECV_PARCEL = 33642
C_REQUEST_CONTRACT = 31231
C_REQUEST_FINISH_GUILD_QUEST = 38272
C_REQUEST_GAMESTAT_PING = 35985
C_REQUEST_GUILD_INFO = 42265
C_REQUEST_IMAGE_DATA = 31316
C_REQUEST_NONDB_ITEM_INFO = 61899
C_REQUEST_START_GUILD_QUEST = 23348
C_RESET_ALL_DUNGEON = 56305
C_RETURN_TO_LOBBY = 43661
C_SAVE_CLIENT_ACCOUNT_SETTING = 39376
C_SELECT_USER = 56640
C_SEND_PARCEL = 30209
C_SET_GUILD_ANNOUNCE_MESSAGE = 65344
C_SET_SEND_PARCEL_TYPE = 57993
C_SET_VISIBLE_RANGE = 59838
C_SHOW_INVEN = 64468
C_SHOW_PARCEL_MESSAGE = 54125
C_SOCIAL = 57932
C_START_COMBO_INSTANT_SKILL = 59812
C_START_INSTANCE_SKILL = 22813
C_START_INSTANCE_SKILL_EX = 35866
C_START_SKILL = 58961
C_START_TARGETED_SKILL = 54821
C_STORE_COMMIT = 62244
C_STORE_SELL_ADD_BASKET = 30038
C_TELEPORT_TO_POS = 40591
C_TELEPORT_TO_VILLAGE = 47185
C_TRY_LOOT_DROPITEM = 50858
C_USE_ITEM = 48869
C_WHISPER = 43513
S_ABNORMALITY_BEGIN = 47208
S_ABNORMALITY_END = 51349
S_ABNORMALITY_REFRESH = 59350
S_ACCEPT_CONTRACT = 28650
S_ACCOUNT_BENEFIT_LIST = 28728
S_ACCOUNT_PACKAGE_LIST = 37209
S_ACTION_END = 43583
S_ACTION_STAGE = 61405
S_ADMIN_HOLD_CHARACTER = 63854
S_APPLY_TITLE = 43803
S_BATTLE_FIELD_ENTRANCE_INFO = 59832
S_BOSS_GAGE_INFO = 57264
S_BROCAST_GUILD_FLAG = 25973
S_CANCEL_CONTRACT = 44312
S_CANNOT_START_SKILL = 28471
S_CANT_FLY_ANYMORE = 52929
S_CAN_LOCKON_TARGET = 30768
S_CHANGE_RELATION = 47701
S_CHAT = 22401
S_CHECK_VERSION = 19901
S_COMPLETE_EVENT_MATCHING_QUEST = 26430
S_CONFIRM_INVITE_CODE_BUTTON = 43385
S_CREATURE_CHANGE_HP = 23282
S_CREATURE_LIFE = 25986
S_CREATURE_ROTATE = 54483
S_CREST_APPLY = 41938
S_CREST_INFO = 34445
S_CURRENT_CHANNEL = 57745
S_DEAD_LOCATION = 46616
S_DEFEND_SUCCESS = 40730
S_DELETE_PARCEL = 43525
S_DESPAWN_DROPITEM = 30904
S_DESPAWN_USER = 56985
S_DUNGEON_CAMERA_SET = 62475
S_DUNGEON_COOL_TIME_LIST = 27727
S_DUNGEON_EVENT_MESSAGE = 61662
S_EACH_SKILL_RESULT = 44591
S_EXIT = 41538
S_F2P_PremiumUser_Permission = 37837
S_FIN_INTER_PARTY_MATCH = 46766
S_GET_USER_GUILD_LOGO = 29242
S_GET_USER_LIST = 39737
S_GUILD_ANNOUNCE = 50334
S_GUILD_APPLY_LIST = 62352
S_GUILD_HISTORY = 60144
S_GUILD_INFO = 28089
S_GUILD_MEMBER_LIST = 46007
S_GUILD_QUEST_LIST = 25544
S_GUILD_WARE_HISTORY = 21116
S_HIDE_HP = 36631
S_IMAGE_DATA = 50836
S_INSTANT_DASH = 21565
S_INSTANT_MOVE = 57465
S_INVEN = 37723
S_ITEM_COLORING_BAG = 37714
S_JOIN_PRIVATE_CHANNEL = 60607
S_LEAVE_PARTY = 58569
S_LEAVE_PARTY_MEMBER = 29534
S_LIST_CHANNEL = 48339
S_LIST_PARCEL_EX = 43471
S_LOADING_SCREEN_CONTROL_INFO = 50132
S_LOAD_CLIENT_ACCOUNT_SETTING = 29142
S_LOAD_CLIENT_USER_SETTING = 53626
S_LOAD_TELEPORT_TO_POS_LIST = 44895
S_LOAD_TOPO = 45760
S_LOGIN = 24145
S_LOGIN_ACCOUNT_INFO = 42261
S_LOGIN_ARBITER = 55215
S_LOGOUT_PARTY_MEMBER = 22205
S_MOUNT_VEHICLE = 58717
S_MOUNT_VEHICLE_EX = 34375
S_MY_DESCRIPTION = 46220
S_NPC_LOCATION = 38301
S_NPC_MENU_SELECT = 29815
S_PARCEL_READ_RECV_STATUS = 63328
S_PARTY_MATCH_LINK = 64063
S_PARTY_MEMBER_CHANGE_HP = 61229
S_PARTY_MEMBER_INFO = 29266
S_PARTY_MEMBER_LIST = 32753
S_PARTY_MEMBER_STAT_UPDATE = 43589
S_PCBANGINVENTORY_DATALIST = 30862
S_PING = 45630
S_PLAYER_CHANGE_FLIGHT_ENERGY = 30908
S_PLAYER_CHANGE_MP = 51372
S_PLAYER_CHANGE_STAMINA = 29897
S_PLAYER_STAT_UPDATE = 24414
S_PLAY_MOVIE = 44582
S_PREPARE_EXIT = 59969
S_PREPARE_RETURN_TO_LOBBY = 59371
S_PRIVATE_CHAT = 53402
S_RECV_PARCEL = 23078
S_REJECT_CONTRACT = 42156
S_REMAIN_PLAY_TIME = 29093
S_REPLY_NONDB_ITEM_INFO = 61027
S_REPLY_REQUEST_CONTRACT = 20337
S_REQUEST_CONTRACT = 30952
S_REQUEST_INGAMESTORE_MARK_PRODUCTLIST = 29354
S_RESPONSE_GAMESTAT_PONG = 56028
S_RETURN_TO_LOBBY = 64373
S_SELECT_USER = 56596
S_SHOW_NPC_TO_MAP = 43774
S_SHOW_PARCEL_MESSAGE = 50667
S_SKILL_LIST = 37113
S_SOCIAL = 23037
S_SPAWN_DROPITEM = 63058
S_SPAWN_ME = 21253
S_SPAWN_NPC = 47086
S_SPAWN_PROJECTILE = 28326
S_SPAWN_USER = 44439
S_START_COOLTIME_ITEM = 26247
S_START_COOLTIME_SKILL = 31523
S_START_USER_PROJECTILE = 26034
S_STORE_SELL_LIST = 63757
S_SYSTEM_MESSAGE = 49723
S_TRADE_BROKER_CALC_NOTIFY = 33300
S_TRADE_BROKER_DEAL_INFO_UPDATE = 47865
S_TRADE_BROKER_DEAL_SUGGESTED = 33313
S_TRADE_BROKER_REQUEST_DEAL_RESULT = 32809
S_UNICAST_TRANSFORM_DATA = 47565
S_UNMOUNT_VEHICLE = 60052
S_UPDATE_CONTENTS_ON_OFF = 61428
S_UPDATE_GUILD_MEMBER = 22569
S_UPDATE_GUILD_QUEST_STATUS = 54800
S_USER_EXTERNAL_CHANGE = 58810
S_USER_LOCATION = 28854
S_USER_STATUS = 57187
S_VILLAGE_LIST_TO_TELEPORT = 39367
S_WHISPER = 32793
